     VMA      LMA     Size Align Out     In      Symbol
       0        0        0     1 _mozak_merkle_state_root = 0x01000000
       0        0        0     1 _mozak_merkle_state_root_capacity = 0x00000100
       0        0        0     1 _mozak_timestamp = 0x01000100
       0        0        0     1 _mozak_timestamp_capacity = 0x00000008
       0        0        0     1 _mozak_empty_space = 0x01000108
       0        0        0     1 _mozak_empty_space_capacity = 0x0EFFFEF8
       0        0        0     1 _mozak_public_io_tape = 0x10000000
       0        0        0     1 _mozak_public_io_tape_capacity = 0x10000000
       0        0        0     1 _mozak_private_io_tape = 0x20000000
       0        0        0     1 _mozak_private_io_tape_capacity = 0x20000000
40000000 40000000       28     4 .bss
40000000 40000000        c     4         /Users/user/Source/mozak/mozak-vm/examples/target/riscv32im-mozak-zkvm-elf/release/deps/stdin-285e8814ef7d8bc6.stdin.675c3df60f10ce83-cgu.0.rcgu.o:(.bss._ZN5guest3env12OUTPUT_BYTES17haa4477927439a522E)
40000000 40000000        c     1                 guest::env::OUTPUT_BYTES::haa4477927439a522
4000000c 4000000c       1c     4         /Users/user/Source/mozak/mozak-vm/examples/target/riscv32im-mozak-zkvm-elf/release/deps/stdin-285e8814ef7d8bc6.stdin.675c3df60f10ce83-cgu.0.rcgu.o:(.bss._ZN3std2io5stdio5stdin8INSTANCE17h3f034aec80b82b0eE)
4000000c 4000000c       1c     1                 std::io::stdio::stdin::INSTANCE::h3f034aec80b82b0e
40000028 40000028        0     1 _bss_start = ADDR ( .bss )
40000028 40000028        0     1 _bss_load_start = LOADADDR ( .bss )
40000028 40000028        0     1 _bss_end = _bss_start + SIZEOF ( .bss )
40000028 40000028        c     4 .sbss
40000028 40000028        c     4         /Users/user/Source/mozak/mozak-vm/examples/target/riscv32im-mozak-zkvm-elf/release/deps/stdin-285e8814ef7d8bc6.stdin.675c3df60f10ce83-cgu.0.rcgu.o:(.sbss)
40000028 40000028        4     1                 guest::alloc::alloc_aligned::HEAP_POS::h4dc82d1877e4d899 (.0)
4000002c 4000002c        1     1                 __rust_no_alloc_shim_is_unstable
40000030 40000030        4     1                 std::panicking::panic_count::GLOBAL_PANIC_COUNT::hda44d860a26b8083 (.0)
40000034 40000034        8     4 .sdata
40000034 40000034        8     4         /Users/user/Source/mozak/mozak-vm/examples/target/riscv32im-mozak-zkvm-elf/release/deps/stdin-285e8814ef7d8bc6.stdin.675c3df60f10ce83-cgu.0.rcgu.o:(.sdata)
40000034 40000034        8     1                 std::panicking::panic_count::LOCAL_PANIC_COUNT::__getit::__KEY::h88649f1c9af57e8b
4000003c 4000003c        0     1 .data
4000003c 4000003c        0     1 _data_start = ADDR ( .data )
4000003c 4000003c        0     1 _data_load_start = LOADADDR ( .data )
4000003c 4000003c        0     1 _data_end = _data_start + SIZEOF ( .data )
4000003c 4000003c        0     1 _mozak_heap_start = _data_end
4000003c 4000003c        0     1 _mozak_stack_top = 0xFFFFFFFF
b0000000 b0000000        0     1 .text
b0000000 b0000000        0     1 _text_start = ADDR ( .text )
b0000000 b0000000        0     1 _text_end = _text_start + SIZEOF ( .text )
b0000000 b0000000     1148     4 .rodata
b0000000 b0000000       10     4         /Users/user/Source/mozak/mozak-vm/examples/target/riscv32im-mozak-zkvm-elf/release/deps/stdin-285e8814ef7d8bc6.stdin.675c3df60f10ce83-cgu.0.rcgu.o:(.rodata..Lanon.fad58de7366495db4650cfefac2fcd61.11)
b0000000 b0000000       10     1                 .Lanon.fad58de7366495db4650cfefac2fcd61.11
b0000010 b0000010       13     1         /Users/user/Source/mozak/mozak-vm/examples/target/riscv32im-mozak-zkvm-elf/release/deps/stdin-285e8814ef7d8bc6.stdin.675c3df60f10ce83-cgu.0.rcgu.o:(.rodata..Lanon.fad58de7366495db4650cfefac2fcd61.13)
b0000010 b0000010       13     1                 .Lanon.fad58de7366495db4650cfefac2fcd61.13
b0000023 b0000023       12     1         /Users/user/Source/mozak/mozak-vm/examples/target/riscv32im-mozak-zkvm-elf/release/deps/stdin-285e8814ef7d8bc6.stdin.675c3df60f10ce83-cgu.0.rcgu.o:(.rodata..Lanon.fad58de7366495db4650cfefac2fcd61.14)
b0000023 b0000023       12     1                 .Lanon.fad58de7366495db4650cfefac2fcd61.14
b0000035 b0000035       18     1         /Users/user/Source/mozak/mozak-vm/examples/target/riscv32im-mozak-zkvm-elf/release/deps/stdin-285e8814ef7d8bc6.stdin.675c3df60f10ce83-cgu.0.rcgu.o:(.rodata..Lanon.fad58de7366495db4650cfefac2fcd61.15)
b0000035 b0000035       18     1                 .Lanon.fad58de7366495db4650cfefac2fcd61.15
b000004d b000004d       18     1         /Users/user/Source/mozak/mozak-vm/examples/target/riscv32im-mozak-zkvm-elf/release/deps/stdin-285e8814ef7d8bc6.stdin.675c3df60f10ce83-cgu.0.rcgu.o:(.rodata..Lanon.fad58de7366495db4650cfefac2fcd61.16)
b000004d b000004d       18     1                 .Lanon.fad58de7366495db4650cfefac2fcd61.16
b0000065 b0000065       11     1         /Users/user/Source/mozak/mozak-vm/examples/target/riscv32im-mozak-zkvm-elf/release/deps/stdin-285e8814ef7d8bc6.stdin.675c3df60f10ce83-cgu.0.rcgu.o:(.rodata..Lanon.d43ffa35890f512ff297a351d3458c98.12)
b0000065 b0000065       11     1                 .Lanon.d43ffa35890f512ff297a351d3458c98.12
b0000078 b0000078        8     4         /Users/user/Source/mozak/mozak-vm/examples/target/riscv32im-mozak-zkvm-elf/release/deps/stdin-285e8814ef7d8bc6.stdin.675c3df60f10ce83-cgu.0.rcgu.o:(.rodata..Lanon.d43ffa35890f512ff297a351d3458c98.13)
b0000078 b0000078        8     1                 .Lanon.d43ffa35890f512ff297a351d3458c98.13
b0000080 b0000080        1     1         /Users/user/Source/mozak/mozak-vm/examples/target/riscv32im-mozak-zkvm-elf/release/deps/stdin-285e8814ef7d8bc6.stdin.675c3df60f10ce83-cgu.0.rcgu.o:(.rodata..Lanon.a2689399ea5862aa78e63d8896b1005c.73)
b0000080 b0000080        1     1                 .Lanon.a2689399ea5862aa78e63d8896b1005c.73
b0000081 b0000081        2     1         /Users/user/Source/mozak/mozak-vm/examples/target/riscv32im-mozak-zkvm-elf/release/deps/stdin-285e8814ef7d8bc6.stdin.675c3df60f10ce83-cgu.0.rcgu.o:(.rodata..Lanon.a2689399ea5862aa78e63d8896b1005c.76)
b0000081 b0000081        2     1                 .Lanon.a2689399ea5862aa78e63d8896b1005c.76
b0000084 b0000084        8     4         /Users/user/Source/mozak/mozak-vm/examples/target/riscv32im-mozak-zkvm-elf/release/deps/stdin-285e8814ef7d8bc6.stdin.675c3df60f10ce83-cgu.0.rcgu.o:(.rodata..Lanon.a2689399ea5862aa78e63d8896b1005c.77)
b0000084 b0000084        8     1                 .Lanon.a2689399ea5862aa78e63d8896b1005c.77
b000008c b000008c       50     1         <internal>:(.rodata.cst16)
b00000dc b00000dc       10     4         /Users/user/Source/mozak/mozak-vm/examples/target/riscv32im-mozak-zkvm-elf/release/deps/stdin-285e8814ef7d8bc6.stdin.675c3df60f10ce83-cgu.0.rcgu.o:(.rodata..Lanon.a2689399ea5862aa78e63d8896b1005c.150)
b00000dc b00000dc       10     1                 .Lanon.a2689399ea5862aa78e63d8896b1005c.150
b00000ec b00000ec       20     1         <internal>:(.rodata.cst32)
b000010c b000010c       12     1         /Users/user/Source/mozak/mozak-vm/examples/target/riscv32im-mozak-zkvm-elf/release/deps/stdin-285e8814ef7d8bc6.stdin.675c3df60f10ce83-cgu.0.rcgu.o:(.rodata..Lanon.a2689399ea5862aa78e63d8896b1005c.156)
b000010c b000010c       12     1                 .Lanon.a2689399ea5862aa78e63d8896b1005c.156
b0000120 b0000120       10     4         /Users/user/Source/mozak/mozak-vm/examples/target/riscv32im-mozak-zkvm-elf/release/deps/stdin-285e8814ef7d8bc6.stdin.675c3df60f10ce83-cgu.0.rcgu.o:(.rodata..Lanon.a2689399ea5862aa78e63d8896b1005c.157)
b0000120 b0000120       10     1                 .Lanon.a2689399ea5862aa78e63d8896b1005c.157
b0000130 b0000130        2     1         /Users/user/Source/mozak/mozak-vm/examples/target/riscv32im-mozak-zkvm-elf/release/deps/stdin-285e8814ef7d8bc6.stdin.675c3df60f10ce83-cgu.0.rcgu.o:(.rodata..Lanon.a2689399ea5862aa78e63d8896b1005c.177)
b0000130 b0000130        2     1                 .Lanon.a2689399ea5862aa78e63d8896b1005c.177
b0000134 b0000134       10     4         /Users/user/Source/mozak/mozak-vm/examples/target/riscv32im-mozak-zkvm-elf/release/deps/stdin-285e8814ef7d8bc6.stdin.675c3df60f10ce83-cgu.0.rcgu.o:(.rodata..Lanon.a2689399ea5862aa78e63d8896b1005c.178)
b0000134 b0000134       10     1                 .Lanon.a2689399ea5862aa78e63d8896b1005c.178
b0000144 b0000144       18     4         /Users/user/Source/mozak/mozak-vm/examples/target/riscv32im-mozak-zkvm-elf/release/deps/stdin-285e8814ef7d8bc6.stdin.675c3df60f10ce83-cgu.0.rcgu.o:(.rodata..Lanon.a2689399ea5862aa78e63d8896b1005c.179)
b0000144 b0000144       18     1                 .Lanon.a2689399ea5862aa78e63d8896b1005c.179
b000015c b000015c       14     1         <internal>:(.rodata.cst4)
b0000170 b0000170        3     1         /Users/user/Source/mozak/mozak-vm/examples/target/riscv32im-mozak-zkvm-elf/release/deps/stdin-285e8814ef7d8bc6.stdin.675c3df60f10ce83-cgu.0.rcgu.o:(.rodata..Lanon.a2689399ea5862aa78e63d8896b1005c.181)
b0000170 b0000170        3     1                 .Lanon.a2689399ea5862aa78e63d8896b1005c.181
b0000173 b0000173        2     1         /Users/user/Source/mozak/mozak-vm/examples/target/riscv32im-mozak-zkvm-elf/release/deps/stdin-285e8814ef7d8bc6.stdin.675c3df60f10ce83-cgu.0.rcgu.o:(.rodata..Lanon.a2689399ea5862aa78e63d8896b1005c.182)
b0000173 b0000173        2     1                 .Lanon.a2689399ea5862aa78e63d8896b1005c.182
b0000175 b0000175        3     1         /Users/user/Source/mozak/mozak-vm/examples/target/riscv32im-mozak-zkvm-elf/release/deps/stdin-285e8814ef7d8bc6.stdin.675c3df60f10ce83-cgu.0.rcgu.o:(.rodata..Lanon.a2689399ea5862aa78e63d8896b1005c.183)
b0000175 b0000175        3     1                 .Lanon.a2689399ea5862aa78e63d8896b1005c.183
b0000178 b0000178        2     1         /Users/user/Source/mozak/mozak-vm/examples/target/riscv32im-mozak-zkvm-elf/release/deps/stdin-285e8814ef7d8bc6.stdin.675c3df60f10ce83-cgu.0.rcgu.o:(.rodata..Lanon.a2689399ea5862aa78e63d8896b1005c.184)
b0000178 b0000178        2     1                 .Lanon.a2689399ea5862aa78e63d8896b1005c.184
b000017a b000017a        1     1         /Users/user/Source/mozak/mozak-vm/examples/target/riscv32im-mozak-zkvm-elf/release/deps/stdin-285e8814ef7d8bc6.stdin.675c3df60f10ce83-cgu.0.rcgu.o:(.rodata..Lanon.a2689399ea5862aa78e63d8896b1005c.188)
b000017a b000017a        1     1                 .Lanon.a2689399ea5862aa78e63d8896b1005c.188
b000017b b000017b        2     1         /Users/user/Source/mozak/mozak-vm/examples/target/riscv32im-mozak-zkvm-elf/release/deps/stdin-285e8814ef7d8bc6.stdin.675c3df60f10ce83-cgu.0.rcgu.o:(.rodata..Lanon.a2689399ea5862aa78e63d8896b1005c.189)
b000017b b000017b        2     1                 .Lanon.a2689399ea5862aa78e63d8896b1005c.189
b000017d b000017d        1     1         /Users/user/Source/mozak/mozak-vm/examples/target/riscv32im-mozak-zkvm-elf/release/deps/stdin-285e8814ef7d8bc6.stdin.675c3df60f10ce83-cgu.0.rcgu.o:(.rodata..Lanon.a2689399ea5862aa78e63d8896b1005c.190)
b000017d b000017d        1     1                 .Lanon.a2689399ea5862aa78e63d8896b1005c.190
b000017e b000017e        2     1         /Users/user/Source/mozak/mozak-vm/examples/target/riscv32im-mozak-zkvm-elf/release/deps/stdin-285e8814ef7d8bc6.stdin.675c3df60f10ce83-cgu.0.rcgu.o:(.rodata..Lanon.a2689399ea5862aa78e63d8896b1005c.191)
b000017e b000017e        2     1                 .Lanon.a2689399ea5862aa78e63d8896b1005c.191
b0000180 b0000180        2     1         /Users/user/Source/mozak/mozak-vm/examples/target/riscv32im-mozak-zkvm-elf/release/deps/stdin-285e8814ef7d8bc6.stdin.675c3df60f10ce83-cgu.0.rcgu.o:(.rodata..Lanon.a2689399ea5862aa78e63d8896b1005c.206)
b0000180 b0000180        2     1                 .Lanon.a2689399ea5862aa78e63d8896b1005c.206
b0000182 b0000182       c8     1         /Users/user/Source/mozak/mozak-vm/examples/target/riscv32im-mozak-zkvm-elf/release/deps/stdin-285e8814ef7d8bc6.stdin.675c3df60f10ce83-cgu.0.rcgu.o:(.rodata..Lanon.a2689399ea5862aa78e63d8896b1005c.209)
b0000182 b0000182       c8     1                 .Lanon.a2689399ea5862aa78e63d8896b1005c.209
b000024a b000024a       12     1         /Users/user/Source/mozak/mozak-vm/examples/target/riscv32im-mozak-zkvm-elf/release/deps/stdin-285e8814ef7d8bc6.stdin.675c3df60f10ce83-cgu.0.rcgu.o:(.rodata..Lanon.a2689399ea5862aa78e63d8896b1005c.225)
b000024a b000024a       12     1                 .Lanon.a2689399ea5862aa78e63d8896b1005c.225
b000025c b000025c       22     1         /Users/user/Source/mozak/mozak-vm/examples/target/riscv32im-mozak-zkvm-elf/release/deps/stdin-285e8814ef7d8bc6.stdin.675c3df60f10ce83-cgu.0.rcgu.o:(.rodata..Lanon.a2689399ea5862aa78e63d8896b1005c.226)
b000025c b000025c       22     1                 .Lanon.a2689399ea5862aa78e63d8896b1005c.226
b0000280 b0000280       10     4         /Users/user/Source/mozak/mozak-vm/examples/target/riscv32im-mozak-zkvm-elf/release/deps/stdin-285e8814ef7d8bc6.stdin.675c3df60f10ce83-cgu.0.rcgu.o:(.rodata..Lanon.a2689399ea5862aa78e63d8896b1005c.227)
b0000280 b0000280       10     1                 .Lanon.a2689399ea5862aa78e63d8896b1005c.227
b0000290 b0000290       10     4         /Users/user/Source/mozak/mozak-vm/examples/target/riscv32im-mozak-zkvm-elf/release/deps/stdin-285e8814ef7d8bc6.stdin.675c3df60f10ce83-cgu.0.rcgu.o:(.rodata..Lanon.a2689399ea5862aa78e63d8896b1005c.229)
b0000290 b0000290       10     1                 .Lanon.a2689399ea5862aa78e63d8896b1005c.229
b00002a0 b00002a0       16     1         /Users/user/Source/mozak/mozak-vm/examples/target/riscv32im-mozak-zkvm-elf/release/deps/stdin-285e8814ef7d8bc6.stdin.675c3df60f10ce83-cgu.0.rcgu.o:(.rodata..Lanon.a2689399ea5862aa78e63d8896b1005c.230)
b00002a0 b00002a0       16     1                 .Lanon.a2689399ea5862aa78e63d8896b1005c.230
b00002b6 b00002b6        d     1         /Users/user/Source/mozak/mozak-vm/examples/target/riscv32im-mozak-zkvm-elf/release/deps/stdin-285e8814ef7d8bc6.stdin.675c3df60f10ce83-cgu.0.rcgu.o:(.rodata..Lanon.a2689399ea5862aa78e63d8896b1005c.231)
b00002b6 b00002b6        d     1                 .Lanon.a2689399ea5862aa78e63d8896b1005c.231
b00002c4 b00002c4       10     4         /Users/user/Source/mozak/mozak-vm/examples/target/riscv32im-mozak-zkvm-elf/release/deps/stdin-285e8814ef7d8bc6.stdin.675c3df60f10ce83-cgu.0.rcgu.o:(.rodata..Lanon.a2689399ea5862aa78e63d8896b1005c.232)
b00002c4 b00002c4       10     1                 .Lanon.a2689399ea5862aa78e63d8896b1005c.232
b00002d4 b00002d4       15     1         /Users/user/Source/mozak/mozak-vm/examples/target/riscv32im-mozak-zkvm-elf/release/deps/stdin-285e8814ef7d8bc6.stdin.675c3df60f10ce83-cgu.0.rcgu.o:(.rodata..Lanon.a2689399ea5862aa78e63d8896b1005c.244)
b00002d4 b00002d4       15     1                 .Lanon.a2689399ea5862aa78e63d8896b1005c.244
b00002e9 b00002e9       2b     1         /Users/user/Source/mozak/mozak-vm/examples/target/riscv32im-mozak-zkvm-elf/release/deps/stdin-285e8814ef7d8bc6.stdin.675c3df60f10ce83-cgu.0.rcgu.o:(.rodata..Lanon.a2689399ea5862aa78e63d8896b1005c.245)
b00002e9 b00002e9       2b     1                 .Lanon.a2689399ea5862aa78e63d8896b1005c.245
b0000314 b0000314       18     4         /Users/user/Source/mozak/mozak-vm/examples/target/riscv32im-mozak-zkvm-elf/release/deps/stdin-285e8814ef7d8bc6.stdin.675c3df60f10ce83-cgu.0.rcgu.o:(.rodata..Lanon.a2689399ea5862aa78e63d8896b1005c.246)
b0000314 b0000314       18     1                 .Lanon.a2689399ea5862aa78e63d8896b1005c.246
b000032c b000032c        5     1         /Users/user/Source/mozak/mozak-vm/examples/target/riscv32im-mozak-zkvm-elf/release/deps/stdin-285e8814ef7d8bc6.stdin.675c3df60f10ce83-cgu.0.rcgu.o:(.rodata..Lanon.a2689399ea5862aa78e63d8896b1005c.282)
b000032c b000032c        5     1                 .Lanon.a2689399ea5862aa78e63d8896b1005c.282
b0000331 b0000331        e     1         /Users/user/Source/mozak/mozak-vm/examples/target/riscv32im-mozak-zkvm-elf/release/deps/stdin-285e8814ef7d8bc6.stdin.675c3df60f10ce83-cgu.0.rcgu.o:(.rodata..Lanon.a2689399ea5862aa78e63d8896b1005c.283)
b0000331 b0000331        e     1                 .Lanon.a2689399ea5862aa78e63d8896b1005c.283
b000033f b000033f        1     1         /Users/user/Source/mozak/mozak-vm/examples/target/riscv32im-mozak-zkvm-elf/release/deps/stdin-285e8814ef7d8bc6.stdin.675c3df60f10ce83-cgu.0.rcgu.o:(.rodata..Lanon.a2689399ea5862aa78e63d8896b1005c.286)
b000033f b000033f        1     1                 .Lanon.a2689399ea5862aa78e63d8896b1005c.286
b0000340 b0000340       20     4         /Users/user/Source/mozak/mozak-vm/examples/target/riscv32im-mozak-zkvm-elf/release/deps/stdin-285e8814ef7d8bc6.stdin.675c3df60f10ce83-cgu.0.rcgu.o:(.rodata..Lanon.a2689399ea5862aa78e63d8896b1005c.287)
b0000340 b0000340       20     1                 .Lanon.a2689399ea5862aa78e63d8896b1005c.287
b0000360 b0000360        b     1         /Users/user/Source/mozak/mozak-vm/examples/target/riscv32im-mozak-zkvm-elf/release/deps/stdin-285e8814ef7d8bc6.stdin.675c3df60f10ce83-cgu.0.rcgu.o:(.rodata..Lanon.a2689399ea5862aa78e63d8896b1005c.288)
b0000360 b0000360        b     1                 .Lanon.a2689399ea5862aa78e63d8896b1005c.288
b000036b b000036b       26     1         /Users/user/Source/mozak/mozak-vm/examples/target/riscv32im-mozak-zkvm-elf/release/deps/stdin-285e8814ef7d8bc6.stdin.675c3df60f10ce83-cgu.0.rcgu.o:(.rodata..Lanon.a2689399ea5862aa78e63d8896b1005c.289)
b000036b b000036b       26     1                 .Lanon.a2689399ea5862aa78e63d8896b1005c.289
b0000391 b0000391       20     1         <internal>:(.rodata.cst8)
b00003b1 b00003b1        6     1         /Users/user/Source/mozak/mozak-vm/examples/target/riscv32im-mozak-zkvm-elf/release/deps/stdin-285e8814ef7d8bc6.stdin.675c3df60f10ce83-cgu.0.rcgu.o:(.rodata..Lanon.a2689399ea5862aa78e63d8896b1005c.291)
b00003b1 b00003b1        6     1                 .Lanon.a2689399ea5862aa78e63d8896b1005c.291
b00003b8 b00003b8       28     4         /Users/user/Source/mozak/mozak-vm/examples/target/riscv32im-mozak-zkvm-elf/release/deps/stdin-285e8814ef7d8bc6.stdin.675c3df60f10ce83-cgu.0.rcgu.o:(.rodata..Lanon.a2689399ea5862aa78e63d8896b1005c.292)
b00003b8 b00003b8       28     1                 .Lanon.a2689399ea5862aa78e63d8896b1005c.292
b00003e0 b00003e0       16     1         /Users/user/Source/mozak/mozak-vm/examples/target/riscv32im-mozak-zkvm-elf/release/deps/stdin-285e8814ef7d8bc6.stdin.675c3df60f10ce83-cgu.0.rcgu.o:(.rodata..Lanon.a2689399ea5862aa78e63d8896b1005c.293)
b00003e0 b00003e0       16     1                 .Lanon.a2689399ea5862aa78e63d8896b1005c.293
b00003f8 b00003f8       18     4         /Users/user/Source/mozak/mozak-vm/examples/target/riscv32im-mozak-zkvm-elf/release/deps/stdin-285e8814ef7d8bc6.stdin.675c3df60f10ce83-cgu.0.rcgu.o:(.rodata..Lanon.a2689399ea5862aa78e63d8896b1005c.294)
b00003f8 b00003f8       18     1                 .Lanon.a2689399ea5862aa78e63d8896b1005c.294
b0000410 b0000410       58     1         /Users/user/Source/mozak/mozak-vm/examples/target/riscv32im-mozak-zkvm-elf/release/deps/stdin-285e8814ef7d8bc6.stdin.675c3df60f10ce83-cgu.0.rcgu.o:(.rodata..Lanon.a2689399ea5862aa78e63d8896b1005c.305)
b0000410 b0000410       58     1                 .Lanon.a2689399ea5862aa78e63d8896b1005c.305
b0000468 b0000468       c4     1         /Users/user/Source/mozak/mozak-vm/examples/target/riscv32im-mozak-zkvm-elf/release/deps/stdin-285e8814ef7d8bc6.stdin.675c3df60f10ce83-cgu.0.rcgu.o:(.rodata..Lanon.a2689399ea5862aa78e63d8896b1005c.306)
b0000468 b0000468       c4     1                 .Lanon.a2689399ea5862aa78e63d8896b1005c.306
b000052c b000052c      1c2     1         /Users/user/Source/mozak/mozak-vm/examples/target/riscv32im-mozak-zkvm-elf/release/deps/stdin-285e8814ef7d8bc6.stdin.675c3df60f10ce83-cgu.0.rcgu.o:(.rodata..Lanon.a2689399ea5862aa78e63d8896b1005c.307)
b000052c b000052c      1c2     1                 .Lanon.a2689399ea5862aa78e63d8896b1005c.307
b00006ee b00006ee       50     1         /Users/user/Source/mozak/mozak-vm/examples/target/riscv32im-mozak-zkvm-elf/release/deps/stdin-285e8814ef7d8bc6.stdin.675c3df60f10ce83-cgu.0.rcgu.o:(.rodata..Lanon.a2689399ea5862aa78e63d8896b1005c.308)
b00006ee b00006ee       50     1                 .Lanon.a2689399ea5862aa78e63d8896b1005c.308
b000073e b000073e      11f     1         /Users/user/Source/mozak/mozak-vm/examples/target/riscv32im-mozak-zkvm-elf/release/deps/stdin-285e8814ef7d8bc6.stdin.675c3df60f10ce83-cgu.0.rcgu.o:(.rodata..Lanon.a2689399ea5862aa78e63d8896b1005c.309)
b000073e b000073e      11f     1                 .Lanon.a2689399ea5862aa78e63d8896b1005c.309
b000085d b000085d      12f     1         /Users/user/Source/mozak/mozak-vm/examples/target/riscv32im-mozak-zkvm-elf/release/deps/stdin-285e8814ef7d8bc6.stdin.675c3df60f10ce83-cgu.0.rcgu.o:(.rodata..Lanon.a2689399ea5862aa78e63d8896b1005c.310)
b000085d b000085d      12f     1                 .Lanon.a2689399ea5862aa78e63d8896b1005c.310
b000098c b000098c        3     1         /Users/user/Source/mozak/mozak-vm/examples/target/riscv32im-mozak-zkvm-elf/release/deps/stdin-285e8814ef7d8bc6.stdin.675c3df60f10ce83-cgu.0.rcgu.o:(.rodata..Lanon.a2689399ea5862aa78e63d8896b1005c.321)
b000098c b000098c        3     1                 .Lanon.a2689399ea5862aa78e63d8896b1005c.321
b0000990 b0000990       84     4         /Users/user/Source/mozak/mozak-vm/examples/target/riscv32im-mozak-zkvm-elf/release/deps/stdin-285e8814ef7d8bc6.stdin.675c3df60f10ce83-cgu.0.rcgu.o:(.rodata._ZN4core7unicode12unicode_data15grapheme_extend17SHORT_OFFSET_RUNS17h7ec78c22fbddf73cE)
b0000990 b0000990       84     1                 core::unicode::unicode_data::grapheme_extend::SHORT_OFFSET_RUNS::h7ec78c22fbddf73c
b0000a14 b0000a14      2d7     1         /Users/user/Source/mozak/mozak-vm/examples/target/riscv32im-mozak-zkvm-elf/release/deps/stdin-285e8814ef7d8bc6.stdin.675c3df60f10ce83-cgu.0.rcgu.o:(.rodata._ZN4core7unicode12unicode_data15grapheme_extend7OFFSETS17he789e69fec2a9adbE)
b0000a14 b0000a14      2d7     1                 core::unicode::unicode_data::grapheme_extend::OFFSETS::he789e69fec2a9adb
b0000ceb b0000ceb       28     1         /Users/user/Source/mozak/mozak-vm/examples/target/riscv32im-mozak-zkvm-elf/release/deps/stdin-285e8814ef7d8bc6.stdin.675c3df60f10ce83-cgu.0.rcgu.o:(.rodata..Lanon.1bee3cb9b591d71323fe39300a6d2118.0)
b0000ceb b0000ceb       28     1                 .Lanon.1bee3cb9b591d71323fe39300a6d2118.0
b0000d13 b0000d13        a     1         /Users/user/Source/mozak/mozak-vm/examples/target/riscv32im-mozak-zkvm-elf/release/deps/stdin-285e8814ef7d8bc6.stdin.675c3df60f10ce83-cgu.0.rcgu.o:(.rodata..Lanon.82289a2ec32153b1e8b79c7ed5abc1ec.0)
b0000d13 b0000d13        a     1                 .Lanon.82289a2ec32153b1e8b79c7ed5abc1ec.0
b0000d20 b0000d20       10     4         /Users/user/Source/mozak/mozak-vm/examples/target/riscv32im-mozak-zkvm-elf/release/deps/stdin-285e8814ef7d8bc6.stdin.675c3df60f10ce83-cgu.0.rcgu.o:(.rodata..Lanon.82289a2ec32153b1e8b79c7ed5abc1ec.1)
b0000d20 b0000d20       10     1                 .Lanon.82289a2ec32153b1e8b79c7ed5abc1ec.1
b0000d30 b0000d30        0     4         /Users/user/Source/mozak/mozak-vm/examples/target/riscv32im-mozak-zkvm-elf/release/deps/stdin-285e8814ef7d8bc6.stdin.675c3df60f10ce83-cgu.0.rcgu.o:(.rodata..Lanon.82289a2ec32153b1e8b79c7ed5abc1ec.9)
b0000d30 b0000d30        0     1                 .Lanon.82289a2ec32153b1e8b79c7ed5abc1ec.9
b0000d30 b0000d30       23     1         /Users/user/Source/mozak/mozak-vm/examples/target/riscv32im-mozak-zkvm-elf/release/deps/stdin-285e8814ef7d8bc6.stdin.675c3df60f10ce83-cgu.0.rcgu.o:(.rodata..Lanon.82289a2ec32153b1e8b79c7ed5abc1ec.16)
b0000d30 b0000d30       23     1                 .Lanon.82289a2ec32153b1e8b79c7ed5abc1ec.16
b0000d53 b0000d53       2b     1         /Users/user/Source/mozak/mozak-vm/examples/target/riscv32im-mozak-zkvm-elf/release/deps/stdin-285e8814ef7d8bc6.stdin.675c3df60f10ce83-cgu.0.rcgu.o:(.rodata..Lanon.82289a2ec32153b1e8b79c7ed5abc1ec.17)
b0000d53 b0000d53       2b     1                 .Lanon.82289a2ec32153b1e8b79c7ed5abc1ec.17
b0000d7e b0000d7e        2     1         /Users/user/Source/mozak/mozak-vm/examples/target/riscv32im-mozak-zkvm-elf/release/deps/stdin-285e8814ef7d8bc6.stdin.675c3df60f10ce83-cgu.0.rcgu.o:(.rodata..Lanon.82289a2ec32153b1e8b79c7ed5abc1ec.178)
b0000d7e b0000d7e        2     1                 .Lanon.82289a2ec32153b1e8b79c7ed5abc1ec.178
b0000d80 b0000d80        7     1         /Users/user/Source/mozak/mozak-vm/examples/target/riscv32im-mozak-zkvm-elf/release/deps/stdin-285e8814ef7d8bc6.stdin.675c3df60f10ce83-cgu.0.rcgu.o:(.rodata..Lanon.82289a2ec32153b1e8b79c7ed5abc1ec.183)
b0000d80 b0000d80        7     1                 .Lanon.82289a2ec32153b1e8b79c7ed5abc1ec.183
b0000d87 b0000d87        5     1         /Users/user/Source/mozak/mozak-vm/examples/target/riscv32im-mozak-zkvm-elf/release/deps/stdin-285e8814ef7d8bc6.stdin.675c3df60f10ce83-cgu.0.rcgu.o:(.rodata..Lanon.82289a2ec32153b1e8b79c7ed5abc1ec.186)
b0000d87 b0000d87        5     1                 .Lanon.82289a2ec32153b1e8b79c7ed5abc1ec.186
b0000d8c b0000d8c        b     1         /Users/user/Source/mozak/mozak-vm/examples/target/riscv32im-mozak-zkvm-elf/release/deps/stdin-285e8814ef7d8bc6.stdin.675c3df60f10ce83-cgu.0.rcgu.o:(.rodata..Lanon.82289a2ec32153b1e8b79c7ed5abc1ec.314)
b0000d8c b0000d8c        b     1                 .Lanon.82289a2ec32153b1e8b79c7ed5abc1ec.314
b0000d97 b0000d97        6     1         /Users/user/Source/mozak/mozak-vm/examples/target/riscv32im-mozak-zkvm-elf/release/deps/stdin-285e8814ef7d8bc6.stdin.675c3df60f10ce83-cgu.0.rcgu.o:(.rodata..Lanon.82289a2ec32153b1e8b79c7ed5abc1ec.340)
b0000d97 b0000d97        6     1                 .Lanon.82289a2ec32153b1e8b79c7ed5abc1ec.340
b0000d9d b0000d9d        5     1         /Users/user/Source/mozak/mozak-vm/examples/target/riscv32im-mozak-zkvm-elf/release/deps/stdin-285e8814ef7d8bc6.stdin.675c3df60f10ce83-cgu.0.rcgu.o:(.rodata..Lanon.82289a2ec32153b1e8b79c7ed5abc1ec.341)
b0000d9d b0000d9d        5     1                 .Lanon.82289a2ec32153b1e8b79c7ed5abc1ec.341
b0000da2 b0000da2       11     1         /Users/user/Source/mozak/mozak-vm/examples/target/riscv32im-mozak-zkvm-elf/release/deps/stdin-285e8814ef7d8bc6.stdin.675c3df60f10ce83-cgu.0.rcgu.o:(.rodata..Lanon.82289a2ec32153b1e8b79c7ed5abc1ec.345)
b0000da2 b0000da2       11     1                 .Lanon.82289a2ec32153b1e8b79c7ed5abc1ec.345
b0000db3 b0000db3        f     1         /Users/user/Source/mozak/mozak-vm/examples/target/riscv32im-mozak-zkvm-elf/release/deps/stdin-285e8814ef7d8bc6.stdin.675c3df60f10ce83-cgu.0.rcgu.o:(.rodata..Lanon.82289a2ec32153b1e8b79c7ed5abc1ec.346)
b0000db3 b0000db3        f     1                 .Lanon.82289a2ec32153b1e8b79c7ed5abc1ec.346
b0000dc2 b0000dc2        f     1         /Users/user/Source/mozak/mozak-vm/examples/target/riscv32im-mozak-zkvm-elf/release/deps/stdin-285e8814ef7d8bc6.stdin.675c3df60f10ce83-cgu.0.rcgu.o:(.rodata..Lanon.82289a2ec32153b1e8b79c7ed5abc1ec.347)
b0000dc2 b0000dc2        f     1                 .Lanon.82289a2ec32153b1e8b79c7ed5abc1ec.347
b0000dd1 b0000dd1       12     1         /Users/user/Source/mozak/mozak-vm/examples/target/riscv32im-mozak-zkvm-elf/release/deps/stdin-285e8814ef7d8bc6.stdin.675c3df60f10ce83-cgu.0.rcgu.o:(.rodata..Lanon.82289a2ec32153b1e8b79c7ed5abc1ec.348)
b0000dd1 b0000dd1       12     1                 .Lanon.82289a2ec32153b1e8b79c7ed5abc1ec.348
b0000de3 b0000de3       11     1         /Users/user/Source/mozak/mozak-vm/examples/target/riscv32im-mozak-zkvm-elf/release/deps/stdin-285e8814ef7d8bc6.stdin.675c3df60f10ce83-cgu.0.rcgu.o:(.rodata..Lanon.82289a2ec32153b1e8b79c7ed5abc1ec.349)
b0000de3 b0000de3       11     1                 .Lanon.82289a2ec32153b1e8b79c7ed5abc1ec.349
b0000df4 b0000df4        c     1         /Users/user/Source/mozak/mozak-vm/examples/target/riscv32im-mozak-zkvm-elf/release/deps/stdin-285e8814ef7d8bc6.stdin.675c3df60f10ce83-cgu.0.rcgu.o:(.rodata..Lanon.82289a2ec32153b1e8b79c7ed5abc1ec.350)
b0000df4 b0000df4        c     1                 .Lanon.82289a2ec32153b1e8b79c7ed5abc1ec.350
b0000e00 b0000e00        9     1         /Users/user/Source/mozak/mozak-vm/examples/target/riscv32im-mozak-zkvm-elf/release/deps/stdin-285e8814ef7d8bc6.stdin.675c3df60f10ce83-cgu.0.rcgu.o:(.rodata..Lanon.82289a2ec32153b1e8b79c7ed5abc1ec.351)
b0000e00 b0000e00        9     1                 .Lanon.82289a2ec32153b1e8b79c7ed5abc1ec.351
b0000e09 b0000e09        b     1         /Users/user/Source/mozak/mozak-vm/examples/target/riscv32im-mozak-zkvm-elf/release/deps/stdin-285e8814ef7d8bc6.stdin.675c3df60f10ce83-cgu.0.rcgu.o:(.rodata..Lanon.82289a2ec32153b1e8b79c7ed5abc1ec.353)
b0000e09 b0000e09        b     1                 .Lanon.82289a2ec32153b1e8b79c7ed5abc1ec.353
b0000e14 b0000e14        a     1         /Users/user/Source/mozak/mozak-vm/examples/target/riscv32im-mozak-zkvm-elf/release/deps/stdin-285e8814ef7d8bc6.stdin.675c3df60f10ce83-cgu.0.rcgu.o:(.rodata..Lanon.82289a2ec32153b1e8b79c7ed5abc1ec.354)
b0000e14 b0000e14        a     1                 .Lanon.82289a2ec32153b1e8b79c7ed5abc1ec.354
b0000e1e b0000e1e        d     1         /Users/user/Source/mozak/mozak-vm/examples/target/riscv32im-mozak-zkvm-elf/release/deps/stdin-285e8814ef7d8bc6.stdin.675c3df60f10ce83-cgu.0.rcgu.o:(.rodata..Lanon.82289a2ec32153b1e8b79c7ed5abc1ec.355)
b0000e1e b0000e1e        d     1                 .Lanon.82289a2ec32153b1e8b79c7ed5abc1ec.355
b0000e2b b0000e2b        a     1         /Users/user/Source/mozak/mozak-vm/examples/target/riscv32im-mozak-zkvm-elf/release/deps/stdin-285e8814ef7d8bc6.stdin.675c3df60f10ce83-cgu.0.rcgu.o:(.rodata..Lanon.82289a2ec32153b1e8b79c7ed5abc1ec.356)
b0000e2b b0000e2b        a     1                 .Lanon.82289a2ec32153b1e8b79c7ed5abc1ec.356
b0000e35 b0000e35        d     1         /Users/user/Source/mozak/mozak-vm/examples/target/riscv32im-mozak-zkvm-elf/release/deps/stdin-285e8814ef7d8bc6.stdin.675c3df60f10ce83-cgu.0.rcgu.o:(.rodata..Lanon.82289a2ec32153b1e8b79c7ed5abc1ec.357)
b0000e35 b0000e35        d     1                 .Lanon.82289a2ec32153b1e8b79c7ed5abc1ec.357
b0000e42 b0000e42        c     1         /Users/user/Source/mozak/mozak-vm/examples/target/riscv32im-mozak-zkvm-elf/release/deps/stdin-285e8814ef7d8bc6.stdin.675c3df60f10ce83-cgu.0.rcgu.o:(.rodata..Lanon.82289a2ec32153b1e8b79c7ed5abc1ec.358)
b0000e42 b0000e42        c     1                 .Lanon.82289a2ec32153b1e8b79c7ed5abc1ec.358
b0000e4e b0000e4e       11     1         /Users/user/Source/mozak/mozak-vm/examples/target/riscv32im-mozak-zkvm-elf/release/deps/stdin-285e8814ef7d8bc6.stdin.675c3df60f10ce83-cgu.0.rcgu.o:(.rodata..Lanon.82289a2ec32153b1e8b79c7ed5abc1ec.359)
b0000e4e b0000e4e       11     1                 .Lanon.82289a2ec32153b1e8b79c7ed5abc1ec.359
b0000e5f b0000e5f       12     1         /Users/user/Source/mozak/mozak-vm/examples/target/riscv32im-mozak-zkvm-elf/release/deps/stdin-285e8814ef7d8bc6.stdin.675c3df60f10ce83-cgu.0.rcgu.o:(.rodata..Lanon.82289a2ec32153b1e8b79c7ed5abc1ec.360)
b0000e5f b0000e5f       12     1                 .Lanon.82289a2ec32153b1e8b79c7ed5abc1ec.360
b0000e71 b0000e71        e     1         /Users/user/Source/mozak/mozak-vm/examples/target/riscv32im-mozak-zkvm-elf/release/deps/stdin-285e8814ef7d8bc6.stdin.675c3df60f10ce83-cgu.0.rcgu.o:(.rodata..Lanon.82289a2ec32153b1e8b79c7ed5abc1ec.361)
b0000e71 b0000e71        e     1                 .Lanon.82289a2ec32153b1e8b79c7ed5abc1ec.361
b0000e7f b0000e7f       16     1         /Users/user/Source/mozak/mozak-vm/examples/target/riscv32im-mozak-zkvm-elf/release/deps/stdin-285e8814ef7d8bc6.stdin.675c3df60f10ce83-cgu.0.rcgu.o:(.rodata..Lanon.82289a2ec32153b1e8b79c7ed5abc1ec.362)
b0000e7f b0000e7f       16     1                 .Lanon.82289a2ec32153b1e8b79c7ed5abc1ec.362
b0000e95 b0000e95        c     1         /Users/user/Source/mozak/mozak-vm/examples/target/riscv32im-mozak-zkvm-elf/release/deps/stdin-285e8814ef7d8bc6.stdin.675c3df60f10ce83-cgu.0.rcgu.o:(.rodata..Lanon.82289a2ec32153b1e8b79c7ed5abc1ec.363)
b0000e95 b0000e95        c     1                 .Lanon.82289a2ec32153b1e8b79c7ed5abc1ec.363
b0000ea1 b0000ea1        b     1         /Users/user/Source/mozak/mozak-vm/examples/target/riscv32im-mozak-zkvm-elf/release/deps/stdin-285e8814ef7d8bc6.stdin.675c3df60f10ce83-cgu.0.rcgu.o:(.rodata..Lanon.82289a2ec32153b1e8b79c7ed5abc1ec.364)
b0000ea1 b0000ea1        b     1                 .Lanon.82289a2ec32153b1e8b79c7ed5abc1ec.364
b0000eac b0000eac        9     1         /Users/user/Source/mozak/mozak-vm/examples/target/riscv32im-mozak-zkvm-elf/release/deps/stdin-285e8814ef7d8bc6.stdin.675c3df60f10ce83-cgu.0.rcgu.o:(.rodata..Lanon.82289a2ec32153b1e8b79c7ed5abc1ec.366)
b0000eac b0000eac        9     1                 .Lanon.82289a2ec32153b1e8b79c7ed5abc1ec.366
b0000eb5 b0000eb5        b     1         /Users/user/Source/mozak/mozak-vm/examples/target/riscv32im-mozak-zkvm-elf/release/deps/stdin-285e8814ef7d8bc6.stdin.675c3df60f10ce83-cgu.0.rcgu.o:(.rodata..Lanon.82289a2ec32153b1e8b79c7ed5abc1ec.367)
b0000eb5 b0000eb5        b     1                 .Lanon.82289a2ec32153b1e8b79c7ed5abc1ec.367
b0000ec0 b0000ec0        b     1         /Users/user/Source/mozak/mozak-vm/examples/target/riscv32im-mozak-zkvm-elf/release/deps/stdin-285e8814ef7d8bc6.stdin.675c3df60f10ce83-cgu.0.rcgu.o:(.rodata..Lanon.82289a2ec32153b1e8b79c7ed5abc1ec.368)
b0000ec0 b0000ec0        b     1                 .Lanon.82289a2ec32153b1e8b79c7ed5abc1ec.368
b0000ecb b0000ecb       17     1         /Users/user/Source/mozak/mozak-vm/examples/target/riscv32im-mozak-zkvm-elf/release/deps/stdin-285e8814ef7d8bc6.stdin.675c3df60f10ce83-cgu.0.rcgu.o:(.rodata..Lanon.82289a2ec32153b1e8b79c7ed5abc1ec.369)
b0000ecb b0000ecb       17     1                 .Lanon.82289a2ec32153b1e8b79c7ed5abc1ec.369
b0000ee2 b0000ee2        c     1         /Users/user/Source/mozak/mozak-vm/examples/target/riscv32im-mozak-zkvm-elf/release/deps/stdin-285e8814ef7d8bc6.stdin.675c3df60f10ce83-cgu.0.rcgu.o:(.rodata..Lanon.82289a2ec32153b1e8b79c7ed5abc1ec.370)
b0000ee2 b0000ee2        c     1                 .Lanon.82289a2ec32153b1e8b79c7ed5abc1ec.370
b0000eee b0000eee        c     1         /Users/user/Source/mozak/mozak-vm/examples/target/riscv32im-mozak-zkvm-elf/release/deps/stdin-285e8814ef7d8bc6.stdin.675c3df60f10ce83-cgu.0.rcgu.o:(.rodata..Lanon.82289a2ec32153b1e8b79c7ed5abc1ec.371)
b0000eee b0000eee        c     1                 .Lanon.82289a2ec32153b1e8b79c7ed5abc1ec.371
b0000efa b0000efa       12     1         /Users/user/Source/mozak/mozak-vm/examples/target/riscv32im-mozak-zkvm-elf/release/deps/stdin-285e8814ef7d8bc6.stdin.675c3df60f10ce83-cgu.0.rcgu.o:(.rodata..Lanon.82289a2ec32153b1e8b79c7ed5abc1ec.372)
b0000efa b0000efa       12     1                 .Lanon.82289a2ec32153b1e8b79c7ed5abc1ec.372
b0000f0c b0000f0c        e     1         /Users/user/Source/mozak/mozak-vm/examples/target/riscv32im-mozak-zkvm-elf/release/deps/stdin-285e8814ef7d8bc6.stdin.675c3df60f10ce83-cgu.0.rcgu.o:(.rodata..Lanon.82289a2ec32153b1e8b79c7ed5abc1ec.374)
b0000f0c b0000f0c        e     1                 .Lanon.82289a2ec32153b1e8b79c7ed5abc1ec.374
b0000f1a b0000f1a        c     1         /Users/user/Source/mozak/mozak-vm/examples/target/riscv32im-mozak-zkvm-elf/release/deps/stdin-285e8814ef7d8bc6.stdin.675c3df60f10ce83-cgu.0.rcgu.o:(.rodata..Lanon.82289a2ec32153b1e8b79c7ed5abc1ec.375)
b0000f1a b0000f1a        c     1                 .Lanon.82289a2ec32153b1e8b79c7ed5abc1ec.375
b0000f26 b0000f26        f     1         /Users/user/Source/mozak/mozak-vm/examples/target/riscv32im-mozak-zkvm-elf/release/deps/stdin-285e8814ef7d8bc6.stdin.675c3df60f10ce83-cgu.0.rcgu.o:(.rodata..Lanon.82289a2ec32153b1e8b79c7ed5abc1ec.376)
b0000f26 b0000f26        f     1                 .Lanon.82289a2ec32153b1e8b79c7ed5abc1ec.376
b0000f35 b0000f35       13     1         /Users/user/Source/mozak/mozak-vm/examples/target/riscv32im-mozak-zkvm-elf/release/deps/stdin-285e8814ef7d8bc6.stdin.675c3df60f10ce83-cgu.0.rcgu.o:(.rodata..Lanon.82289a2ec32153b1e8b79c7ed5abc1ec.377)
b0000f35 b0000f35       13     1                 .Lanon.82289a2ec32153b1e8b79c7ed5abc1ec.377
b0000f48 b0000f48        b     1         /Users/user/Source/mozak/mozak-vm/examples/target/riscv32im-mozak-zkvm-elf/release/deps/stdin-285e8814ef7d8bc6.stdin.675c3df60f10ce83-cgu.0.rcgu.o:(.rodata..Lanon.82289a2ec32153b1e8b79c7ed5abc1ec.378)
b0000f48 b0000f48        b     1                 .Lanon.82289a2ec32153b1e8b79c7ed5abc1ec.378
b0000f53 b0000f53        d     1         /Users/user/Source/mozak/mozak-vm/examples/target/riscv32im-mozak-zkvm-elf/release/deps/stdin-285e8814ef7d8bc6.stdin.675c3df60f10ce83-cgu.0.rcgu.o:(.rodata..Lanon.82289a2ec32153b1e8b79c7ed5abc1ec.379)
b0000f53 b0000f53        d     1                 .Lanon.82289a2ec32153b1e8b79c7ed5abc1ec.379
b0000f60 b0000f60        b     1         /Users/user/Source/mozak/mozak-vm/examples/target/riscv32im-mozak-zkvm-elf/release/deps/stdin-285e8814ef7d8bc6.stdin.675c3df60f10ce83-cgu.0.rcgu.o:(.rodata..Lanon.82289a2ec32153b1e8b79c7ed5abc1ec.380)
b0000f60 b0000f60        b     1                 .Lanon.82289a2ec32153b1e8b79c7ed5abc1ec.380
b0000f6b b0000f6b        5     1         /Users/user/Source/mozak/mozak-vm/examples/target/riscv32im-mozak-zkvm-elf/release/deps/stdin-285e8814ef7d8bc6.stdin.675c3df60f10ce83-cgu.0.rcgu.o:(.rodata..Lanon.82289a2ec32153b1e8b79c7ed5abc1ec.381)
b0000f6b b0000f6b        5     1                 .Lanon.82289a2ec32153b1e8b79c7ed5abc1ec.381
b0000f70 b0000f70        d     1         /Users/user/Source/mozak/mozak-vm/examples/target/riscv32im-mozak-zkvm-elf/release/deps/stdin-285e8814ef7d8bc6.stdin.675c3df60f10ce83-cgu.0.rcgu.o:(.rodata..Lanon.82289a2ec32153b1e8b79c7ed5abc1ec.382)
b0000f70 b0000f70        d     1                 .Lanon.82289a2ec32153b1e8b79c7ed5abc1ec.382
b0000f7d b0000f7d       38     1         /Users/user/Source/mozak/mozak-vm/examples/target/riscv32im-mozak-zkvm-elf/release/deps/stdin-285e8814ef7d8bc6.stdin.675c3df60f10ce83-cgu.0.rcgu.o:(.rodata..Lanon.82289a2ec32153b1e8b79c7ed5abc1ec.478)
b0000f7d b0000f7d       38     1                 .Lanon.82289a2ec32153b1e8b79c7ed5abc1ec.478
b0000fb8 b0000fb8        8     4         /Users/user/Source/mozak/mozak-vm/examples/target/riscv32im-mozak-zkvm-elf/release/deps/stdin-285e8814ef7d8bc6.stdin.675c3df60f10ce83-cgu.0.rcgu.o:(.rodata..Lanon.82289a2ec32153b1e8b79c7ed5abc1ec.479)
b0000fb8 b0000fb8        8     1                 .Lanon.82289a2ec32153b1e8b79c7ed5abc1ec.479
b0000fc0 b0000fc0       14     1         /Users/user/Source/mozak/mozak-vm/examples/target/riscv32im-mozak-zkvm-elf/release/deps/stdin-285e8814ef7d8bc6.stdin.675c3df60f10ce83-cgu.0.rcgu.o:(.rodata..Lanon.82289a2ec32153b1e8b79c7ed5abc1ec.480)
b0000fc0 b0000fc0       14     1                 .Lanon.82289a2ec32153b1e8b79c7ed5abc1ec.480
b0000fd4 b0000fd4       21     1         /Users/user/Source/mozak/mozak-vm/examples/target/riscv32im-mozak-zkvm-elf/release/deps/stdin-285e8814ef7d8bc6.stdin.675c3df60f10ce83-cgu.0.rcgu.o:(.rodata..Lanon.82289a2ec32153b1e8b79c7ed5abc1ec.497)
b0000fd4 b0000fd4       21     1                 .Lanon.82289a2ec32153b1e8b79c7ed5abc1ec.497
b0000ff8 b0000ff8        8     4         /Users/user/Source/mozak/mozak-vm/examples/target/riscv32im-mozak-zkvm-elf/release/deps/stdin-285e8814ef7d8bc6.stdin.675c3df60f10ce83-cgu.0.rcgu.o:(.rodata..Lanon.82289a2ec32153b1e8b79c7ed5abc1ec.498)
b0000ff8 b0000ff8        8     1                 .Lanon.82289a2ec32153b1e8b79c7ed5abc1ec.498
b0001000 b0001000       a4     4         /Users/user/Source/mozak/mozak-vm/examples/target/riscv32im-mozak-zkvm-elf/release/deps/stdin-285e8814ef7d8bc6.stdin.675c3df60f10ce83-cgu.0.rcgu.o:(.rodata..Lswitch.table._ZN62_$LT$std..io..error..ErrorKind$u20$as$u20$core..fmt..Debug$GT$3fmt17hee67fcd31c7a3432E)
b0001000 b0001000       a4     1                 .Lswitch.table._ZN62_$LT$std..io..error..ErrorKind$u20$as$u20$core..fmt..Debug$GT$3fmt17hee67fcd31c7a3432E
b00010a4 b00010a4       a4     4         /Users/user/Source/mozak/mozak-vm/examples/target/riscv32im-mozak-zkvm-elf/release/deps/stdin-285e8814ef7d8bc6.stdin.675c3df60f10ce83-cgu.0.rcgu.o:(.rodata..Lswitch.table._ZN62_$LT$std..io..error..ErrorKind$u20$as$u20$core..fmt..Debug$GT$3fmt17hee67fcd31c7a3432E.202)
b00010a4 b00010a4       a4     1                 .Lswitch.table._ZN62_$LT$std..io..error..ErrorKind$u20$as$u20$core..fmt..Debug$GT$3fmt17hee67fcd31c7a3432E.202
b0001148 b0001148        0     1 _rodata_start = ADDR ( .rodata )
b0001148 b0001148        0     1 _rodata_end = _rodata_start + SIZEOF ( .rodata )
b0001148 b0001148       10     1 .text._start
b0001148 b0001148       10     1         /Users/user/Source/mozak/mozak-vm/examples/target/riscv32im-mozak-zkvm-elf/release/deps/stdin-285e8814ef7d8bc6.stdin.675c3df60f10ce83-cgu.0.rcgu.o:(.text._start)
b0001148 b0001148        0     1                 .Lpcrel_hi0
b0001148 b0001148        0     1                 _start
b0001158 b0001158       24     4 .text._ZN4core3ptr42drop_in_place$LT$std..io..error..Error$GT$17h6b497180ee06b412E
b0001158 b0001158       24     4         /Users/user/Source/mozak/mozak-vm/examples/target/riscv32im-mozak-zkvm-elf/release/deps/stdin-285e8814ef7d8bc6.stdin.675c3df60f10ce83-cgu.0.rcgu.o:(.text._ZN4core3ptr42drop_in_place$LT$std..io..error..Error$GT$17h6b497180ee06b412E)
b0001158 b0001158       24     1                 core::ptr::drop_in_place$LT$std..io..error..Error$GT$::h6b497180ee06b412
b000117c b000117c       54     4 .text._ZN4core6result19Result$LT$T$C$E$GT$6expect17h5998057566bc01dfE
b000117c b000117c       54     4         /Users/user/Source/mozak/mozak-vm/examples/target/riscv32im-mozak-zkvm-elf/release/deps/stdin-285e8814ef7d8bc6.stdin.675c3df60f10ce83-cgu.0.rcgu.o:(.text._ZN4core6result19Result$LT$T$C$E$GT$6expect17h5998057566bc01dfE)
b000117c b000117c       54     1                 core::result::Result$LT$T$C$E$GT$::expect::h5998057566bc01df
b00011d0 b00011d0       48     4 .text._ZN5alloc5alloc15exchange_malloc17h80323cb188738969E
b00011d0 b00011d0       48     4         /Users/user/Source/mozak/mozak-vm/examples/target/riscv32im-mozak-zkvm-elf/release/deps/stdin-285e8814ef7d8bc6.stdin.675c3df60f10ce83-cgu.0.rcgu.o:(.text._ZN5alloc5alloc15exchange_malloc17h80323cb188738969E)
b00011d0 b00011d0       48     1                 alloc::alloc::exchange_malloc::h80323cb188738969
b0001218 b0001218      264     4 .text.main
b0001218 b0001218      264     4         /Users/user/Source/mozak/mozak-vm/examples/target/riscv32im-mozak-zkvm-elf/release/deps/stdin-285e8814ef7d8bc6.stdin.675c3df60f10ce83-cgu.0.rcgu.o:(.text.main)
b0001218 b0001218      264     1                 main
b000147c b000147c        c     4 .text.__rust_alloc_error_handler
b000147c b000147c        c     4         /Users/user/Source/mozak/mozak-vm/examples/target/riscv32im-mozak-zkvm-elf/release/deps/stdin-285e8814ef7d8bc6.stdin.675c3df60f10ce83-cgu.0.rcgu.o:(.text.__rust_alloc_error_handler)
b000147c b000147c        c     1                 __rust_alloc_error_handler
b0001488 b0001488       50     4 .text._ZN5alloc3vec16Vec$LT$T$C$A$GT$17extend_from_slice17hfe6e08b6fa07a573E
b0001488 b0001488       50     4         /Users/user/Source/mozak/mozak-vm/examples/target/riscv32im-mozak-zkvm-elf/release/deps/stdin-285e8814ef7d8bc6.stdin.675c3df60f10ce83-cgu.0.rcgu.o:(.text._ZN5alloc3vec16Vec$LT$T$C$A$GT$17extend_from_slice17hfe6e08b6fa07a573E)
b0001488 b0001488       50     1                 alloc::vec::Vec$LT$T$C$A$GT$::extend_from_slice::hfe6e08b6fa07a573
b00014d8 b00014d8       40     4 .text._ZN5alloc3vec16Vec$LT$T$C$A$GT$7reserve17hbd7355b5004d9784E
b00014d8 b00014d8       40     4         /Users/user/Source/mozak/mozak-vm/examples/target/riscv32im-mozak-zkvm-elf/release/deps/stdin-285e8814ef7d8bc6.stdin.675c3df60f10ce83-cgu.0.rcgu.o:(.text._ZN5alloc3vec16Vec$LT$T$C$A$GT$7reserve17hbd7355b5004d9784E)
b00014d8 b00014d8       40     1                 alloc::vec::Vec$LT$T$C$A$GT$::reserve::hbd7355b5004d9784
b0001518 b0001518       ac     4 .text._ZN5alloc7raw_vec19RawVec$LT$T$C$A$GT$14grow_amortized17hb9e1ae7e95dbde6fE
b0001518 b0001518       ac     4         /Users/user/Source/mozak/mozak-vm/examples/target/riscv32im-mozak-zkvm-elf/release/deps/stdin-285e8814ef7d8bc6.stdin.675c3df60f10ce83-cgu.0.rcgu.o:(.text._ZN5alloc7raw_vec19RawVec$LT$T$C$A$GT$14grow_amortized17hb9e1ae7e95dbde6fE)
b0001518 b0001518       ac     1                 alloc::raw_vec::RawVec$LT$T$C$A$GT$::grow_amortized::hb9e1ae7e95dbde6f
b00015c4 b00015c4       2c     4 .text._ZN5alloc7raw_vec14handle_reserve17h775787824c8a2273E
b00015c4 b00015c4       2c     4         /Users/user/Source/mozak/mozak-vm/examples/target/riscv32im-mozak-zkvm-elf/release/deps/stdin-285e8814ef7d8bc6.stdin.675c3df60f10ce83-cgu.0.rcgu.o:(.text._ZN5alloc7raw_vec14handle_reserve17h775787824c8a2273E)
b00015c4 b00015c4       2c     1                 alloc::raw_vec::handle_reserve::h775787824c8a2273
b00015f0 b00015f0       20     4 .text._ZN5alloc7raw_vec17capacity_overflow17hbe555f79224c7dfcE
b00015f0 b00015f0       20     4         /Users/user/Source/mozak/mozak-vm/examples/target/riscv32im-mozak-zkvm-elf/release/deps/stdin-285e8814ef7d8bc6.stdin.675c3df60f10ce83-cgu.0.rcgu.o:(.text._ZN5alloc7raw_vec17capacity_overflow17hbe555f79224c7dfcE)
b00015f0 b00015f0       20     1                 alloc::raw_vec::capacity_overflow::hbe555f79224c7dfc
b0001610 b0001610        c     4 .text.unlikely._ZN5alloc5alloc18handle_alloc_error17h0d5c61080916cdc5E
b0001610 b0001610        c     4         /Users/user/Source/mozak/mozak-vm/examples/target/riscv32im-mozak-zkvm-elf/release/deps/stdin-285e8814ef7d8bc6.stdin.675c3df60f10ce83-cgu.0.rcgu.o:(.text.unlikely._ZN5alloc5alloc18handle_alloc_error17h0d5c61080916cdc5E)
b0001610 b0001610        c     1                 alloc::alloc::handle_alloc_error::h0d5c61080916cdc5
b000161c b000161c       18     4 .text._ZN5alloc5alloc18handle_alloc_error8rt_error17h44577949bdc1e37cE
b000161c b000161c       18     4         /Users/user/Source/mozak/mozak-vm/examples/target/riscv32im-mozak-zkvm-elf/release/deps/stdin-285e8814ef7d8bc6.stdin.675c3df60f10ce83-cgu.0.rcgu.o:(.text._ZN5alloc5alloc18handle_alloc_error8rt_error17h44577949bdc1e37cE)
b000161c b000161c       18     1                 alloc::alloc::handle_alloc_error::rt_error::h44577949bdc1e37c
b0001634 b0001634       cc     4 .text._ZN5alloc7raw_vec11finish_grow17h5bc4bec0a4941c78E
b0001634 b0001634       cc     4         /Users/user/Source/mozak/mozak-vm/examples/target/riscv32im-mozak-zkvm-elf/release/deps/stdin-285e8814ef7d8bc6.stdin.675c3df60f10ce83-cgu.0.rcgu.o:(.text._ZN5alloc7raw_vec11finish_grow17h5bc4bec0a4941c78E)
b0001634 b0001634       cc     1                 alloc::raw_vec::finish_grow::h5bc4bec0a4941c78
b0001700 b0001700       30     4 .text._ZN5alloc5alloc6Global10alloc_impl17ha1a575bcefe64eb2E
b0001700 b0001700       30     4         /Users/user/Source/mozak/mozak-vm/examples/target/riscv32im-mozak-zkvm-elf/release/deps/stdin-285e8814ef7d8bc6.stdin.675c3df60f10ce83-cgu.0.rcgu.o:(.text._ZN5alloc5alloc6Global10alloc_impl17ha1a575bcefe64eb2E)
b0001700 b0001700       30     1                 alloc::alloc::Global::alloc_impl::ha1a575bcefe64eb2
b0001730 b0001730       44     4 .text._ZN5alloc7raw_vec19RawVec$LT$T$C$A$GT$11allocate_in17h3cc5e749cfa367c5E
b0001730 b0001730       44     4         /Users/user/Source/mozak/mozak-vm/examples/target/riscv32im-mozak-zkvm-elf/release/deps/stdin-285e8814ef7d8bc6.stdin.675c3df60f10ce83-cgu.0.rcgu.o:(.text._ZN5alloc7raw_vec19RawVec$LT$T$C$A$GT$11allocate_in17h3cc5e749cfa367c5E)
b0001730 b0001730       44     1                 alloc::raw_vec::RawVec$LT$T$C$A$GT$::allocate_in::h3cc5e749cfa367c5
b0001774 b0001774        8     4 .text._ZN4core3ops8function6FnOnce9call_once17h7225ba7536961854E
b0001774 b0001774        8     4         /Users/user/Source/mozak/mozak-vm/examples/target/riscv32im-mozak-zkvm-elf/release/deps/stdin-285e8814ef7d8bc6.stdin.675c3df60f10ce83-cgu.0.rcgu.o:(.text._ZN4core3ops8function6FnOnce9call_once17h7225ba7536961854E)
b0001774 b0001774        8     1                 core::ops::function::FnOnce::call_once::h7225ba7536961854
b000177c b000177c       3c     4 .text.unlikely._ZN4core9panicking9panic_fmt17h6cf384da77e316baE
b000177c b000177c       3c     4         /Users/user/Source/mozak/mozak-vm/examples/target/riscv32im-mozak-zkvm-elf/release/deps/stdin-285e8814ef7d8bc6.stdin.675c3df60f10ce83-cgu.0.rcgu.o:(.text.unlikely._ZN4core9panicking9panic_fmt17h6cf384da77e316baE)
b000177c b000177c       3c     1                 core::panicking::panic_fmt::h6cf384da77e316ba
b00017b8 b00017b8        4     4 .text._ZN4core3ptr88drop_in_place$LT$core..panic..panic_info..PanicInfo..internal_constructor..NoPayload$GT$17hdc43f7dae361b290E
b00017b8 b00017b8        4     4         /Users/user/Source/mozak/mozak-vm/examples/target/riscv32im-mozak-zkvm-elf/release/deps/stdin-285e8814ef7d8bc6.stdin.675c3df60f10ce83-cgu.0.rcgu.o:(.text._ZN4core3ptr88drop_in_place$LT$core..panic..panic_info..PanicInfo..internal_constructor..NoPayload$GT$17hdc43f7dae361b290E)
b00017b8 b00017b8        4     1                 core::ptr::drop_in_place$LT$core..panic..panic_info..PanicInfo..internal_constructor..NoPayload$GT$::hdc43f7dae361b290
b00017bc b00017bc       34     4 .text._ZN36_$LT$T$u20$as$u20$core..any..Any$GT$7type_id17h9fad98327abc2144E
b00017bc b00017bc       34     4         /Users/user/Source/mozak/mozak-vm/examples/target/riscv32im-mozak-zkvm-elf/release/deps/stdin-285e8814ef7d8bc6.stdin.675c3df60f10ce83-cgu.0.rcgu.o:(.text._ZN36_$LT$T$u20$as$u20$core..any..Any$GT$7type_id17h9fad98327abc2144E)
b00017bc b00017bc       34     1                 _$LT$T$u20$as$u20$core..any..Any$GT$::type_id::h9fad98327abc2144
b00017f0 b00017f0       24     4 .text.unlikely._ZN4core9panicking18panic_bounds_check17hd3a37ebca38ea0d8E
b00017f0 b00017f0       24     4         /Users/user/Source/mozak/mozak-vm/examples/target/riscv32im-mozak-zkvm-elf/release/deps/stdin-285e8814ef7d8bc6.stdin.675c3df60f10ce83-cgu.0.rcgu.o:(.text.unlikely._ZN4core9panicking18panic_bounds_check17hd3a37ebca38ea0d8E)
b00017f0 b00017f0       24     1                 core::panicking::panic_bounds_check::hd3a37ebca38ea0d8
b0001814 b0001814       14     4 .text._ZN4core3fmt3num3imp54_$LT$impl$u20$core..fmt..Display$u20$for$u20$usize$GT$3fmt17h3c901a63c4c8fbaeE
b0001814 b0001814       14     4         /Users/user/Source/mozak/mozak-vm/examples/target/riscv32im-mozak-zkvm-elf/release/deps/stdin-285e8814ef7d8bc6.stdin.675c3df60f10ce83-cgu.0.rcgu.o:(.text._ZN4core3fmt3num3imp54_$LT$impl$u20$core..fmt..Display$u20$for$u20$usize$GT$3fmt17h3c901a63c4c8fbaeE)
b0001814 b0001814       14     1                 core::fmt::num::imp::_$LT$impl$u20$core..fmt..Display$u20$for$u20$usize$GT$::fmt::h3c901a63c4c8fbae
b0001828 b0001828      178     4 .text._ZN4core3fmt3num3imp7fmt_u3217h6a53418f11a59983E
b0001828 b0001828      178     4         /Users/user/Source/mozak/mozak-vm/examples/target/riscv32im-mozak-zkvm-elf/release/deps/stdin-285e8814ef7d8bc6.stdin.675c3df60f10ce83-cgu.0.rcgu.o:(.text._ZN4core3fmt3num3imp7fmt_u3217h6a53418f11a59983E)
b0001828 b0001828      178     1                 core::fmt::num::imp::fmt_u32::h6a53418f11a59983
b00019a0 b00019a0      228     4 .text._ZN4core3fmt9Formatter12pad_integral17ha6d612a51d14e1a9E
b00019a0 b00019a0      228     4         /Users/user/Source/mozak/mozak-vm/examples/target/riscv32im-mozak-zkvm-elf/release/deps/stdin-285e8814ef7d8bc6.stdin.675c3df60f10ce83-cgu.0.rcgu.o:(.text._ZN4core3fmt9Formatter12pad_integral17ha6d612a51d14e1a9E)
b00019a0 b00019a0      228     1                 core::fmt::Formatter::pad_integral::ha6d612a51d14e1a9
b0001bc8 b0001bc8      1ac     4 .text._ZN81_$LT$core..str..iter..Chars$u20$as$u20$core..iter..traits..iterator..Iterator$GT$5count17h554465cbed964552E
b0001bc8 b0001bc8      1ac     4         /Users/user/Source/mozak/mozak-vm/examples/target/riscv32im-mozak-zkvm-elf/release/deps/stdin-285e8814ef7d8bc6.stdin.675c3df60f10ce83-cgu.0.rcgu.o:(.text._ZN81_$LT$core..str..iter..Chars$u20$as$u20$core..iter..traits..iterator..Iterator$GT$5count17h554465cbed964552E)
b0001bc8 b0001bc8      1ac     1                 _$LT$core..str..iter..Chars$u20$as$u20$core..iter..traits..iterator..Iterator$GT$::count::h554465cbed964552
b0001d74 b0001d74       6c     4 .text._ZN4core3fmt9Formatter12pad_integral12write_prefix17h3dad155e03b7993dE
b0001d74 b0001d74       6c     4         /Users/user/Source/mozak/mozak-vm/examples/target/riscv32im-mozak-zkvm-elf/release/deps/stdin-285e8814ef7d8bc6.stdin.675c3df60f10ce83-cgu.0.rcgu.o:(.text._ZN4core3fmt9Formatter12pad_integral12write_prefix17h3dad155e03b7993dE)
b0001d74 b0001d74       6c     1                 core::fmt::Formatter::pad_integral::write_prefix::h3dad155e03b7993d
b0001de0 b0001de0       94     4 .text._ZN4core3fmt9Formatter7padding17h20e1c560cf81d912E
b0001de0 b0001de0       94     4         /Users/user/Source/mozak/mozak-vm/examples/target/riscv32im-mozak-zkvm-elf/release/deps/stdin-285e8814ef7d8bc6.stdin.675c3df60f10ce83-cgu.0.rcgu.o:(.text._ZN4core3fmt9Formatter7padding17h20e1c560cf81d912E)
b0001de0 b0001de0       94     1                 core::fmt::Formatter::padding::h20e1c560cf81d912
b0001e74 b0001e74       70     4 .text._ZN4core3fmt11PostPadding5write17h17ac61974a41cef6E
b0001e74 b0001e74       70     4         /Users/user/Source/mozak/mozak-vm/examples/target/riscv32im-mozak-zkvm-elf/release/deps/stdin-285e8814ef7d8bc6.stdin.675c3df60f10ce83-cgu.0.rcgu.o:(.text._ZN4core3fmt11PostPadding5write17h17ac61974a41cef6E)
b0001e74 b0001e74       70     1                 core::fmt::PostPadding::write::h17ac61974a41cef6
b0001ee4 b0001ee4       2c     4 .text._ZN4core3str5count23char_count_general_case17h5738ba5a830cb816E
b0001ee4 b0001ee4       2c     4         /Users/user/Source/mozak/mozak-vm/examples/target/riscv32im-mozak-zkvm-elf/release/deps/stdin-285e8814ef7d8bc6.stdin.675c3df60f10ce83-cgu.0.rcgu.o:(.text._ZN4core3str5count23char_count_general_case17h5738ba5a830cb816E)
b0001ee4 b0001ee4       2c     1                 core::str::count::char_count_general_case::h5738ba5a830cb816
b0001f10 b0001f10       44     4 .text._ZN4core5slice29_$LT$impl$u20$$u5b$T$u5d$$GT$8split_at17h9a718f1cdeec5deeE
b0001f10 b0001f10       44     4         /Users/user/Source/mozak/mozak-vm/examples/target/riscv32im-mozak-zkvm-elf/release/deps/stdin-285e8814ef7d8bc6.stdin.675c3df60f10ce83-cgu.0.rcgu.o:(.text._ZN4core5slice29_$LT$impl$u20$$u5b$T$u5d$$GT$8split_at17h9a718f1cdeec5deeE)
b0001f10 b0001f10       44     1                 core::slice::_$LT$impl$u20$$u5b$T$u5d$$GT$::split_at::h9a718f1cdeec5dee
b0001f54 b0001f54       44     4 .text.unlikely._ZN4core9panicking5panic17ha370d1b07728edecE
b0001f54 b0001f54       44     4         /Users/user/Source/mozak/mozak-vm/examples/target/riscv32im-mozak-zkvm-elf/release/deps/stdin-285e8814ef7d8bc6.stdin.675c3df60f10ce83-cgu.0.rcgu.o:(.text.unlikely._ZN4core9panicking5panic17ha370d1b07728edecE)
b0001f54 b0001f54       44     1                 core::panicking::panic::ha370d1b07728edec
b0001f98 b0001f98        c     4 .text.unlikely._ZN4core5slice5index26slice_start_index_len_fail17h6e8fae008bbe62a5E
b0001f98 b0001f98        c     4         /Users/user/Source/mozak/mozak-vm/examples/target/riscv32im-mozak-zkvm-elf/release/deps/stdin-285e8814ef7d8bc6.stdin.675c3df60f10ce83-cgu.0.rcgu.o:(.text.unlikely._ZN4core5slice5index26slice_start_index_len_fail17h6e8fae008bbe62a5E)
b0001f98 b0001f98        c     1                 core::slice::index::slice_start_index_len_fail::h6e8fae008bbe62a5
b0001fa4 b0001fa4       24     4 .text._ZN4core5slice5index29slice_start_index_len_fail_rt17hffaeea1cd326d6edE
b0001fa4 b0001fa4       24     4         /Users/user/Source/mozak/mozak-vm/examples/target/riscv32im-mozak-zkvm-elf/release/deps/stdin-285e8814ef7d8bc6.stdin.675c3df60f10ce83-cgu.0.rcgu.o:(.text._ZN4core5slice5index29slice_start_index_len_fail_rt17hffaeea1cd326d6edE)
b0001fa4 b0001fa4       24     1                 core::slice::index::slice_start_index_len_fail_rt::hffaeea1cd326d6ed
b0001fc8 b0001fc8        c     4 .text.unlikely._ZN4core5slice5index24slice_end_index_len_fail17h8e64e68ba50caaa0E
b0001fc8 b0001fc8        c     4         /Users/user/Source/mozak/mozak-vm/examples/target/riscv32im-mozak-zkvm-elf/release/deps/stdin-285e8814ef7d8bc6.stdin.675c3df60f10ce83-cgu.0.rcgu.o:(.text.unlikely._ZN4core5slice5index24slice_end_index_len_fail17h8e64e68ba50caaa0E)
b0001fc8 b0001fc8        c     1                 core::slice::index::slice_end_index_len_fail::h8e64e68ba50caaa0
b0001fd4 b0001fd4       24     4 .text._ZN4core5slice5index27slice_end_index_len_fail_rt17h0446d6106d1847e3E
b0001fd4 b0001fd4       24     4         /Users/user/Source/mozak/mozak-vm/examples/target/riscv32im-mozak-zkvm-elf/release/deps/stdin-285e8814ef7d8bc6.stdin.675c3df60f10ce83-cgu.0.rcgu.o:(.text._ZN4core5slice5index27slice_end_index_len_fail_rt17h0446d6106d1847e3E)
b0001fd4 b0001fd4       24     1                 core::slice::index::slice_end_index_len_fail_rt::h0446d6106d1847e3
b0001ff8 b0001ff8       44     4 .text.unlikely._ZN4core5slice29_$LT$impl$u20$$u5b$T$u5d$$GT$15copy_from_slice17len_mismatch_fail17h7a417e6e3c716917E
b0001ff8 b0001ff8       44     4         /Users/user/Source/mozak/mozak-vm/examples/target/riscv32im-mozak-zkvm-elf/release/deps/stdin-285e8814ef7d8bc6.stdin.675c3df60f10ce83-cgu.0.rcgu.o:(.text.unlikely._ZN4core5slice29_$LT$impl$u20$$u5b$T$u5d$$GT$15copy_from_slice17len_mismatch_fail17h7a417e6e3c716917E)
b0001ff8 b0001ff8       44     1                 core::slice::_$LT$impl$u20$$u5b$T$u5d$$GT$::copy_from_slice::len_mismatch_fail::h7a417e6e3c716917
b000203c b000203c       44     4 .text._ZN106_$LT$core..ops..range..Range$LT$usize$GT$$u20$as$u20$core..slice..index..SliceIndex$LT$$u5b$T$u5d$$GT$$GT$5index17h8cdd5e675b689c58E
b000203c b000203c       44     4         /Users/user/Source/mozak/mozak-vm/examples/target/riscv32im-mozak-zkvm-elf/release/deps/stdin-285e8814ef7d8bc6.stdin.675c3df60f10ce83-cgu.0.rcgu.o:(.text._ZN106_$LT$core..ops..range..Range$LT$usize$GT$$u20$as$u20$core..slice..index..SliceIndex$LT$$u5b$T$u5d$$GT$$GT$5index17h8cdd5e675b689c58E)
b000203c b000203c       44     1                 _$LT$core..ops..range..Range$LT$usize$GT$$u20$as$u20$core..slice..index..SliceIndex$LT$$u5b$T$u5d$$GT$$GT$::index::h8cdd5e675b689c58
b0002080 b0002080        c     4 .text.unlikely._ZN4core5slice5index22slice_index_order_fail17h86b8534b50937acbE
b0002080 b0002080        c     4         /Users/user/Source/mozak/mozak-vm/examples/target/riscv32im-mozak-zkvm-elf/release/deps/stdin-285e8814ef7d8bc6.stdin.675c3df60f10ce83-cgu.0.rcgu.o:(.text.unlikely._ZN4core5slice5index22slice_index_order_fail17h86b8534b50937acbE)
b0002080 b0002080        c     1                 core::slice::index::slice_index_order_fail::h86b8534b50937acb
b000208c b000208c       24     4 .text._ZN4core5slice5index25slice_index_order_fail_rt17habd6453becde843fE
b000208c b000208c       24     4         /Users/user/Source/mozak/mozak-vm/examples/target/riscv32im-mozak-zkvm-elf/release/deps/stdin-285e8814ef7d8bc6.stdin.675c3df60f10ce83-cgu.0.rcgu.o:(.text._ZN4core5slice5index25slice_index_order_fail_rt17habd6453becde843fE)
b000208c b000208c       24     1                 core::slice::index::slice_index_order_fail_rt::habd6453becde843f
b00020b0 b00020b0      13c     4 .text._ZN4core3fmt9Formatter3pad17ha94a611459efb904E
b00020b0 b00020b0      13c     4         /Users/user/Source/mozak/mozak-vm/examples/target/riscv32im-mozak-zkvm-elf/release/deps/stdin-285e8814ef7d8bc6.stdin.675c3df60f10ce83-cgu.0.rcgu.o:(.text._ZN4core3fmt9Formatter3pad17ha94a611459efb904E)
b00020b0 b00020b0      13c     1                 core::fmt::Formatter::pad::ha94a611459efb904
b00021ec b00021ec       6c     4 .text._ZN87_$LT$core..str..iter..CharIndices$u20$as$u20$core..iter..traits..iterator..Iterator$GT$4next17h98365218e1d79aacE
b00021ec b00021ec       6c     4         /Users/user/Source/mozak/mozak-vm/examples/target/riscv32im-mozak-zkvm-elf/release/deps/stdin-285e8814ef7d8bc6.stdin.675c3df60f10ce83-cgu.0.rcgu.o:(.text._ZN87_$LT$core..str..iter..CharIndices$u20$as$u20$core..iter..traits..iterator..Iterator$GT$4next17h98365218e1d79aacE)
b00021ec b00021ec       6c     1                 _$LT$core..str..iter..CharIndices$u20$as$u20$core..iter..traits..iterator..Iterator$GT$::next::h98365218e1d79aac
b0002258 b0002258       34     4 .text._ZN4core3str6traits110_$LT$impl$u20$core..slice..index..SliceIndex$LT$str$GT$$u20$for$u20$core..ops..range..RangeTo$LT$usize$GT$$GT$3get17h715de00143738781E
b0002258 b0002258       34     4         /Users/user/Source/mozak/mozak-vm/examples/target/riscv32im-mozak-zkvm-elf/release/deps/stdin-285e8814ef7d8bc6.stdin.675c3df60f10ce83-cgu.0.rcgu.o:(.text._ZN4core3str6traits110_$LT$impl$u20$core..slice..index..SliceIndex$LT$str$GT$$u20$for$u20$core..ops..range..RangeTo$LT$usize$GT$$GT$3get17h715de00143738781E)
b0002258 b0002258       34     1                 core::str::traits::_$LT$impl$u20$core..slice..index..SliceIndex$LT$str$GT$$u20$for$u20$core..ops..range..RangeTo$LT$usize$GT$$GT$::get::h715de00143738781
b000228c b000228c       ac     4 .text._ZN81_$LT$core..str..iter..Chars$u20$as$u20$core..iter..traits..iterator..Iterator$GT$4next17hfdc991d5c3f3d793E.41
b000228c b000228c       ac     4         /Users/user/Source/mozak/mozak-vm/examples/target/riscv32im-mozak-zkvm-elf/release/deps/stdin-285e8814ef7d8bc6.stdin.675c3df60f10ce83-cgu.0.rcgu.o:(.text._ZN81_$LT$core..str..iter..Chars$u20$as$u20$core..iter..traits..iterator..Iterator$GT$4next17hfdc991d5c3f3d793E.41)
b000228c b000228c       ac     1                 _$LT$core..str..iter..Chars$u20$as$u20$core..iter..traits..iterator..Iterator$GT$::next::hfdc991d5c3f3d793 (.41)
b0002338 b0002338       18     4 .text._ZN44_$LT$$RF$T$u20$as$u20$core..fmt..Display$GT$3fmt17hbf45b6a0fca716deE
b0002338 b0002338       18     4         /Users/user/Source/mozak/mozak-vm/examples/target/riscv32im-mozak-zkvm-elf/release/deps/stdin-285e8814ef7d8bc6.stdin.675c3df60f10ce83-cgu.0.rcgu.o:(.text._ZN44_$LT$$RF$T$u20$as$u20$core..fmt..Display$GT$3fmt17hbf45b6a0fca716deE)
b0002338 b0002338       18     1                 _$LT$$RF$T$u20$as$u20$core..fmt..Display$GT$::fmt::hbf45b6a0fca716de
b0002350 b0002350       10     4 .text._ZN42_$LT$$RF$T$u20$as$u20$core..fmt..Debug$GT$3fmt17ha150e431efee4ff6E
b0002350 b0002350       10     4         /Users/user/Source/mozak/mozak-vm/examples/target/riscv32im-mozak-zkvm-elf/release/deps/stdin-285e8814ef7d8bc6.stdin.675c3df60f10ce83-cgu.0.rcgu.o:(.text._ZN42_$LT$$RF$T$u20$as$u20$core..fmt..Debug$GT$3fmt17ha150e431efee4ff6E)
b0002350 b0002350       10     1                 _$LT$$RF$T$u20$as$u20$core..fmt..Debug$GT$::fmt::ha150e431efee4ff6
b0002360 b0002360      1d4     4 .text._ZN4core3fmt5write17ha4a4f6eb0f6ce925E
b0002360 b0002360      1d4     4         /Users/user/Source/mozak/mozak-vm/examples/target/riscv32im-mozak-zkvm-elf/release/deps/stdin-285e8814ef7d8bc6.stdin.675c3df60f10ce83-cgu.0.rcgu.o:(.text._ZN4core3fmt5write17ha4a4f6eb0f6ce925E)
b0002360 b0002360      1d4     1                 core::fmt::write::ha4a4f6eb0f6ce925
b0002534 b0002534       4c     4 .text._ZN4core3fmt8getcount17hfb8b8720eca3f94aE
b0002534 b0002534       4c     4         /Users/user/Source/mozak/mozak-vm/examples/target/riscv32im-mozak-zkvm-elf/release/deps/stdin-285e8814ef7d8bc6.stdin.675c3df60f10ce83-cgu.0.rcgu.o:(.text._ZN4core3fmt8getcount17hfb8b8720eca3f94aE)
b0002534 b0002534       4c     1                 core::fmt::getcount::hfb8b8720eca3f94a
b0002580 b0002580       38     4 .text._ZN4core5array85_$LT$impl$u20$core..ops..index..Index$LT$I$GT$$u20$for$u20$$u5b$T$u3b$$u20$N$u5d$$GT$5index17h48e36845b7f1894bE
b0002580 b0002580       38     4         /Users/user/Source/mozak/mozak-vm/examples/target/riscv32im-mozak-zkvm-elf/release/deps/stdin-285e8814ef7d8bc6.stdin.675c3df60f10ce83-cgu.0.rcgu.o:(.text._ZN4core5array85_$LT$impl$u20$core..ops..index..Index$LT$I$GT$$u20$for$u20$$u5b$T$u3b$$u20$N$u5d$$GT$5index17h48e36845b7f1894bE)
b0002580 b0002580       38     1                 core::array::_$LT$impl$u20$core..ops..index..Index$LT$I$GT$$u20$for$u20$$u5b$T$u3b$$u20$N$u5d$$GT$::index::h48e36845b7f1894b
b00025b8 b00025b8       a4     4 .text._ZN4core3fmt3num52_$LT$impl$u20$core..fmt..Debug$u20$for$u20$usize$GT$3fmt17h64a7ff65067d03dfE.48
b00025b8 b00025b8       a4     4         /Users/user/Source/mozak/mozak-vm/examples/target/riscv32im-mozak-zkvm-elf/release/deps/stdin-285e8814ef7d8bc6.stdin.675c3df60f10ce83-cgu.0.rcgu.o:(.text._ZN4core3fmt3num52_$LT$impl$u20$core..fmt..Debug$u20$for$u20$usize$GT$3fmt17h64a7ff65067d03dfE.48)
b00025b8 b00025b8       a4     1                 core::fmt::num::_$LT$impl$u20$core..fmt..Debug$u20$for$u20$usize$GT$::fmt::h64a7ff65067d03df (.48)
b000265c b000265c      350     4 .text._ZN68_$LT$core..fmt..builders..PadAdapter$u20$as$u20$core..fmt..Write$GT$9write_str17hb46de3d96bbac3abE
b000265c b000265c      350     4         /Users/user/Source/mozak/mozak-vm/examples/target/riscv32im-mozak-zkvm-elf/release/deps/stdin-285e8814ef7d8bc6.stdin.675c3df60f10ce83-cgu.0.rcgu.o:(.text._ZN68_$LT$core..fmt..builders..PadAdapter$u20$as$u20$core..fmt..Write$GT$9write_str17hb46de3d96bbac3abE)
b000265c b000265c      350     1                 _$LT$core..fmt..builders..PadAdapter$u20$as$u20$core..fmt..Write$GT$::write_str::hb46de3d96bbac3ab
b00029ac b00029ac       38     4 .text._ZN4core3cmp5impls69_$LT$impl$u20$core..cmp..PartialEq$LT$$RF$B$GT$$u20$for$u20$$RF$A$GT$2eq17haa57a0a971716a11E
b00029ac b00029ac       38     4         /Users/user/Source/mozak/mozak-vm/examples/target/riscv32im-mozak-zkvm-elf/release/deps/stdin-285e8814ef7d8bc6.stdin.675c3df60f10ce83-cgu.0.rcgu.o:(.text._ZN4core3cmp5impls69_$LT$impl$u20$core..cmp..PartialEq$LT$$RF$B$GT$$u20$for$u20$$RF$A$GT$2eq17haa57a0a971716a11E)
b00029ac b00029ac       38     1                 core::cmp::impls::_$LT$impl$u20$core..cmp..PartialEq$LT$$RF$B$GT$$u20$for$u20$$RF$A$GT$::eq::haa57a0a971716a11
b00029e4 b00029e4       38     4 .text._ZN4core5slice6memchr12memchr_naive17h1f71a8aacbdc848fE
b00029e4 b00029e4       38     4         /Users/user/Source/mozak/mozak-vm/examples/target/riscv32im-mozak-zkvm-elf/release/deps/stdin-285e8814ef7d8bc6.stdin.675c3df60f10ce83-cgu.0.rcgu.o:(.text._ZN4core5slice6memchr12memchr_naive17h1f71a8aacbdc848fE)
b00029e4 b00029e4       38     1                 core::slice::memchr::memchr_naive::h1f71a8aacbdc848f
b0002a1c b0002a1c       84     4 .text._ZN71_$LT$core..ops..range..Range$LT$Idx$GT$$u20$as$u20$core..fmt..Debug$GT$3fmt17hff1c32deedfff0b3E
b0002a1c b0002a1c       84     4         /Users/user/Source/mozak/mozak-vm/examples/target/riscv32im-mozak-zkvm-elf/release/deps/stdin-285e8814ef7d8bc6.stdin.675c3df60f10ce83-cgu.0.rcgu.o:(.text._ZN71_$LT$core..ops..range..Range$LT$Idx$GT$$u20$as$u20$core..fmt..Debug$GT$3fmt17hff1c32deedfff0b3E)
b0002a1c b0002a1c       84     1                 _$LT$core..ops..range..Range$LT$Idx$GT$$u20$as$u20$core..fmt..Debug$GT$::fmt::hff1c32deedfff0b3
b0002aa0 b0002aa0        4     4 .text._ZN4core3ptr52drop_in_place$LT$core..fmt..builders..PadAdapter$GT$17h01e0d43cfc7bd4ecE
b0002aa0 b0002aa0        4     4         /Users/user/Source/mozak/mozak-vm/examples/target/riscv32im-mozak-zkvm-elf/release/deps/stdin-285e8814ef7d8bc6.stdin.675c3df60f10ce83-cgu.0.rcgu.o:(.text._ZN4core3ptr52drop_in_place$LT$core..fmt..builders..PadAdapter$GT$17h01e0d43cfc7bd4ecE)
b0002aa0 b0002aa0        4     1                 core::ptr::drop_in_place$LT$core..fmt..builders..PadAdapter$GT$::h01e0d43cfc7bd4ec
b0002aa4 b0002aa4       70     4 .text._ZN68_$LT$core..fmt..builders..PadAdapter$u20$as$u20$core..fmt..Write$GT$10write_char17h4a3003ddd1c19394E
b0002aa4 b0002aa4       70     4         /Users/user/Source/mozak/mozak-vm/examples/target/riscv32im-mozak-zkvm-elf/release/deps/stdin-285e8814ef7d8bc6.stdin.675c3df60f10ce83-cgu.0.rcgu.o:(.text._ZN68_$LT$core..fmt..builders..PadAdapter$u20$as$u20$core..fmt..Write$GT$10write_char17h4a3003ddd1c19394E)
b0002aa4 b0002aa4       70     1                 _$LT$core..fmt..builders..PadAdapter$u20$as$u20$core..fmt..Write$GT$::write_char::h4a3003ddd1c19394
b0002b14 b0002b14       1c     4 .text._ZN4core3fmt5Write9write_fmt17hfa2457f7e7f8f2e3E
b0002b14 b0002b14       1c     4         /Users/user/Source/mozak/mozak-vm/examples/target/riscv32im-mozak-zkvm-elf/release/deps/stdin-285e8814ef7d8bc6.stdin.675c3df60f10ce83-cgu.0.rcgu.o:(.text._ZN4core3fmt5Write9write_fmt17hfa2457f7e7f8f2e3E)
b0002b14 b0002b14       1c     1                 core::fmt::Write::write_fmt::hfa2457f7e7f8f2e3
b0002b30 b0002b30       7c     4 .text._ZN4core3fmt8builders11DebugStruct6finish17h28c91e0df5e832f6E
b0002b30 b0002b30       7c     4         /Users/user/Source/mozak/mozak-vm/examples/target/riscv32im-mozak-zkvm-elf/release/deps/stdin-285e8814ef7d8bc6.stdin.675c3df60f10ce83-cgu.0.rcgu.o:(.text._ZN4core3fmt8builders11DebugStruct6finish17h28c91e0df5e832f6E)
b0002b30 b0002b30       7c     1                 core::fmt::builders::DebugStruct::finish::h28c91e0df5e832f6
b0002bac b0002bac      194     4 .text._ZN4core4char13EscapeUnicode3new17hf53206abbeb91239E
b0002bac b0002bac      194     4         /Users/user/Source/mozak/mozak-vm/examples/target/riscv32im-mozak-zkvm-elf/release/deps/stdin-285e8814ef7d8bc6.stdin.675c3df60f10ce83-cgu.0.rcgu.o:(.text._ZN4core4char13EscapeUnicode3new17hf53206abbeb91239E)
b0002bac b0002bac      194     1                 core::char::EscapeUnicode::new::hf53206abbeb91239
b0002d40 b0002d40       34     4 .text._ZN4core5slice29_$LT$impl$u20$$u5b$T$u5d$$GT$15copy_from_slice17h125073fdead7468fE
b0002d40 b0002d40       34     4         /Users/user/Source/mozak/mozak-vm/examples/target/riscv32im-mozak-zkvm-elf/release/deps/stdin-285e8814ef7d8bc6.stdin.675c3df60f10ce83-cgu.0.rcgu.o:(.text._ZN4core5slice29_$LT$impl$u20$$u5b$T$u5d$$GT$15copy_from_slice17h125073fdead7468fE)
b0002d40 b0002d40       34     1                 core::slice::_$LT$impl$u20$$u5b$T$u5d$$GT$::copy_from_slice::h125073fdead7468f
b0002d74 b0002d74       68     4 .text._ZN4core6escape24EscapeIterInner$LT$_$GT$10from_array17h60a08ecc8646f062E
b0002d74 b0002d74       68     4         /Users/user/Source/mozak/mozak-vm/examples/target/riscv32im-mozak-zkvm-elf/release/deps/stdin-285e8814ef7d8bc6.stdin.675c3df60f10ce83-cgu.0.rcgu.o:(.text._ZN4core6escape24EscapeIterInner$LT$_$GT$10from_array17h60a08ecc8646f062E)
b0002d74 b0002d74       68     1                 core::escape::EscapeIterInner$LT$_$GT$::from_array::h60a08ecc8646f062
b0002ddc b0002ddc      368     4 .text._ZN4core4char7methods22_$LT$impl$u20$char$GT$16escape_debug_ext17h6f4355f1e16232baE
b0002ddc b0002ddc      368     4         /Users/user/Source/mozak/mozak-vm/examples/target/riscv32im-mozak-zkvm-elf/release/deps/stdin-285e8814ef7d8bc6.stdin.675c3df60f10ce83-cgu.0.rcgu.o:(.text._ZN4core4char7methods22_$LT$impl$u20$char$GT$16escape_debug_ext17h6f4355f1e16232baE)
b0002ddc b0002ddc      368     1                 core::char::methods::_$LT$impl$u20$char$GT$::escape_debug_ext::h6f4355f1e16232ba
b0003144 b0003144      14c     4 .text._ZN4core7unicode9printable5check17h01dc12cb4953f124E
b0003144 b0003144      14c     4         /Users/user/Source/mozak/mozak-vm/examples/target/riscv32im-mozak-zkvm-elf/release/deps/stdin-285e8814ef7d8bc6.stdin.675c3df60f10ce83-cgu.0.rcgu.o:(.text._ZN4core7unicode9printable5check17h01dc12cb4953f124E)
b0003144 b0003144      14c     1                 core::unicode::printable::check::h01dc12cb4953f124
b0003290 b0003290       70     4 .text._ZN82_$LT$core..char..EscapeDebug$u20$as$u20$core..iter..traits..iterator..Iterator$GT$4next17h7e5bd09edd0261b5E
b0003290 b0003290       70     4         /Users/user/Source/mozak/mozak-vm/examples/target/riscv32im-mozak-zkvm-elf/release/deps/stdin-285e8814ef7d8bc6.stdin.675c3df60f10ce83-cgu.0.rcgu.o:(.text._ZN82_$LT$core..char..EscapeDebug$u20$as$u20$core..iter..traits..iterator..Iterator$GT$4next17h7e5bd09edd0261b5E)
b0003290 b0003290       70     1                 _$LT$core..char..EscapeDebug$u20$as$u20$core..iter..traits..iterator..Iterator$GT$::next::h7e5bd09edd0261b5
b0003300 b0003300      1e8     4 .text._ZN4core3fmt8builders11DebugStruct5field17h48c7a9efaacf4a04E
b0003300 b0003300      1e8     4         /Users/user/Source/mozak/mozak-vm/examples/target/riscv32im-mozak-zkvm-elf/release/deps/stdin-285e8814ef7d8bc6.stdin.675c3df60f10ce83-cgu.0.rcgu.o:(.text._ZN4core3fmt8builders11DebugStruct5field17h48c7a9efaacf4a04E)
b0003300 b0003300      1e8     1                 core::fmt::builders::DebugStruct::field::h48c7a9efaacf4a04
b00034e8 b00034e8       98     4 .text._ZN41_$LT$char$u20$as$u20$core..fmt..Debug$GT$3fmt17h7eef1eadd3eb34efE
b00034e8 b00034e8       98     4         /Users/user/Source/mozak/mozak-vm/examples/target/riscv32im-mozak-zkvm-elf/release/deps/stdin-285e8814ef7d8bc6.stdin.675c3df60f10ce83-cgu.0.rcgu.o:(.text._ZN41_$LT$char$u20$as$u20$core..fmt..Debug$GT$3fmt17h7eef1eadd3eb34efE)
b00034e8 b00034e8       98     1                 _$LT$char$u20$as$u20$core..fmt..Debug$GT$::fmt::h7eef1eadd3eb34ef
b0003580 b0003580       20     4 .text._ZN42_$LT$$RF$T$u20$as$u20$core..fmt..Debug$GT$3fmt17h250a861904b2ecceE
b0003580 b0003580       20     4         /Users/user/Source/mozak/mozak-vm/examples/target/riscv32im-mozak-zkvm-elf/release/deps/stdin-285e8814ef7d8bc6.stdin.675c3df60f10ce83-cgu.0.rcgu.o:(.text._ZN42_$LT$$RF$T$u20$as$u20$core..fmt..Debug$GT$3fmt17h250a861904b2ecceE)
b0003580 b0003580       20     1                 _$LT$$RF$T$u20$as$u20$core..fmt..Debug$GT$::fmt::h250a861904b2ecce
b00035a0 b00035a0      1f0     4 .text._ZN40_$LT$str$u20$as$u20$core..fmt..Debug$GT$3fmt17h0695773c34079a85E
b00035a0 b00035a0      1f0     4         /Users/user/Source/mozak/mozak-vm/examples/target/riscv32im-mozak-zkvm-elf/release/deps/stdin-285e8814ef7d8bc6.stdin.675c3df60f10ce83-cgu.0.rcgu.o:(.text._ZN40_$LT$str$u20$as$u20$core..fmt..Debug$GT$3fmt17h0695773c34079a85E)
b00035a0 b00035a0      1f0     1                 _$LT$str$u20$as$u20$core..fmt..Debug$GT$::fmt::h0695773c34079a85
b0003790 b0003790       38     4 .text._ZN4core3str6traits66_$LT$impl$u20$core..ops..index..Index$LT$I$GT$$u20$for$u20$str$GT$5index17h932c53af267e2e5bE
b0003790 b0003790       38     4         /Users/user/Source/mozak/mozak-vm/examples/target/riscv32im-mozak-zkvm-elf/release/deps/stdin-285e8814ef7d8bc6.stdin.675c3df60f10ce83-cgu.0.rcgu.o:(.text._ZN4core3str6traits66_$LT$impl$u20$core..ops..index..Index$LT$I$GT$$u20$for$u20$str$GT$5index17h932c53af267e2e5bE)
b0003790 b0003790       38     1                 core::str::traits::_$LT$impl$u20$core..ops..index..Index$LT$I$GT$$u20$for$u20$str$GT$::index::h932c53af267e2e5b
b00037c8 b00037c8        c     4 .text.unlikely._ZN4core3str16slice_error_fail17h560b443e89e01535E
b00037c8 b00037c8        c     4         /Users/user/Source/mozak/mozak-vm/examples/target/riscv32im-mozak-zkvm-elf/release/deps/stdin-285e8814ef7d8bc6.stdin.675c3df60f10ce83-cgu.0.rcgu.o:(.text.unlikely._ZN4core3str16slice_error_fail17h560b443e89e01535E)
b00037c8 b00037c8        c     1                 core::str::slice_error_fail::h560b443e89e01535
b00037d4 b00037d4      280     4 .text._ZN4core3str19slice_error_fail_rt17h87d27d3ce617812aE
b00037d4 b00037d4      280     4         /Users/user/Source/mozak/mozak-vm/examples/target/riscv32im-mozak-zkvm-elf/release/deps/stdin-285e8814ef7d8bc6.stdin.675c3df60f10ce83-cgu.0.rcgu.o:(.text._ZN4core3str19slice_error_fail_rt17h87d27d3ce617812aE)
b00037d4 b00037d4      280     1                 core::str::slice_error_fail_rt::h87d27d3ce617812a
b0003a54 b0003a54       6c     4 .text._ZN4core3str21_$LT$impl$u20$str$GT$19floor_char_boundary17hb17144ffd8e8c9c7E
b0003a54 b0003a54       6c     4         /Users/user/Source/mozak/mozak-vm/examples/target/riscv32im-mozak-zkvm-elf/release/deps/stdin-285e8814ef7d8bc6.stdin.675c3df60f10ce83-cgu.0.rcgu.o:(.text._ZN4core3str21_$LT$impl$u20$str$GT$19floor_char_boundary17hb17144ffd8e8c9c7E)
b0003a54 b0003a54       6c     1                 core::str::_$LT$impl$u20$str$GT$::floor_char_boundary::hb17144ffd8e8c9c7
b0003ac0 b0003ac0       74     4 .text.unlikely._ZN4core6result13unwrap_failed17h9699604c3cfc0655E
b0003ac0 b0003ac0       74     4         /Users/user/Source/mozak/mozak-vm/examples/target/riscv32im-mozak-zkvm-elf/release/deps/stdin-285e8814ef7d8bc6.stdin.675c3df60f10ce83-cgu.0.rcgu.o:(.text.unlikely._ZN4core6result13unwrap_failed17h9699604c3cfc0655E)
b0003ac0 b0003ac0       74     1                 core::result::unwrap_failed::h9699604c3cfc0655
b0003b34 b0003b34       40     4 .text.alloc_aligned
b0003b34 b0003b34       40     4         /Users/user/Source/mozak/mozak-vm/examples/target/riscv32im-mozak-zkvm-elf/release/deps/stdin-285e8814ef7d8bc6.stdin.675c3df60f10ce83-cgu.0.rcgu.o:(.text.alloc_aligned)
b0003b34 b0003b34       40     1                 alloc_aligned
b0003b74 b0003b74       1c     4 .text.init
b0003b74 b0003b74       1c     4         /Users/user/Source/mozak/mozak-vm/examples/target/riscv32im-mozak-zkvm-elf/release/deps/stdin-285e8814ef7d8bc6.stdin.675c3df60f10ce83-cgu.0.rcgu.o:(.text.init)
b0003b74 b0003b74       1c     1                 init
b0003b90 b0003b90       18     4 .text.finalize
b0003b90 b0003b90       18     4         /Users/user/Source/mozak/mozak-vm/examples/target/riscv32im-mozak-zkvm-elf/release/deps/stdin-285e8814ef7d8bc6.stdin.675c3df60f10ce83-cgu.0.rcgu.o:(.text.finalize)
b0003b90 b0003b90       18     1                 finalize
b0003ba8 b0003ba8       20     4 .text.write
b0003ba8 b0003ba8       20     4         /Users/user/Source/mozak/mozak-vm/examples/target/riscv32im-mozak-zkvm-elf/release/deps/stdin-285e8814ef7d8bc6.stdin.675c3df60f10ce83-cgu.0.rcgu.o:(.text.write)
b0003ba8 b0003ba8       20     1                 write
b0003bc8 b0003bc8       24     4 .text.__start
b0003bc8 b0003bc8       24     4         /Users/user/Source/mozak/mozak-vm/examples/target/riscv32im-mozak-zkvm-elf/release/deps/stdin-285e8814ef7d8bc6.stdin.675c3df60f10ce83-cgu.0.rcgu.o:(.text.__start)
b0003bc8 b0003bc8       24     1                 __start
b0003bec b0003bec       2c     4 .text._ZN12mozak_system6system12syscall_halt17hf417be01e2a126abE
b0003bec b0003bec       2c     4         /Users/user/Source/mozak/mozak-vm/examples/target/riscv32im-mozak-zkvm-elf/release/deps/stdin-285e8814ef7d8bc6.stdin.675c3df60f10ce83-cgu.0.rcgu.o:(.text._ZN12mozak_system6system12syscall_halt17hf417be01e2a126abE)
b0003bec b0003bec       2c     1                 mozak_system::system::syscall_halt::hf417be01e2a126ab
b0003c18 b0003c18       24     4 .text._ZN3std10sys_common16thread_local_key9StaticKey3set17h905c6587c9178ad6E
b0003c18 b0003c18       24     4         /Users/user/Source/mozak/mozak-vm/examples/target/riscv32im-mozak-zkvm-elf/release/deps/stdin-285e8814ef7d8bc6.stdin.675c3df60f10ce83-cgu.0.rcgu.o:(.text._ZN3std10sys_common16thread_local_key9StaticKey3set17h905c6587c9178ad6E)
b0003c18 b0003c18       24     1                 std::sys_common::thread_local_key::StaticKey::set::h905c6587c9178ad6
b0003c3c b0003c3c       14     4 .text._ZN3std10sys_common16thread_local_key9StaticKey3key17h58c3370001f3071fE
b0003c3c b0003c3c       14     4         /Users/user/Source/mozak/mozak-vm/examples/target/riscv32im-mozak-zkvm-elf/release/deps/stdin-285e8814ef7d8bc6.stdin.675c3df60f10ce83-cgu.0.rcgu.o:(.text._ZN3std10sys_common16thread_local_key9StaticKey3key17h58c3370001f3071fE)
b0003c3c b0003c3c       14     1                 std::sys_common::thread_local_key::StaticKey::key::h58c3370001f3071f
b0003c50 b0003c50       20     4 .text._ZN3std10sys_common16thread_local_key9StaticKey9lazy_init17h2d8f873b7ec5c91aE
b0003c50 b0003c50       20     4         /Users/user/Source/mozak/mozak-vm/examples/target/riscv32im-mozak-zkvm-elf/release/deps/stdin-285e8814ef7d8bc6.stdin.675c3df60f10ce83-cgu.0.rcgu.o:(.text._ZN3std10sys_common16thread_local_key9StaticKey9lazy_init17h2d8f873b7ec5c91aE)
[...]
b0003d30 b0003d30       bc     4         /Users/user/Source/mozak/mozak-vm/examples/target/riscv32im-mozak-zkvm-elf/release/deps/stdin-285e8814ef7d8bc6.stdin.675c3df60f10ce83-cgu.0.rcgu.o:(.text._ZN4core3fmt3num50_$LT$impl$u20$core..fmt..Debug$u20$for$u20$i32$GT$3fmt17h835846effcfc7534E.145)
b0003d30 b0003d30       bc     1                 core::fmt::num::_$LT$impl$u20$core..fmt..Debug$u20$for$u20$i32$GT$::fmt::h835846effcfc7534 (.145)
b0003dec b0003dec       2c     4 .text._ZN3std10sys_common16thread_local_key9StaticKey3get17h1b0a0223bcfc7185E
b0003dec b0003dec       2c     4         /Users/user/Source/mozak/mozak-vm/examples/target/riscv32im-mozak-zkvm-elf/release/deps/stdin-285e8814ef7d8bc6.stdin.675c3df60f10ce83-cgu.0.rcgu.o:(.text._ZN3std10sys_common16thread_local_key9StaticKey3get17h1b0a0223bcfc7185E)
b0003dec b0003dec       2c     1                 std::sys_common::thread_local_key::StaticKey::get::h1b0a0223bcfc7185
b0003e18 b0003e18        c     4 .text._ZN3std3sys6common12thread_local8os_local13destroy_value17ha9299588ace19decE
b0003e18 b0003e18        c     4         /Users/user/Source/mozak/mozak-vm/examples/target/riscv32im-mozak-zkvm-elf/release/deps/stdin-285e8814ef7d8bc6.stdin.675c3df60f10ce83-cgu.0.rcgu.o:(.text._ZN3std3sys6common12thread_local8os_local13destroy_value17ha9299588ace19decE)
b0003e18 b0003e18        c     1                 std::sys::common::thread_local::os_local::destroy_value::ha9299588ace19dec
b0003e24 b0003e24       14     4 .text._ZN3std9panicking3try17h03172a0d5782ee5eE
b0003e24 b0003e24       14     4         /Users/user/Source/mozak/mozak-vm/examples/target/riscv32im-mozak-zkvm-elf/release/deps/stdin-285e8814ef7d8bc6.stdin.675c3df60f10ce83-cgu.0.rcgu.o:(.text._ZN3std9panicking3try17h03172a0d5782ee5eE)
b0003e24 b0003e24       14     1                 std::panicking::try::h03172a0d5782ee5e
b0003e38 b0003e38       20     4 .text._ZN5alloc5boxed22Box$LT$$u5b$T$u5d$$GT$16new_uninit_slice17ha913f22d9aef4435E
b0003e38 b0003e38       20     4         /Users/user/Source/mozak/mozak-vm/examples/target/riscv32im-mozak-zkvm-elf/release/deps/stdin-285e8814ef7d8bc6.stdin.675c3df60f10ce83-cgu.0.rcgu.o:(.text._ZN5alloc5boxed22Box$LT$$u5b$T$u5d$$GT$16new_uninit_slice17ha913f22d9aef4435E)
b0003e38 b0003e38       20     1                 alloc::boxed::Box$LT$$u5b$T$u5d$$GT$::new_uninit_slice::ha913f22d9aef4435
b0003e58 b0003e58      34c     4 .text._ZN58_$LT$std..io..error..Error$u20$as$u20$core..fmt..Debug$GT$3fmt17h288a857103831d8bE
b0003e58 b0003e58      34c     4         /Users/user/Source/mozak/mozak-vm/examples/target/riscv32im-mozak-zkvm-elf/release/deps/stdin-285e8814ef7d8bc6.stdin.675c3df60f10ce83-cgu.0.rcgu.o:(.text._ZN58_$LT$std..io..error..Error$u20$as$u20$core..fmt..Debug$GT$3fmt17h288a857103831d8bE)
b0003e58 b0003e58      34c     1                 _$LT$std..io..error..Error$u20$as$u20$core..fmt..Debug$GT$::fmt::h288a857103831d8b
b00041a4 b00041a4       b0     4 .text._ZN3std2io5stdio5stdin17h9b61aa9e75d2682cE
b00041a4 b00041a4       b0     4         /Users/user/Source/mozak/mozak-vm/examples/target/riscv32im-mozak-zkvm-elf/release/deps/stdin-285e8814ef7d8bc6.stdin.675c3df60f10ce83-cgu.0.rcgu.o:(.text._ZN3std2io5stdio5stdin17h9b61aa9e75d2682cE)
b00041a4 b00041a4       b0     1                 std::io::stdio::stdin::h9b61aa9e75d2682c
b0004254 b0004254        c     4 .text._ZN3std10sys_common9backtrace26__rust_end_short_backtrace17h4e11d822fb199a31E
b0004254 b0004254        c     4         /Users/user/Source/mozak/mozak-vm/examples/target/riscv32im-mozak-zkvm-elf/release/deps/stdin-285e8814ef7d8bc6.stdin.675c3df60f10ce83-cgu.0.rcgu.o:(.text._ZN3std10sys_common9backtrace26__rust_end_short_backtrace17h4e11d822fb199a31E)
b0004254 b0004254        c     1                 std::sys_common::backtrace::__rust_end_short_backtrace::h4e11d822fb199a31
b0004260 b0004260       28     4 .text._ZN3std9panicking19begin_panic_handler28_$u7b$$u7b$closure$u7d$$u7d$17h3763c35a72b5760dE
b0004260 b0004260       28     4         /Users/user/Source/mozak/mozak-vm/examples/target/riscv32im-mozak-zkvm-elf/release/deps/stdin-285e8814ef7d8bc6.stdin.675c3df60f10ce83-cgu.0.rcgu.o:(.text._ZN3std9panicking19begin_panic_handler28_$u7b$$u7b$closure$u7d$$u7d$17h3763c35a72b5760dE)
b0004260 b0004260       28     1                 std::panicking::begin_panic_handler::_$u7b$$u7b$closure$u7d$$u7d$::h3763c35a72b5760d
b0004288 b0004288       28     4 .text._ZN3std9panicking20rust_panic_with_hook17h4478aea66e0d4c32E
b0004288 b0004288       28     4         /Users/user/Source/mozak/mozak-vm/examples/target/riscv32im-mozak-zkvm-elf/release/deps/stdin-285e8814ef7d8bc6.stdin.675c3df60f10ce83-cgu.0.rcgu.o:(.text._ZN3std9panicking20rust_panic_with_hook17h4478aea66e0d4c32E)
b0004288 b0004288       28     1                 std::panicking::rust_panic_with_hook::h4478aea66e0d4c32
b00042b0 b00042b0       38     4 .text.rust_begin_unwind
b00042b0 b00042b0       38     4         /Users/user/Source/mozak/mozak-vm/examples/target/riscv32im-mozak-zkvm-elf/release/deps/stdin-285e8814ef7d8bc6.stdin.675c3df60f10ce83-cgu.0.rcgu.o:(.text.rust_begin_unwind)
b00042b0 b00042b0       38     1                 rust_begin_unwind
b00042e8 b00042e8       1c     4 .text._ZN4core6option15Option$LT$T$GT$6unwrap17h53d52efd8d3ae1a0E
b00042e8 b00042e8       1c     4         /Users/user/Source/mozak/mozak-vm/examples/target/riscv32im-mozak-zkvm-elf/release/deps/stdin-285e8814ef7d8bc6.stdin.675c3df60f10ce83-cgu.0.rcgu.o:(.text._ZN4core6option15Option$LT$T$GT$6unwrap17h53d52efd8d3ae1a0E)
b00042e8 b00042e8       1c     1                 core::option::Option$LT$T$GT$::unwrap::h53d52efd8d3ae1a0
b0004304 b0004304        8     4 .text.__rg_oom
b0004304 b0004304        8     4         /Users/user/Source/mozak/mozak-vm/examples/target/riscv32im-mozak-zkvm-elf/release/deps/stdin-285e8814ef7d8bc6.stdin.675c3df60f10ce83-cgu.0.rcgu.o:(.text.__rg_oom)
b0004304 b0004304        8     1                 __rg_oom
b000430c b000430c       3c     4 .text.OUTLINED_FUNCTION_0
b000430c b000430c       3c     4         /Users/user/Source/mozak/mozak-vm/examples/target/riscv32im-mozak-zkvm-elf/release/deps/stdin-285e8814ef7d8bc6.stdin.675c3df60f10ce83-cgu.0.rcgu.o:(.text.OUTLINED_FUNCTION_0)
b000430c b000430c       3c     1                 OUTLINED_FUNCTION_0
b0004348 b0004348       28     4 .text.OUTLINED_FUNCTION_1
b0004348 b0004348       28     4         /Users/user/Source/mozak/mozak-vm/examples/target/riscv32im-mozak-zkvm-elf/release/deps/stdin-285e8814ef7d8bc6.stdin.675c3df60f10ce83-cgu.0.rcgu.o:(.text.OUTLINED_FUNCTION_1)
b0004348 b0004348       28     1                 OUTLINED_FUNCTION_1
b0004370 b0004370       30     4 .text.OUTLINED_FUNCTION_2
b0004370 b0004370       30     4         /Users/user/Source/mozak/mozak-vm/examples/target/riscv32im-mozak-zkvm-elf/release/deps/stdin-285e8814ef7d8bc6.stdin.675c3df60f10ce83-cgu.0.rcgu.o:(.text.OUTLINED_FUNCTION_2)
b0004370 b0004370       30     1                 OUTLINED_FUNCTION_2
b00043a0 b00043a0       1c     4 .text.OUTLINED_FUNCTION_3
b00043a0 b00043a0       1c     4         /Users/user/Source/mozak/mozak-vm/examples/target/riscv32im-mozak-zkvm-elf/release/deps/stdin-285e8814ef7d8bc6.stdin.675c3df60f10ce83-cgu.0.rcgu.o:(.text.OUTLINED_FUNCTION_3)
b00043a0 b00043a0       1c     1                 OUTLINED_FUNCTION_3
b00043bc b00043bc       3c     4 .text.OUTLINED_FUNCTION_4
b00043bc b00043bc       3c     4         /Users/user/Source/mozak/mozak-vm/examples/target/riscv32im-mozak-zkvm-elf/release/deps/stdin-285e8814ef7d8bc6.stdin.675c3df60f10ce83-cgu.0.rcgu.o:(.text.OUTLINED_FUNCTION_4)
b00043bc b00043bc       3c     1                 OUTLINED_FUNCTION_4
b00043f8 b00043f8       24     4 .text.OUTLINED_FUNCTION_5
b00043f8 b00043f8       24     4         /Users/user/Source/mozak/mozak-vm/examples/target/riscv32im-mozak-zkvm-elf/release/deps/stdin-285e8814ef7d8bc6.stdin.675c3df60f10ce83-cgu.0.rcgu.o:(.text.OUTLINED_FUNCTION_5)
b00043f8 b00043f8       24     1                 OUTLINED_FUNCTION_5
b000441c b000441c       38     4 .text.OUTLINED_FUNCTION_6
b000441c b000441c       38     4         /Users/user/Source/mozak/mozak-vm/examples/target/riscv32im-mozak-zkvm-elf/release/deps/stdin-285e8814ef7d8bc6.stdin.675c3df60f10ce83-cgu.0.rcgu.o:(.text.OUTLINED_FUNCTION_6)
b000441c b000441c       38     1                 OUTLINED_FUNCTION_6
b0004454 b0004454       30     4 .text.OUTLINED_FUNCTION_7
b0004454 b0004454       30     4         /Users/user/Source/mozak/mozak-vm/examples/target/riscv32im-mozak-zkvm-elf/release/deps/stdin-285e8814ef7d8bc6.stdin.675c3df60f10ce83-cgu.0.rcgu.o:(.text.OUTLINED_FUNCTION_7)
b0004454 b0004454       30     1                 OUTLINED_FUNCTION_7
b0004484 b0004484       30     4 .text.OUTLINED_FUNCTION_8
b0004484 b0004484       30     4         /Users/user/Source/mozak/mozak-vm/examples/target/riscv32im-mozak-zkvm-elf/release/deps/stdin-285e8814ef7d8bc6.stdin.675c3df60f10ce83-cgu.0.rcgu.o:(.text.OUTLINED_FUNCTION_8)
b0004484 b0004484       30     1                 OUTLINED_FUNCTION_8
b00044b4 b00044b4       18     4 .text.OUTLINED_FUNCTION_9
b00044b4 b00044b4       18     4         /Users/user/Source/mozak/mozak-vm/examples/target/riscv32im-mozak-zkvm-elf/release/deps/stdin-285e8814ef7d8bc6.stdin.675c3df60f10ce83-cgu.0.rcgu.o:(.text.OUTLINED_FUNCTION_9)
b00044b4 b00044b4       18     1                 OUTLINED_FUNCTION_9
b00044cc b00044cc       1c     4 .text.OUTLINED_FUNCTION_10
b00044cc b00044cc       1c     4         /Users/user/Source/mozak/mozak-vm/examples/target/riscv32im-mozak-zkvm-elf/release/deps/stdin-285e8814ef7d8bc6.stdin.675c3df60f10ce83-cgu.0.rcgu.o:(.text.OUTLINED_FUNCTION_10)
b00044cc b00044cc       1c     1                 OUTLINED_FUNCTION_10
b00044e8 b00044e8       2c     4 .text.OUTLINED_FUNCTION_11
b00044e8 b00044e8       2c     4         /Users/user/Source/mozak/mozak-vm/examples/target/riscv32im-mozak-zkvm-elf/release/deps/stdin-285e8814ef7d8bc6.stdin.675c3df60f10ce83-cgu.0.rcgu.o:(.text.OUTLINED_FUNCTION_11)
b00044e8 b00044e8       2c     1                 OUTLINED_FUNCTION_11
b0004514 b0004514       2c     4 .text.OUTLINED_FUNCTION_12
b0004514 b0004514       2c     4         /Users/user/Source/mozak/mozak-vm/examples/target/riscv32im-mozak-zkvm-elf/release/deps/stdin-285e8814ef7d8bc6.stdin.675c3df60f10ce83-cgu.0.rcgu.o:(.text.OUTLINED_FUNCTION_12)
b0004514 b0004514       2c     1                 OUTLINED_FUNCTION_12
b0004540 b0004540       2c     4 .text.OUTLINED_FUNCTION_13
b0004540 b0004540       2c     4         /Users/user/Source/mozak/mozak-vm/examples/target/riscv32im-mozak-zkvm-elf/release/deps/stdin-285e8814ef7d8bc6.stdin.675c3df60f10ce83-cgu.0.rcgu.o:(.text.OUTLINED_FUNCTION_13)
b0004540 b0004540       2c     1                 OUTLINED_FUNCTION_13
b000456c b000456c       24     4 .text.OUTLINED_FUNCTION_14
b000456c b000456c       24     4         /Users/user/Source/mozak/mozak-vm/examples/target/riscv32im-mozak-zkvm-elf/release/deps/stdin-285e8814ef7d8bc6.stdin.675c3df60f10ce83-cgu.0.rcgu.o:(.text.OUTLINED_FUNCTION_14)
b000456c b000456c       24     1                 OUTLINED_FUNCTION_14
b0004590 b0004590       18     4 .text.OUTLINED_FUNCTION_15
b0004590 b0004590       18     4         /Users/user/Source/mozak/mozak-vm/examples/target/riscv32im-mozak-zkvm-elf/release/deps/stdin-285e8814ef7d8bc6.stdin.675c3df60f10ce83-cgu.0.rcgu.o:(.text.OUTLINED_FUNCTION_15)
b0004590 b0004590       18     1                 OUTLINED_FUNCTION_15
b00045a8 b00045a8       24     4 .text.OUTLINED_FUNCTION_16
b00045a8 b00045a8       24     4         /Users/user/Source/mozak/mozak-vm/examples/target/riscv32im-mozak-zkvm-elf/release/deps/stdin-285e8814ef7d8bc6.stdin.675c3df60f10ce83-cgu.0.rcgu.o:(.text.OUTLINED_FUNCTION_16)
b00045a8 b00045a8       24     1                 OUTLINED_FUNCTION_16
b00045cc b00045cc       14     4 .text.OUTLINED_FUNCTION_17
b00045cc b00045cc       14     4         /Users/user/Source/mozak/mozak-vm/examples/target/riscv32im-mozak-zkvm-elf/release/deps/stdin-285e8814ef7d8bc6.stdin.675c3df60f10ce83-cgu.0.rcgu.o:(.text.OUTLINED_FUNCTION_17)
b00045cc b00045cc       14     1                 OUTLINED_FUNCTION_17
b00045e0 b00045e0       24     4 .text.OUTLINED_FUNCTION_18
b00045e0 b00045e0       24     4         /Users/user/Source/mozak/mozak-vm/examples/target/riscv32im-mozak-zkvm-elf/release/deps/stdin-285e8814ef7d8bc6.stdin.675c3df60f10ce83-cgu.0.rcgu.o:(.text.OUTLINED_FUNCTION_18)
b00045e0 b00045e0       24     1                 OUTLINED_FUNCTION_18
b0004604 b0004604       14     4 .text.OUTLINED_FUNCTION_19
b0004604 b0004604       14     4         /Users/user/Source/mozak/mozak-vm/examples/target/riscv32im-mozak-zkvm-elf/release/deps/stdin-285e8814ef7d8bc6.stdin.675c3df60f10ce83-cgu.0.rcgu.o:(.text.OUTLINED_FUNCTION_19)
b0004604 b0004604       14     1                 OUTLINED_FUNCTION_19
b0004618 b0004618       20     4 .text.OUTLINED_FUNCTION_20
b0004618 b0004618       20     4         /Users/user/Source/mozak/mozak-vm/examples/target/riscv32im-mozak-zkvm-elf/release/deps/stdin-285e8814ef7d8bc6.stdin.675c3df60f10ce83-cgu.0.rcgu.o:(.text.OUTLINED_FUNCTION_20)
b0004618 b0004618       20     1                 OUTLINED_FUNCTION_20
b0004638 b0004638       20     4 .text.OUTLINED_FUNCTION_21
b0004638 b0004638       20     4         /Users/user/Source/mozak/mozak-vm/examples/target/riscv32im-mozak-zkvm-elf/release/deps/stdin-285e8814ef7d8bc6.stdin.675c3df60f10ce83-cgu.0.rcgu.o:(.text.OUTLINED_FUNCTION_21)
b0004638 b0004638       20     1                 OUTLINED_FUNCTION_21
b0004658 b0004658       20     4 .text.OUTLINED_FUNCTION_22
b0004658 b0004658       20     4         /Users/user/Source/mozak/mozak-vm/examples/target/riscv32im-mozak-zkvm-elf/release/deps/stdin-285e8814ef7d8bc6.stdin.675c3df60f10ce83-cgu.0.rcgu.o:(.text.OUTLINED_FUNCTION_22)
b0004658 b0004658       20     1                 OUTLINED_FUNCTION_22
b0004678 b0004678       1c     4 .text.OUTLINED_FUNCTION_23
b0004678 b0004678       1c     4         /Users/user/Source/mozak/mozak-vm/examples/target/riscv32im-mozak-zkvm-elf/release/deps/stdin-285e8814ef7d8bc6.stdin.675c3df60f10ce83-cgu.0.rcgu.o:(.text.OUTLINED_FUNCTION_23)
b0004678 b0004678       1c     1                 OUTLINED_FUNCTION_23
b0004694 b0004694       1c     4 .text.OUTLINED_FUNCTION_24
b0004694 b0004694       1c     4         /Users/user/Source/mozak/mozak-vm/examples/target/riscv32im-mozak-zkvm-elf/release/deps/stdin-285e8814ef7d8bc6.stdin.675c3df60f10ce83-cgu.0.rcgu.o:(.text.OUTLINED_FUNCTION_24)
b0004694 b0004694       1c     1                 OUTLINED_FUNCTION_24
b00046b0 b00046b0       1c     4 .text.OUTLINED_FUNCTION_25
b00046b0 b00046b0       1c     4         /Users/user/Source/mozak/mozak-vm/examples/target/riscv32im-mozak-zkvm-elf/release/deps/stdin-285e8814ef7d8bc6.stdin.675c3df60f10ce83-cgu.0.rcgu.o:(.text.OUTLINED_FUNCTION_25)
b00046b0 b00046b0       1c     1                 OUTLINED_FUNCTION_25
b00046cc b00046cc       14     4 .text.OUTLINED_FUNCTION_26
b00046cc b00046cc       14     4         /Users/user/Source/mozak/mozak-vm/examples/target/riscv32im-mozak-zkvm-elf/release/deps/stdin-285e8814ef7d8bc6.stdin.675c3df60f10ce83-cgu.0.rcgu.o:(.text.OUTLINED_FUNCTION_26)
b00046cc b00046cc       14     1                 OUTLINED_FUNCTION_26
b00046e0 b00046e0       10     4 .text.OUTLINED_FUNCTION_27
b00046e0 b00046e0       10     4         /Users/user/Source/mozak/mozak-vm/examples/target/riscv32im-mozak-zkvm-elf/release/deps/stdin-285e8814ef7d8bc6.stdin.675c3df60f10ce83-cgu.0.rcgu.o:(.text.OUTLINED_FUNCTION_27)
b00046e0 b00046e0       10     1                 OUTLINED_FUNCTION_27
b00046f0 b00046f0       14     4 .text.OUTLINED_FUNCTION_28
b00046f0 b00046f0       14     4         /Users/user/Source/mozak/mozak-vm/examples/target/riscv32im-mozak-zkvm-elf/release/deps/stdin-285e8814ef7d8bc6.stdin.675c3df60f10ce83-cgu.0.rcgu.o:(.text.OUTLINED_FUNCTION_28)
b00046f0 b00046f0       14     1                 OUTLINED_FUNCTION_28
b0004704 b0004704       14     4 .text.OUTLINED_FUNCTION_29
b0004704 b0004704       14     4         /Users/user/Source/mozak/mozak-vm/examples/target/riscv32im-mozak-zkvm-elf/release/deps/stdin-285e8814ef7d8bc6.stdin.675c3df60f10ce83-cgu.0.rcgu.o:(.text.OUTLINED_FUNCTION_29)
b0004704 b0004704       14     1                 OUTLINED_FUNCTION_29
b0004718 b0004718       14     4 .text.OUTLINED_FUNCTION_30
b0004718 b0004718       14     4         /Users/user/Source/mozak/mozak-vm/examples/target/riscv32im-mozak-zkvm-elf/release/deps/stdin-285e8814ef7d8bc6.stdin.675c3df60f10ce83-cgu.0.rcgu.o:(.text.OUTLINED_FUNCTION_30)
b0004718 b0004718       14     1                 OUTLINED_FUNCTION_30
b000472c b000472c       1c     4 .text.OUTLINED_FUNCTION_31
b000472c b000472c       1c     4         /Users/user/Source/mozak/mozak-vm/examples/target/riscv32im-mozak-zkvm-elf/release/deps/stdin-285e8814ef7d8bc6.stdin.675c3df60f10ce83-cgu.0.rcgu.o:(.text.OUTLINED_FUNCTION_31)
b000472c b000472c       1c     1                 OUTLINED_FUNCTION_31
b0004748 b0004748       14     4 .text.OUTLINED_FUNCTION_32
b0004748 b0004748       14     4         /Users/user/Source/mozak/mozak-vm/examples/target/riscv32im-mozak-zkvm-elf/release/deps/stdin-285e8814ef7d8bc6.stdin.675c3df60f10ce83-cgu.0.rcgu.o:(.text.OUTLINED_FUNCTION_32)
b0004748 b0004748       14     1                 OUTLINED_FUNCTION_32
b000475c b000475c       e0     4 .text._ZN17compiler_builtins3mem6memcpy17h487cdcc3656742aaE
b000475c b000475c       e0     4         /Users/user/Source/mozak/mozak-vm/examples/target/riscv32im-mozak-zkvm-elf/release/deps/libcompiler_builtins-ed9bcf9f27c46b5c.rlib(compiler_builtins-ed9bcf9f27c46b5c.compiler_builtins.dd8bce715ac7417d-cgu.0.rcgu.o):(.text._ZN17compiler_builtins3mem6memcpy17h487cdcc3656742aaE)
b000475c b000475c       e0     1                 compiler_builtins::mem::memcpy::h487cdcc3656742aa
b000483c b000483c        8     4 .text.memcpy
b000483c b000483c        8     4         /Users/user/Source/mozak/mozak-vm/examples/target/riscv32im-mozak-zkvm-elf/release/deps/libcompiler_builtins-ed9bcf9f27c46b5c.rlib(compiler_builtins-ed9bcf9f27c46b5c.compiler_builtins.dd8bce715ac7417d-cgu.0.rcgu.o):(.text.memcpy)
b000483c b000483c        8     1                 memcpy
b0004844 b0004844       2c     4 .text._ZN17compiler_builtins3mem6memcmp17h592a37f3f8003bd0E
b0004844 b0004844       2c     4         /Users/user/Source/mozak/mozak-vm/examples/target/riscv32im-mozak-zkvm-elf/release/deps/libcompiler_builtins-ed9bcf9f27c46b5c.rlib(compiler_builtins-ed9bcf9f27c46b5c.compiler_builtins.dd8bce715ac7417d-cgu.0.rcgu.o):(.text._ZN17compiler_builtins3mem6memcmp17h592a37f3f8003bd0E)
b0004844 b0004844       2c     1                 compiler_builtins::mem::memcmp::h592a37f3f8003bd0
b0004870 b0004870        8     4 .text.memcmp
b0004870 b0004870        8     4         /Users/user/Source/mozak/mozak-vm/examples/target/riscv32im-mozak-zkvm-elf/release/deps/libcompiler_builtins-ed9bcf9f27c46b5c.rlib(compiler_builtins-ed9bcf9f27c46b5c.compiler_builtins.dd8bce715ac7417d-cgu.0.rcgu.o):(.text.memcmp)
b0004870 b0004870        8     1                 memcmp
       0        0       21     1 .riscv
       0        0       21     1         <internal>:(.riscv.attributes)
b0004878 b0004878        0     1 _riscv_start = ADDR ( .riscv )
b0004878 b0004878        0     1 _riscv_end = _riscv_start + SIZEOF ( .riscv )
b0004878 b0004878 3fffb788     1 . = 0xF0000000
       0        0 10000000     1 .mozak_stack
       0        0 10000000     1         . += 256M
f0000000 f0000000        0     1 
       0        0     1160     4 .symtab
       0        0     1160     4         <internal>:(.symtab)
       0        0     20ea     1 .shstrtab
       0        0     20ea     1         <internal>:(.shstrtab)
       0        0     33f0     1 .strtab
       0        0     33f0     1         <internal>:(.strtab)
