     VMA      LMA     Size Align Out     In      Symbol
       0        0        0     1 _mozak_merkle_state_root = 0x01000000
       0        0        0     1 _mozak_merkle_state_root_capacity = 0x00000100
       0        0        0     1 _mozak_timestamp = 0x01000100
       0        0        0     1 _mozak_timestamp_capacity = 0x00000008
       0        0        0     1 _mozak_empty_space = 0x01000108
       0        0        0     1 _mozak_empty_space_capacity = 0x0EFFFEF8
       0        0        0     1 _mozak_public_io_tape = 0x10000000
       0        0        0     1 _mozak_public_io_tape_capacity = 0x10000000
       0        0        0     1 _mozak_private_io_tape = 0x20000000
       0        0        0     1 _mozak_private_io_tape_capacity = 0x20000000
       0        0       3a     1 .shstrtab
       0        0       3a     1         <internal>:(.shstrtab)
       0        0        0     1 _shstrtab_start = ADDR ( .shstrtab )
       0        0        0     1 _shstrtab_end = _shstrtab_start + SIZEOF ( .shstrtab )
       0        0     3451     1 .strtab
       0        0     3451     1         <internal>:(.strtab)
       0        0        0     1 _strtab_start = ADDR ( .strtab )
       0        0        0     1 _strtab_end = _strtab_start + SIZEOF ( .strtab )
       0        0     11d0     4 .symtab
       0        0     11d0     4         <internal>:(.symtab)
       0        0        0     1 _symtab_start = ADDR ( .symtab )
       0        0        0     1 _symtab_end = _symtab_start + SIZEOF ( .symtab )
40000000 40000000       28     4 .bss
40000000 40000000        c     4         /Users/user/Source/mozak/mozak-vm/examples/target/riscv32im-mozak-zkvm-elf/release/deps/stdin-285e8814ef7d8bc6.stdin.675c3df60f10ce83-cgu.0.rcgu.o:(.bss._ZN5guest3env12OUTPUT_BYTES17haa4477927439a522E)
40000000 40000000        c     1                 guest::env::OUTPUT_BYTES::haa4477927439a522
4000000c 4000000c       1c     4         /Users/user/Source/mozak/mozak-vm/examples/target/riscv32im-mozak-zkvm-elf/release/deps/stdin-285e8814ef7d8bc6.stdin.675c3df60f10ce83-cgu.0.rcgu.o:(.bss._ZN3std2io5stdio5stdin8INSTANCE17h3f034aec80b82b0eE)
4000000c 4000000c       1c     1                 std::io::stdio::stdin::INSTANCE::h3f034aec80b82b0e
40000028 40000028        0     1 _bss_start = ADDR ( .bss )
40000028 40000028        0     1 _bss_load_start = LOADADDR ( .bss )
40000028 40000028        0     1 _bss_end = _bss_start + SIZEOF ( .bss )
40000028 40000028       14     4 .sbss
40000028 40000028        c     4         /Users/user/Source/mozak/mozak-vm/examples/target/riscv32im-mozak-zkvm-elf/release/deps/stdin-285e8814ef7d8bc6.stdin.675c3df60f10ce83-cgu.0.rcgu.o:(.sbss)
40000028 40000028        4     1                 guest::alloc::alloc_aligned::HEAP_POS::h4dc82d1877e4d899 (.0)
4000002c 4000002c        1     1                 __rust_no_alloc_shim_is_unstable
40000030 40000030        4     1                 std::panicking::panic_count::GLOBAL_PANIC_COUNT::hda44d860a26b8083 (.0)
40000034 40000034        8     4         /Users/user/Source/mozak/mozak-vm/examples/target/riscv32im-mozak-zkvm-elf/release/deps/stdin-285e8814ef7d8bc6.stdin.675c3df60f10ce83-cgu.0.rcgu.o:(.sdata)
40000034 40000034        8     1                 std::panicking::panic_count::LOCAL_PANIC_COUNT::__getit::__KEY::h88649f1c9af57e8b
4000003c 4000003c        0     1 _sbss_start = ADDR ( .sbss )
4000003c 4000003c        0     1 _sbss_load_start = LOADADDR ( .sbss )
4000003c 4000003c        0     1 _sbss_end = _bss_start + SIZEOF ( .sbss )
4000003c 4000003c        0     1 .data
4000003c 4000003c        0     1 _data_start = ADDR ( .data )
4000003c 4000003c        0     1 _data_load_start = LOADADDR ( .data )
4000003c 4000003c        0     1 _data_end = _data_start + SIZEOF ( .data )
4000003c 4000003c        0     1 _mozak_heap_start = _data_end
b0000000 b0000000     372c     4 .text
b0000000 b0000000        c     1         /Users/user/Source/mozak/mozak-vm/examples/target/riscv32im-mozak-zkvm-elf/release/deps/stdin-285e8814ef7d8bc6.stdin.675c3df60f10ce83-cgu.0.rcgu.o:(.text._start)
b0000000 b0000000        0     1                 .Lpcrel_hi0
b0000000 b0000000        0     1                 _start
b000000c b000000c       24     4         /Users/user/Source/mozak/mozak-vm/examples/target/riscv32im-mozak-zkvm-elf/release/deps/stdin-285e8814ef7d8bc6.stdin.675c3df60f10ce83-cgu.0.rcgu.o:(.text._ZN4core3ptr42drop_in_place$LT$std..io..error..Error$GT$17h6b497180ee06b412E)
b000000c b000000c       24     1                 core::ptr::drop_in_place$LT$std..io..error..Error$GT$::h6b497180ee06b412
b0000030 b0000030       54     4         /Users/user/Source/mozak/mozak-vm/examples/target/riscv32im-mozak-zkvm-elf/release/deps/stdin-285e8814ef7d8bc6.stdin.675c3df60f10ce83-cgu.0.rcgu.o:(.text._ZN4core6result19Result$LT$T$C$E$GT$6expect17h5998057566bc01dfE)
b0000030 b0000030       54     1                 core::result::Result$LT$T$C$E$GT$::expect::h5998057566bc01df
b0000084 b0000084       48     4         /Users/user/Source/mozak/mozak-vm/examples/target/riscv32im-mozak-zkvm-elf/release/deps/stdin-285e8814ef7d8bc6.stdin.675c3df60f10ce83-cgu.0.rcgu.o:(.text._ZN5alloc5alloc15exchange_malloc17h80323cb188738969E)
b0000084 b0000084       48     1                 alloc::alloc::exchange_malloc::h80323cb188738969
b00000cc b00000cc      264     4         /Users/user/Source/mozak/mozak-vm/examples/target/riscv32im-mozak-zkvm-elf/release/deps/stdin-285e8814ef7d8bc6.stdin.675c3df60f10ce83-cgu.0.rcgu.o:(.text.main)
b00000cc b00000cc      264     1                 main
b0000330 b0000330        c     4         /Users/user/Source/mozak/mozak-vm/examples/target/riscv32im-mozak-zkvm-elf/release/deps/stdin-285e8814ef7d8bc6.stdin.675c3df60f10ce83-cgu.0.rcgu.o:(.text.__rust_alloc_error_handler)
b0000330 b0000330        c     1                 __rust_alloc_error_handler
b000033c b000033c       50     4         /Users/user/Source/mozak/mozak-vm/examples/target/riscv32im-mozak-zkvm-elf/release/deps/stdin-285e8814ef7d8bc6.stdin.675c3df60f10ce83-cgu.0.rcgu.o:(.text._ZN5alloc3vec16Vec$LT$T$C$A$GT$17extend_from_slice17hfe6e08b6fa07a573E)
b000033c b000033c       50     1                 alloc::vec::Vec$LT$T$C$A$GT$::extend_from_slice::hfe6e08b6fa07a573
b000038c b000038c       40     4         /Users/user/Source/mozak/mozak-vm/examples/target/riscv32im-mozak-zkvm-elf/release/deps/stdin-285e8814ef7d8bc6.stdin.675c3df60f10ce83-cgu.0.rcgu.o:(.text._ZN5alloc3vec16Vec$LT$T$C$A$GT$7reserve17hbd7355b5004d9784E)
b000038c b000038c       40     1                 alloc::vec::Vec$LT$T$C$A$GT$::reserve::hbd7355b5004d9784
b00003cc b00003cc       ac     4         /Users/user/Source/mozak/mozak-vm/examples/target/riscv32im-mozak-zkvm-elf/release/deps/stdin-285e8814ef7d8bc6.stdin.675c3df60f10ce83-cgu.0.rcgu.o:(.text._ZN5alloc7raw_vec19RawVec$LT$T$C$A$GT$14grow_amortized17hb9e1ae7e95dbde6fE)
b00003cc b00003cc       ac     1                 alloc::raw_vec::RawVec$LT$T$C$A$GT$::grow_amortized::hb9e1ae7e95dbde6f
b0000478 b0000478       2c     4         /Users/user/Source/mozak/mozak-vm/examples/target/riscv32im-mozak-zkvm-elf/release/deps/stdin-285e8814ef7d8bc6.stdin.675c3df60f10ce83-cgu.0.rcgu.o:(.text._ZN5alloc7raw_vec14handle_reserve17h775787824c8a2273E)
b0000478 b0000478       2c     1                 alloc::raw_vec::handle_reserve::h775787824c8a2273
b00004a4 b00004a4       20     4         /Users/user/Source/mozak/mozak-vm/examples/target/riscv32im-mozak-zkvm-elf/release/deps/stdin-285e8814ef7d8bc6.stdin.675c3df60f10ce83-cgu.0.rcgu.o:(.text._ZN5alloc7raw_vec17capacity_overflow17hbe555f79224c7dfcE)
b00004a4 b00004a4       20     1                 alloc::raw_vec::capacity_overflow::hbe555f79224c7dfc
b00004c4 b00004c4        c     4         /Users/user/Source/mozak/mozak-vm/examples/target/riscv32im-mozak-zkvm-elf/release/deps/stdin-285e8814ef7d8bc6.stdin.675c3df60f10ce83-cgu.0.rcgu.o:(.text.unlikely._ZN5alloc5alloc18handle_alloc_error17h0d5c61080916cdc5E)
b00004c4 b00004c4        c     1                 alloc::alloc::handle_alloc_error::h0d5c61080916cdc5
b00004d0 b00004d0       18     4         /Users/user/Source/mozak/mozak-vm/examples/target/riscv32im-mozak-zkvm-elf/release/deps/stdin-285e8814ef7d8bc6.stdin.675c3df60f10ce83-cgu.0.rcgu.o:(.text._ZN5alloc5alloc18handle_alloc_error8rt_error17h44577949bdc1e37cE)
b00004d0 b00004d0       18     1                 alloc::alloc::handle_alloc_error::rt_error::h44577949bdc1e37c
b00004e8 b00004e8       cc     4         /Users/user/Source/mozak/mozak-vm/examples/target/riscv32im-mozak-zkvm-elf/release/deps/stdin-285e8814ef7d8bc6.stdin.675c3df60f10ce83-cgu.0.rcgu.o:(.text._ZN5alloc7raw_vec11finish_grow17h5bc4bec0a4941c78E)
b00004e8 b00004e8       cc     1                 alloc::raw_vec::finish_grow::h5bc4bec0a4941c78
b00005b4 b00005b4       30     4         /Users/user/Source/mozak/mozak-vm/examples/target/riscv32im-mozak-zkvm-elf/release/deps/stdin-285e8814ef7d8bc6.stdin.675c3df60f10ce83-cgu.0.rcgu.o:(.text._ZN5alloc5alloc6Global10alloc_impl17ha1a575bcefe64eb2E)
b00005b4 b00005b4       30     1                 alloc::alloc::Global::alloc_impl::ha1a575bcefe64eb2
b00005e4 b00005e4       44     4         /Users/user/Source/mozak/mozak-vm/examples/target/riscv32im-mozak-zkvm-elf/release/deps/stdin-285e8814ef7d8bc6.stdin.675c3df60f10ce83-cgu.0.rcgu.o:(.text._ZN5alloc7raw_vec19RawVec$LT$T$C$A$GT$11allocate_in17h3cc5e749cfa367c5E)
b00005e4 b00005e4       44     1                 alloc::raw_vec::RawVec$LT$T$C$A$GT$::allocate_in::h3cc5e749cfa367c5
b0000628 b0000628        8     4         /Users/user/Source/mozak/mozak-vm/examples/target/riscv32im-mozak-zkvm-elf/release/deps/stdin-285e8814ef7d8bc6.stdin.675c3df60f10ce83-cgu.0.rcgu.o:(.text._ZN4core3ops8function6FnOnce9call_once17h7225ba7536961854E)
b0000628 b0000628        8     1                 core::ops::function::FnOnce::call_once::h7225ba7536961854
b0000630 b0000630       3c     4         /Users/user/Source/mozak/mozak-vm/examples/target/riscv32im-mozak-zkvm-elf/release/deps/stdin-285e8814ef7d8bc6.stdin.675c3df60f10ce83-cgu.0.rcgu.o:(.text.unlikely._ZN4core9panicking9panic_fmt17h6cf384da77e316baE)
b0000630 b0000630       3c     1                 core::panicking::panic_fmt::h6cf384da77e316ba
b000066c b000066c        4     4         /Users/user/Source/mozak/mozak-vm/examples/target/riscv32im-mozak-zkvm-elf/release/deps/stdin-285e8814ef7d8bc6.stdin.675c3df60f10ce83-cgu.0.rcgu.o:(.text._ZN4core3ptr88drop_in_place$LT$core..panic..panic_info..PanicInfo..internal_constructor..NoPayload$GT$17hdc43f7dae361b290E)
b000066c b000066c        4     1                 core::ptr::drop_in_place$LT$core..panic..panic_info..PanicInfo..internal_constructor..NoPayload$GT$::hdc43f7dae361b290
b0000670 b0000670       34     4         /Users/user/Source/mozak/mozak-vm/examples/target/riscv32im-mozak-zkvm-elf/release/deps/stdin-285e8814ef7d8bc6.stdin.675c3df60f10ce83-cgu.0.rcgu.o:(.text._ZN36_$LT$T$u20$as$u20$core..any..Any$GT$7type_id17h9fad98327abc2144E)
b0000670 b0000670       34     1                 _$LT$T$u20$as$u20$core..any..Any$GT$::type_id::h9fad98327abc2144
b00006a4 b00006a4       24     4         /Users/user/Source/mozak/mozak-vm/examples/target/riscv32im-mozak-zkvm-elf/release/deps/stdin-285e8814ef7d8bc6.stdin.675c3df60f10ce83-cgu.0.rcgu.o:(.text.unlikely._ZN4core9panicking18panic_bounds_check17hd3a37ebca38ea0d8E)
b00006a4 b00006a4       24     1                 core::panicking::panic_bounds_check::hd3a37ebca38ea0d8
b00006c8 b00006c8       14     4         /Users/user/Source/mozak/mozak-vm/examples/target/riscv32im-mozak-zkvm-elf/release/deps/stdin-285e8814ef7d8bc6.stdin.675c3df60f10ce83-cgu.0.rcgu.o:(.text._ZN4core3fmt3num3imp54_$LT$impl$u20$core..fmt..Display$u20$for$u20$usize$GT$3fmt17h3c901a63c4c8fbaeE)
b00006c8 b00006c8       14     1                 core::fmt::num::imp::_$LT$impl$u20$core..fmt..Display$u20$for$u20$usize$GT$::fmt::h3c901a63c4c8fbae
b00006dc b00006dc      178     4         /Users/user/Source/mozak/mozak-vm/examples/target/riscv32im-mozak-zkvm-elf/release/deps/stdin-285e8814ef7d8bc6.stdin.675c3df60f10ce83-cgu.0.rcgu.o:(.text._ZN4core3fmt3num3imp7fmt_u3217h6a53418f11a59983E)
b00006dc b00006dc      178     1                 core::fmt::num::imp::fmt_u32::h6a53418f11a59983
b0000854 b0000854      228     4         /Users/user/Source/mozak/mozak-vm/examples/target/riscv32im-mozak-zkvm-elf/release/deps/stdin-285e8814ef7d8bc6.stdin.675c3df60f10ce83-cgu.0.rcgu.o:(.text._ZN4core3fmt9Formatter12pad_integral17ha6d612a51d14e1a9E)
b0000854 b0000854      228     1                 core::fmt::Formatter::pad_integral::ha6d612a51d14e1a9
b0000a7c b0000a7c      1ac     4         /Users/user/Source/mozak/mozak-vm/examples/target/riscv32im-mozak-zkvm-elf/release/deps/stdin-285e8814ef7d8bc6.stdin.675c3df60f10ce83-cgu.0.rcgu.o:(.text._ZN81_$LT$core..str..iter..Chars$u20$as$u20$core..iter..traits..iterator..Iterator$GT$5count17h554465cbed964552E)
b0000a7c b0000a7c      1ac     1                 _$LT$core..str..iter..Chars$u20$as$u20$core..iter..traits..iterator..Iterator$GT$::count::h554465cbed964552
b0000c28 b0000c28       6c     4         /Users/user/Source/mozak/mozak-vm/examples/target/riscv32im-mozak-zkvm-elf/release/deps/stdin-285e8814ef7d8bc6.stdin.675c3df60f10ce83-cgu.0.rcgu.o:(.text._ZN4core3fmt9Formatter12pad_integral12write_prefix17h3dad155e03b7993dE)
b0000c28 b0000c28       6c     1                 core::fmt::Formatter::pad_integral::write_prefix::h3dad155e03b7993d
b0000c94 b0000c94       94     4         /Users/user/Source/mozak/mozak-vm/examples/target/riscv32im-mozak-zkvm-elf/release/deps/stdin-285e8814ef7d8bc6.stdin.675c3df60f10ce83-cgu.0.rcgu.o:(.text._ZN4core3fmt9Formatter7padding17h20e1c560cf81d912E)
b0000c94 b0000c94       94     1                 core::fmt::Formatter::padding::h20e1c560cf81d912
b0000d28 b0000d28       70     4         /Users/user/Source/mozak/mozak-vm/examples/target/riscv32im-mozak-zkvm-elf/release/deps/stdin-285e8814ef7d8bc6.stdin.675c3df60f10ce83-cgu.0.rcgu.o:(.text._ZN4core3fmt11PostPadding5write17h17ac61974a41cef6E)
b0000d28 b0000d28       70     1                 core::fmt::PostPadding::write::h17ac61974a41cef6
b0000d98 b0000d98       2c     4         /Users/user/Source/mozak/mozak-vm/examples/target/riscv32im-mozak-zkvm-elf/release/deps/stdin-285e8814ef7d8bc6.stdin.675c3df60f10ce83-cgu.0.rcgu.o:(.text._ZN4core3str5count23char_count_general_case17h5738ba5a830cb816E)
b0000d98 b0000d98       2c     1                 core::str::count::char_count_general_case::h5738ba5a830cb816
b0000dc4 b0000dc4       44     4         /Users/user/Source/mozak/mozak-vm/examples/target/riscv32im-mozak-zkvm-elf/release/deps/stdin-285e8814ef7d8bc6.stdin.675c3df60f10ce83-cgu.0.rcgu.o:(.text._ZN4core5slice29_$LT$impl$u20$$u5b$T$u5d$$GT$8split_at17h9a718f1cdeec5deeE)
b0000dc4 b0000dc4       44     1                 core::slice::_$LT$impl$u20$$u5b$T$u5d$$GT$::split_at::h9a718f1cdeec5dee
b0000e08 b0000e08       44     4         /Users/user/Source/mozak/mozak-vm/examples/target/riscv32im-mozak-zkvm-elf/release/deps/stdin-285e8814ef7d8bc6.stdin.675c3df60f10ce83-cgu.0.rcgu.o:(.text.unlikely._ZN4core9panicking5panic17ha370d1b07728edecE)
b0000e08 b0000e08       44     1                 core::panicking::panic::ha370d1b07728edec
b0000e4c b0000e4c        c     4         /Users/user/Source/mozak/mozak-vm/examples/target/riscv32im-mozak-zkvm-elf/release/deps/stdin-285e8814ef7d8bc6.stdin.675c3df60f10ce83-cgu.0.rcgu.o:(.text.unlikely._ZN4core5slice5index26slice_start_index_len_fail17h6e8fae008bbe62a5E)
b0000e4c b0000e4c        c     1                 core::slice::index::slice_start_index_len_fail::h6e8fae008bbe62a5
b0000e58 b0000e58       24     4         /Users/user/Source/mozak/mozak-vm/examples/target/riscv32im-mozak-zkvm-elf/release/deps/stdin-285e8814ef7d8bc6.stdin.675c3df60f10ce83-cgu.0.rcgu.o:(.text._ZN4core5slice5index29slice_start_index_len_fail_rt17hffaeea1cd326d6edE)
b0000e58 b0000e58       24     1                 core::slice::index::slice_start_index_len_fail_rt::hffaeea1cd326d6ed
b0000e7c b0000e7c        c     4         /Users/user/Source/mozak/mozak-vm/examples/target/riscv32im-mozak-zkvm-elf/release/deps/stdin-285e8814ef7d8bc6.stdin.675c3df60f10ce83-cgu.0.rcgu.o:(.text.unlikely._ZN4core5slice5index24slice_end_index_len_fail17h8e64e68ba50caaa0E)
b0000e7c b0000e7c        c     1                 core::slice::index::slice_end_index_len_fail::h8e64e68ba50caaa0
b0000e88 b0000e88       24     4         /Users/user/Source/mozak/mozak-vm/examples/target/riscv32im-mozak-zkvm-elf/release/deps/stdin-285e8814ef7d8bc6.stdin.675c3df60f10ce83-cgu.0.rcgu.o:(.text._ZN4core5slice5index27slice_end_index_len_fail_rt17h0446d6106d1847e3E)
b0000e88 b0000e88       24     1                 core::slice::index::slice_end_index_len_fail_rt::h0446d6106d1847e3
b0000eac b0000eac       44     4         /Users/user/Source/mozak/mozak-vm/examples/target/riscv32im-mozak-zkvm-elf/release/deps/stdin-285e8814ef7d8bc6.stdin.675c3df60f10ce83-cgu.0.rcgu.o:(.text.unlikely._ZN4core5slice29_$LT$impl$u20$$u5b$T$u5d$$GT$15copy_from_slice17len_mismatch_fail17h7a417e6e3c716917E)
b0000eac b0000eac       44     1                 core::slice::_$LT$impl$u20$$u5b$T$u5d$$GT$::copy_from_slice::len_mismatch_fail::h7a417e6e3c716917
b0000ef0 b0000ef0       44     4         /Users/user/Source/mozak/mozak-vm/examples/target/riscv32im-mozak-zkvm-elf/release/deps/stdin-285e8814ef7d8bc6.stdin.675c3df60f10ce83-cgu.0.rcgu.o:(.text._ZN106_$LT$core..ops..range..Range$LT$usize$GT$$u20$as$u20$core..slice..index..SliceIndex$LT$$u5b$T$u5d$$GT$$GT$5index17h8cdd5e675b689c58E)
b0000ef0 b0000ef0       44     1                 _$LT$core..ops..range..Range$LT$usize$GT$$u20$as$u20$core..slice..index..SliceIndex$LT$$u5b$T$u5d$$GT$$GT$::index::h8cdd5e675b689c58
b0000f34 b0000f34        c     4         /Users/user/Source/mozak/mozak-vm/examples/target/riscv32im-mozak-zkvm-elf/release/deps/stdin-285e8814ef7d8bc6.stdin.675c3df60f10ce83-cgu.0.rcgu.o:(.text.unlikely._ZN4core5slice5index22slice_index_order_fail17h86b8534b50937acbE)
b0000f34 b0000f34        c     1                 core::slice::index::slice_index_order_fail::h86b8534b50937acb
b0000f40 b0000f40       24     4         /Users/user/Source/mozak/mozak-vm/examples/target/riscv32im-mozak-zkvm-elf/release/deps/stdin-285e8814ef7d8bc6.stdin.675c3df60f10ce83-cgu.0.rcgu.o:(.text._ZN4core5slice5index25slice_index_order_fail_rt17habd6453becde843fE)
b0000f40 b0000f40       24     1                 core::slice::index::slice_index_order_fail_rt::habd6453becde843f
b0000f64 b0000f64      13c     4         /Users/user/Source/mozak/mozak-vm/examples/target/riscv32im-mozak-zkvm-elf/release/deps/stdin-285e8814ef7d8bc6.stdin.675c3df60f10ce83-cgu.0.rcgu.o:(.text._ZN4core3fmt9Formatter3pad17ha94a611459efb904E)
b0000f64 b0000f64      13c     1                 core::fmt::Formatter::pad::ha94a611459efb904
b00010a0 b00010a0       6c     4         /Users/user/Source/mozak/mozak-vm/examples/target/riscv32im-mozak-zkvm-elf/release/deps/stdin-285e8814ef7d8bc6.stdin.675c3df60f10ce83-cgu.0.rcgu.o:(.text._ZN87_$LT$core..str..iter..CharIndices$u20$as$u20$core..iter..traits..iterator..Iterator$GT$4next17h98365218e1d79aacE)
b00010a0 b00010a0       6c     1                 _$LT$core..str..iter..CharIndices$u20$as$u20$core..iter..traits..iterator..Iterator$GT$::next::h98365218e1d79aac
b000110c b000110c       34     4         /Users/user/Source/mozak/mozak-vm/examples/target/riscv32im-mozak-zkvm-elf/release/deps/stdin-285e8814ef7d8bc6.stdin.675c3df60f10ce83-cgu.0.rcgu.o:(.text._ZN4core3str6traits110_$LT$impl$u20$core..slice..index..SliceIndex$LT$str$GT$$u20$for$u20$core..ops..range..RangeTo$LT$usize$GT$$GT$3get17h715de00143738781E)
b000110c b000110c       34     1                 core::str::traits::_$LT$impl$u20$core..slice..index..SliceIndex$LT$str$GT$$u20$for$u20$core..ops..range..RangeTo$LT$usize$GT$$GT$::get::h715de00143738781
b0001140 b0001140       ac     4         /Users/user/Source/mozak/mozak-vm/examples/target/riscv32im-mozak-zkvm-elf/release/deps/stdin-285e8814ef7d8bc6.stdin.675c3df60f10ce83-cgu.0.rcgu.o:(.text._ZN81_$LT$core..str..iter..Chars$u20$as$u20$core..iter..traits..iterator..Iterator$GT$4next17hfdc991d5c3f3d793E.41)
b0001140 b0001140       ac     1                 _$LT$core..str..iter..Chars$u20$as$u20$core..iter..traits..iterator..Iterator$GT$::next::hfdc991d5c3f3d793 (.41)
b00011ec b00011ec       18     4         /Users/user/Source/mozak/mozak-vm/examples/target/riscv32im-mozak-zkvm-elf/release/deps/stdin-285e8814ef7d8bc6.stdin.675c3df60f10ce83-cgu.0.rcgu.o:(.text._ZN44_$LT$$RF$T$u20$as$u20$core..fmt..Display$GT$3fmt17hbf45b6a0fca716deE)
b00011ec b00011ec       18     1                 _$LT$$RF$T$u20$as$u20$core..fmt..Display$GT$::fmt::hbf45b6a0fca716de
b0001204 b0001204       10     4         /Users/user/Source/mozak/mozak-vm/examples/target/riscv32im-mozak-zkvm-elf/release/deps/stdin-285e8814ef7d8bc6.stdin.675c3df60f10ce83-cgu.0.rcgu.o:(.text._ZN42_$LT$$RF$T$u20$as$u20$core..fmt..Debug$GT$3fmt17ha150e431efee4ff6E)
b0001204 b0001204       10     1                 _$LT$$RF$T$u20$as$u20$core..fmt..Debug$GT$::fmt::ha150e431efee4ff6
b0001214 b0001214      1d4     4         /Users/user/Source/mozak/mozak-vm/examples/target/riscv32im-mozak-zkvm-elf/release/deps/stdin-285e8814ef7d8bc6.stdin.675c3df60f10ce83-cgu.0.rcgu.o:(.text._ZN4core3fmt5write17ha4a4f6eb0f6ce925E)
b0001214 b0001214      1d4     1                 core::fmt::write::ha4a4f6eb0f6ce925
b00013e8 b00013e8       4c     4         /Users/user/Source/mozak/mozak-vm/examples/target/riscv32im-mozak-zkvm-elf/release/deps/stdin-285e8814ef7d8bc6.stdin.675c3df60f10ce83-cgu.0.rcgu.o:(.text._ZN4core3fmt8getcount17hfb8b8720eca3f94aE)
b00013e8 b00013e8       4c     1                 core::fmt::getcount::hfb8b8720eca3f94a
b0001434 b0001434       38     4         /Users/user/Source/mozak/mozak-vm/examples/target/riscv32im-mozak-zkvm-elf/release/deps/stdin-285e8814ef7d8bc6.stdin.675c3df60f10ce83-cgu.0.rcgu.o:(.text._ZN4core5array85_$LT$impl$u20$core..ops..index..Index$LT$I$GT$$u20$for$u20$$u5b$T$u3b$$u20$N$u5d$$GT$5index17h48e36845b7f1894bE)
b0001434 b0001434       38     1                 core::array::_$LT$impl$u20$core..ops..index..Index$LT$I$GT$$u20$for$u20$$u5b$T$u3b$$u20$N$u5d$$GT$::index::h48e36845b7f1894b
b000146c b000146c       a4     4         /Users/user/Source/mozak/mozak-vm/examples/target/riscv32im-mozak-zkvm-elf/release/deps/stdin-285e8814ef7d8bc6.stdin.675c3df60f10ce83-cgu.0.rcgu.o:(.text._ZN4core3fmt3num52_$LT$impl$u20$core..fmt..Debug$u20$for$u20$usize$GT$3fmt17h64a7ff65067d03dfE.48)
b000146c b000146c       a4     1                 core::fmt::num::_$LT$impl$u20$core..fmt..Debug$u20$for$u20$usize$GT$::fmt::h64a7ff65067d03df (.48)
b0001510 b0001510      350     4         /Users/user/Source/mozak/mozak-vm/examples/target/riscv32im-mozak-zkvm-elf/release/deps/stdin-285e8814ef7d8bc6.stdin.675c3df60f10ce83-cgu.0.rcgu.o:(.text._ZN68_$LT$core..fmt..builders..PadAdapter$u20$as$u20$core..fmt..Write$GT$9write_str17hb46de3d96bbac3abE)
b0001510 b0001510      350     1                 _$LT$core..fmt..builders..PadAdapter$u20$as$u20$core..fmt..Write$GT$::write_str::hb46de3d96bbac3ab
b0001860 b0001860       38     4         /Users/user/Source/mozak/mozak-vm/examples/target/riscv32im-mozak-zkvm-elf/release/deps/stdin-285e8814ef7d8bc6.stdin.675c3df60f10ce83-cgu.0.rcgu.o:(.text._ZN4core3cmp5impls69_$LT$impl$u20$core..cmp..PartialEq$LT$$RF$B$GT$$u20$for$u20$$RF$A$GT$2eq17haa57a0a971716a11E)
b0001860 b0001860       38     1                 core::cmp::impls::_$LT$impl$u20$core..cmp..PartialEq$LT$$RF$B$GT$$u20$for$u20$$RF$A$GT$::eq::haa57a0a971716a11
b0001898 b0001898       38     4         /Users/user/Source/mozak/mozak-vm/examples/target/riscv32im-mozak-zkvm-elf/release/deps/stdin-285e8814ef7d8bc6.stdin.675c3df60f10ce83-cgu.0.rcgu.o:(.text._ZN4core5slice6memchr12memchr_naive17h1f71a8aacbdc848fE)
b0001898 b0001898       38     1                 core::slice::memchr::memchr_naive::h1f71a8aacbdc848f
b00018d0 b00018d0       84     4         /Users/user/Source/mozak/mozak-vm/examples/target/riscv32im-mozak-zkvm-elf/release/deps/stdin-285e8814ef7d8bc6.stdin.675c3df60f10ce83-cgu.0.rcgu.o:(.text._ZN71_$LT$core..ops..range..Range$LT$Idx$GT$$u20$as$u20$core..fmt..Debug$GT$3fmt17hff1c32deedfff0b3E)
b00018d0 b00018d0       84     1                 _$LT$core..ops..range..Range$LT$Idx$GT$$u20$as$u20$core..fmt..Debug$GT$::fmt::hff1c32deedfff0b3
b0001954 b0001954        4     4         /Users/user/Source/mozak/mozak-vm/examples/target/riscv32im-mozak-zkvm-elf/release/deps/stdin-285e8814ef7d8bc6.stdin.675c3df60f10ce83-cgu.0.rcgu.o:(.text._ZN4core3ptr52drop_in_place$LT$core..fmt..builders..PadAdapter$GT$17h01e0d43cfc7bd4ecE)
b0001954 b0001954        4     1                 core::ptr::drop_in_place$LT$core..fmt..builders..PadAdapter$GT$::h01e0d43cfc7bd4ec
b0001958 b0001958       70     4         /Users/user/Source/mozak/mozak-vm/examples/target/riscv32im-mozak-zkvm-elf/release/deps/stdin-285e8814ef7d8bc6.stdin.675c3df60f10ce83-cgu.0.rcgu.o:(.text._ZN68_$LT$core..fmt..builders..PadAdapter$u20$as$u20$core..fmt..Write$GT$10write_char17h4a3003ddd1c19394E)
b0001958 b0001958       70     1                 _$LT$core..fmt..builders..PadAdapter$u20$as$u20$core..fmt..Write$GT$::write_char::h4a3003ddd1c19394
b00019c8 b00019c8       1c     4         /Users/user/Source/mozak/mozak-vm/examples/target/riscv32im-mozak-zkvm-elf/release/deps/stdin-285e8814ef7d8bc6.stdin.675c3df60f10ce83-cgu.0.rcgu.o:(.text._ZN4core3fmt5Write9write_fmt17hfa2457f7e7f8f2e3E)
b00019c8 b00019c8       1c     1                 core::fmt::Write::write_fmt::hfa2457f7e7f8f2e3
b00019e4 b00019e4       7c     4         /Users/user/Source/mozak/mozak-vm/examples/target/riscv32im-mozak-zkvm-elf/release/deps/stdin-285e8814ef7d8bc6.stdin.675c3df60f10ce83-cgu.0.rcgu.o:(.text._ZN4core3fmt8builders11DebugStruct6finish17h28c91e0df5e832f6E)
b00019e4 b00019e4       7c     1                 core::fmt::builders::DebugStruct::finish::h28c91e0df5e832f6
b0001a60 b0001a60      194     4         /Users/user/Source/mozak/mozak-vm/examples/target/riscv32im-mozak-zkvm-elf/release/deps/stdin-285e8814ef7d8bc6.stdin.675c3df60f10ce83-cgu.0.rcgu.o:(.text._ZN4core4char13EscapeUnicode3new17hf53206abbeb91239E)
b0001a60 b0001a60      194     1                 core::char::EscapeUnicode::new::hf53206abbeb91239
b0001bf4 b0001bf4       34     4         /Users/user/Source/mozak/mozak-vm/examples/target/riscv32im-mozak-zkvm-elf/release/deps/stdin-285e8814ef7d8bc6.stdin.675c3df60f10ce83-cgu.0.rcgu.o:(.text._ZN4core5slice29_$LT$impl$u20$$u5b$T$u5d$$GT$15copy_from_slice17h125073fdead7468fE)
b0001bf4 b0001bf4       34     1                 core::slice::_$LT$impl$u20$$u5b$T$u5d$$GT$::copy_from_slice::h125073fdead7468f
b0001c28 b0001c28       68     4         /Users/user/Source/mozak/mozak-vm/examples/target/riscv32im-mozak-zkvm-elf/release/deps/stdin-285e8814ef7d8bc6.stdin.675c3df60f10ce83-cgu.0.rcgu.o:(.text._ZN4core6escape24EscapeIterInner$LT$_$GT$10from_array17h60a08ecc8646f062E)
b0001c28 b0001c28       68     1                 core::escape::EscapeIterInner$LT$_$GT$::from_array::h60a08ecc8646f062
b0001c90 b0001c90      368     4         /Users/user/Source/mozak/mozak-vm/examples/target/riscv32im-mozak-zkvm-elf/release/deps/stdin-285e8814ef7d8bc6.stdin.675c3df60f10ce83-cgu.0.rcgu.o:(.text._ZN4core4char7methods22_$LT$impl$u20$char$GT$16escape_debug_ext17h6f4355f1e16232baE)
b0001c90 b0001c90      368     1                 core::char::methods::_$LT$impl$u20$char$GT$::escape_debug_ext::h6f4355f1e16232ba
b0001ff8 b0001ff8      14c     4         /Users/user/Source/mozak/mozak-vm/examples/target/riscv32im-mozak-zkvm-elf/release/deps/stdin-285e8814ef7d8bc6.stdin.675c3df60f10ce83-cgu.0.rcgu.o:(.text._ZN4core7unicode9printable5check17h01dc12cb4953f124E)
b0001ff8 b0001ff8      14c     1                 core::unicode::printable::check::h01dc12cb4953f124
b0002144 b0002144       70     4         /Users/user/Source/mozak/mozak-vm/examples/target/riscv32im-mozak-zkvm-elf/release/deps/stdin-285e8814ef7d8bc6.stdin.675c3df60f10ce83-cgu.0.rcgu.o:(.text._ZN82_$LT$core..char..EscapeDebug$u20$as$u20$core..iter..traits..iterator..Iterator$GT$4next17h7e5bd09edd0261b5E)
b0002144 b0002144       70     1                 _$LT$core..char..EscapeDebug$u20$as$u20$core..iter..traits..iterator..Iterator$GT$::next::h7e5bd09edd0261b5
b00021b4 b00021b4      1e8     4         /Users/user/Source/mozak/mozak-vm/examples/target/riscv32im-mozak-zkvm-elf/release/deps/stdin-285e8814ef7d8bc6.stdin.675c3df60f10ce83-cgu.0.rcgu.o:(.text._ZN4core3fmt8builders11DebugStruct5field17h48c7a9efaacf4a04E)
b00021b4 b00021b4      1e8     1                 core::fmt::builders::DebugStruct::field::h48c7a9efaacf4a04
b000239c b000239c       98     4         /Users/user/Source/mozak/mozak-vm/examples/target/riscv32im-mozak-zkvm-elf/release/deps/stdin-285e8814ef7d8bc6.stdin.675c3df60f10ce83-cgu.0.rcgu.o:(.text._ZN41_$LT$char$u20$as$u20$core..fmt..Debug$GT$3fmt17h7eef1eadd3eb34efE)
b000239c b000239c       98     1                 _$LT$char$u20$as$u20$core..fmt..Debug$GT$::fmt::h7eef1eadd3eb34ef
b0002434 b0002434       20     4         /Users/user/Source/mozak/mozak-vm/examples/target/riscv32im-mozak-zkvm-elf/release/deps/stdin-285e8814ef7d8bc6.stdin.675c3df60f10ce83-cgu.0.rcgu.o:(.text._ZN42_$LT$$RF$T$u20$as$u20$core..fmt..Debug$GT$3fmt17h250a861904b2ecceE)
b0002434 b0002434       20     1                 _$LT$$RF$T$u20$as$u20$core..fmt..Debug$GT$::fmt::h250a861904b2ecce
b0002454 b0002454      1f0     4         /Users/user/Source/mozak/mozak-vm/examples/target/riscv32im-mozak-zkvm-elf/release/deps/stdin-285e8814ef7d8bc6.stdin.675c3df60f10ce83-cgu.0.rcgu.o:(.text._ZN40_$LT$str$u20$as$u20$core..fmt..Debug$GT$3fmt17h0695773c34079a85E)
b0002454 b0002454      1f0     1                 _$LT$str$u20$as$u20$core..fmt..Debug$GT$::fmt::h0695773c34079a85
b0002644 b0002644       38     4         /Users/user/Source/mozak/mozak-vm/examples/target/riscv32im-mozak-zkvm-elf/release/deps/stdin-285e8814ef7d8bc6.stdin.675c3df60f10ce83-cgu.0.rcgu.o:(.text._ZN4core3str6traits66_$LT$impl$u20$core..ops..index..Index$LT$I$GT$$u20$for$u20$str$GT$5index17h932c53af267e2e5bE)
b0002644 b0002644       38     1                 core::str::traits::_$LT$impl$u20$core..ops..index..Index$LT$I$GT$$u20$for$u20$str$GT$::index::h932c53af267e2e5b
b000267c b000267c        c     4         /Users/user/Source/mozak/mozak-vm/examples/target/riscv32im-mozak-zkvm-elf/release/deps/stdin-285e8814ef7d8bc6.stdin.675c3df60f10ce83-cgu.0.rcgu.o:(.text.unlikely._ZN4core3str16slice_error_fail17h560b443e89e01535E)
b000267c b000267c        c     1                 core::str::slice_error_fail::h560b443e89e01535
b0002688 b0002688      280     4         /Users/user/Source/mozak/mozak-vm/examples/target/riscv32im-mozak-zkvm-elf/release/deps/stdin-285e8814ef7d8bc6.stdin.675c3df60f10ce83-cgu.0.rcgu.o:(.text._ZN4core3str19slice_error_fail_rt17h87d27d3ce617812aE)
b0002688 b0002688      280     1                 core::str::slice_error_fail_rt::h87d27d3ce617812a
b0002908 b0002908       6c     4         /Users/user/Source/mozak/mozak-vm/examples/target/riscv32im-mozak-zkvm-elf/release/deps/stdin-285e8814ef7d8bc6.stdin.675c3df60f10ce83-cgu.0.rcgu.o:(.text._ZN4core3str21_$LT$impl$u20$str$GT$19floor_char_boundary17hb17144ffd8e8c9c7E)
b0002908 b0002908       6c     1                 core::str::_$LT$impl$u20$str$GT$::floor_char_boundary::hb17144ffd8e8c9c7
b0002974 b0002974       74     4         /Users/user/Source/mozak/mozak-vm/examples/target/riscv32im-mozak-zkvm-elf/release/deps/stdin-285e8814ef7d8bc6.stdin.675c3df60f10ce83-cgu.0.rcgu.o:(.text.unlikely._ZN4core6result13unwrap_failed17h9699604c3cfc0655E)
b0002974 b0002974       74     1                 core::result::unwrap_failed::h9699604c3cfc0655
b00029e8 b00029e8       40     4         /Users/user/Source/mozak/mozak-vm/examples/target/riscv32im-mozak-zkvm-elf/release/deps/stdin-285e8814ef7d8bc6.stdin.675c3df60f10ce83-cgu.0.rcgu.o:(.text.alloc_aligned)
b00029e8 b00029e8       40     1                 alloc_aligned
b0002a28 b0002a28       1c     4         /Users/user/Source/mozak/mozak-vm/examples/target/riscv32im-mozak-zkvm-elf/release/deps/stdin-285e8814ef7d8bc6.stdin.675c3df60f10ce83-cgu.0.rcgu.o:(.text.init)
b0002a28 b0002a28       1c     1                 init
b0002a44 b0002a44       18     4         /Users/user/Source/mozak/mozak-vm/examples/target/riscv32im-mozak-zkvm-elf/release/deps/stdin-285e8814ef7d8bc6.stdin.675c3df60f10ce83-cgu.0.rcgu.o:(.text.finalize)
b0002a44 b0002a44       18     1                 finalize
b0002a5c b0002a5c       20     4         /Users/user/Source/mozak/mozak-vm/examples/target/riscv32im-mozak-zkvm-elf/release/deps/stdin-285e8814ef7d8bc6.stdin.675c3df60f10ce83-cgu.0.rcgu.o:(.text.write)
b0002a5c b0002a5c       20     1                 write
b0002a7c b0002a7c       24     4         /Users/user/Source/mozak/mozak-vm/examples/target/riscv32im-mozak-zkvm-elf/release/deps/stdin-285e8814ef7d8bc6.stdin.675c3df60f10ce83-cgu.0.rcgu.o:(.text.__start)
b0002a7c b0002a7c       24     1                 __start
b0002aa0 b0002aa0       2c     4         /Users/user/Source/mozak/mozak-vm/examples/target/riscv32im-mozak-zkvm-elf/release/deps/stdin-285e8814ef7d8bc6.stdin.675c3df60f10ce83-cgu.0.rcgu.o:(.text._ZN12mozak_system6system12syscall_halt17hf417be01e2a126abE)
b0002aa0 b0002aa0       2c     1                 mozak_system::system::syscall_halt::hf417be01e2a126ab
b0002acc b0002acc       24     4         /Users/user/Source/mozak/mozak-vm/examples/target/riscv32im-mozak-zkvm-elf/release/deps/stdin-285e8814ef7d8bc6.stdin.675c3df60f10ce83-cgu.0.rcgu.o:(.text._ZN3std10sys_common16thread_local_key9StaticKey3set17h905c6587c9178ad6E)
b0002acc b0002acc       24     1                 std::sys_common::thread_local_key::StaticKey::set::h905c6587c9178ad6
b0002af0 b0002af0       14     4         /Users/user/Source/mozak/mozak-vm/examples/target/riscv32im-mozak-zkvm-elf/release/deps/stdin-285e8814ef7d8bc6.stdin.675c3df60f10ce83-cgu.0.rcgu.o:(.text._ZN3std10sys_common16thread_local_key9StaticKey3key17h58c3370001f3071fE)
b0002af0 b0002af0       14     1                 std::sys_common::thread_local_key::StaticKey::key::h58c3370001f3071f
b0002b04 b0002b04       20     4         /Users/user/Source/mozak/mozak-vm/examples/target/riscv32im-mozak-zkvm-elf/release/deps/stdin-285e8814ef7d8bc6.stdin.675c3df60f10ce83-cgu.0.rcgu.o:(.text._ZN3std10sys_common16thread_local_key9StaticKey9lazy_init17h2d8f873b7ec5c91aE)
b0002b04 b0002b04       20     1                 std::sys_common::thread_local_key::StaticKey::lazy_init::h2d8f873b7ec5c91a
b0002b24 b0002b24       50     4         /Users/user/Source/mozak/mozak-vm/examples/target/riscv32im-mozak-zkvm-elf/release/deps/stdin-285e8814ef7d8bc6.stdin.675c3df60f10ce83-cgu.0.rcgu.o:(.text._ZN3std2io5error13repr_unpacked4Repr4data17h674ac21e6f71f4c2E)
b0002b24 b0002b24       50     1                 std::io::error::repr_unpacked::Repr::data::h674ac21e6f71f4c2
b0002b74 b0002b74       14     4         /Users/user/Source/mozak/mozak-vm/examples/target/riscv32im-mozak-zkvm-elf/release/deps/stdin-285e8814ef7d8bc6.stdin.675c3df60f10ce83-cgu.0.rcgu.o:(.text._ZN42_$LT$$RF$T$u20$as$u20$core..fmt..Debug$GT$3fmt17hddff68097807fffeE)
b0002b74 b0002b74       14     1                 _$LT$$RF$T$u20$as$u20$core..fmt..Debug$GT$::fmt::hddff68097807fffe
b0002b88 b0002b88       20     4         /Users/user/Source/mozak/mozak-vm/examples/target/riscv32im-mozak-zkvm-elf/release/deps/stdin-285e8814ef7d8bc6.stdin.675c3df60f10ce83-cgu.0.rcgu.o:(.text._ZN58_$LT$alloc..string..String$u20$as$u20$core..fmt..Debug$GT$3fmt17hd3e642ec35e0b38cE)
b0002b88 b0002b88       20     1                 _$LT$alloc..string..String$u20$as$u20$core..fmt..Debug$GT$::fmt::hd3e642ec35e0b38c
b0002ba8 b0002ba8       3c     4         /Users/user/Source/mozak/mozak-vm/examples/target/riscv32im-mozak-zkvm-elf/release/deps/stdin-285e8814ef7d8bc6.stdin.675c3df60f10ce83-cgu.0.rcgu.o:(.text._ZN62_$LT$std..io..error..ErrorKind$u20$as$u20$core..fmt..Debug$GT$3fmt17hee67fcd31c7a3432E)
b0002ba8 b0002ba8       3c     1                 _$LT$std..io..error..ErrorKind$u20$as$u20$core..fmt..Debug$GT$::fmt::hee67fcd31c7a3432
b0002be4 b0002be4       bc     4         /Users/user/Source/mozak/mozak-vm/examples/target/riscv32im-mozak-zkvm-elf/release/deps/stdin-285e8814ef7d8bc6.stdin.675c3df60f10ce83-cgu.0.rcgu.o:(.text._ZN4core3fmt3num50_$LT$impl$u20$core..fmt..Debug$u20$for$u20$i32$GT$3fmt17h835846effcfc7534E.145)
b0002be4 b0002be4       bc     1                 core::fmt::num::_$LT$impl$u20$core..fmt..Debug$u20$for$u20$i32$GT$::fmt::h835846effcfc7534 (.145)
b0002ca0 b0002ca0       2c     4         /Users/user/Source/mozak/mozak-vm/examples/target/riscv32im-mozak-zkvm-elf/release/deps/stdin-285e8814ef7d8bc6.stdin.675c3df60f10ce83-cgu.0.rcgu.o:(.text._ZN3std10sys_common16thread_local_key9StaticKey3get17h1b0a0223bcfc7185E)
b0002ca0 b0002ca0       2c     1                 std::sys_common::thread_local_key::StaticKey::get::h1b0a0223bcfc7185
b0002ccc b0002ccc        c     4         /Users/user/Source/mozak/mozak-vm/examples/target/riscv32im-mozak-zkvm-elf/release/deps/stdin-285e8814ef7d8bc6.stdin.675c3df60f10ce83-cgu.0.rcgu.o:(.text._ZN3std3sys6common12thread_local8os_local13destroy_value17ha9299588ace19decE)
b0002ccc b0002ccc        c     1                 std::sys::common::thread_local::os_local::destroy_value::ha9299588ace19dec
b0002cd8 b0002cd8       14     4         /Users/user/Source/mozak/mozak-vm/examples/target/riscv32im-mozak-zkvm-elf/release/deps/stdin-285e8814ef7d8bc6.stdin.675c3df60f10ce83-cgu.0.rcgu.o:(.text._ZN3std9panicking3try17h03172a0d5782ee5eE)
b0002cd8 b0002cd8       14     1                 std::panicking::try::h03172a0d5782ee5e
b0002cec b0002cec       20     4         /Users/user/Source/mozak/mozak-vm/examples/target/riscv32im-mozak-zkvm-elf/release/deps/stdin-285e8814ef7d8bc6.stdin.675c3df60f10ce83-cgu.0.rcgu.o:(.text._ZN5alloc5boxed22Box$LT$$u5b$T$u5d$$GT$16new_uninit_slice17ha913f22d9aef4435E)
b0002cec b0002cec       20     1                 alloc::boxed::Box$LT$$u5b$T$u5d$$GT$::new_uninit_slice::ha913f22d9aef4435
b0002d0c b0002d0c      34c     4         /Users/user/Source/mozak/mozak-vm/examples/target/riscv32im-mozak-zkvm-elf/release/deps/stdin-285e8814ef7d8bc6.stdin.675c3df60f10ce83-cgu.0.rcgu.o:(.text._ZN58_$LT$std..io..error..Error$u20$as$u20$core..fmt..Debug$GT$3fmt17h288a857103831d8bE)
b0002d0c b0002d0c      34c     1                 _$LT$std..io..error..Error$u20$as$u20$core..fmt..Debug$GT$::fmt::h288a857103831d8b
b0003058 b0003058       b0     4         /Users/user/Source/mozak/mozak-vm/examples/target/riscv32im-mozak-zkvm-elf/release/deps/stdin-285e8814ef7d8bc6.stdin.675c3df60f10ce83-cgu.0.rcgu.o:(.text._ZN3std2io5stdio5stdin17h9b61aa9e75d2682cE)
b0003058 b0003058       b0     1                 std::io::stdio::stdin::h9b61aa9e75d2682c
b0003108 b0003108        c     4         /Users/user/Source/mozak/mozak-vm/examples/target/riscv32im-mozak-zkvm-elf/release/deps/stdin-285e8814ef7d8bc6.stdin.675c3df60f10ce83-cgu.0.rcgu.o:(.text._ZN3std10sys_common9backtrace26__rust_end_short_backtrace17h4e11d822fb199a31E)
b0003108 b0003108        c     1                 std::sys_common::backtrace::__rust_end_short_backtrace::h4e11d822fb199a31
b0003114 b0003114       28     4         /Users/user/Source/mozak/mozak-vm/examples/target/riscv32im-mozak-zkvm-elf/release/deps/stdin-285e8814ef7d8bc6.stdin.675c3df60f10ce83-cgu.0.rcgu.o:(.text._ZN3std9panicking19begin_panic_handler28_$u7b$$u7b$closure$u7d$$u7d$17h3763c35a72b5760dE)
b0003114 b0003114       28     1                 std::panicking::begin_panic_handler::_$u7b$$u7b$closure$u7d$$u7d$::h3763c35a72b5760d
b000313c b000313c       28     4         /Users/user/Source/mozak/mozak-vm/examples/target/riscv32im-mozak-zkvm-elf/release/deps/stdin-285e8814ef7d8bc6.stdin.675c3df60f10ce83-cgu.0.rcgu.o:(.text._ZN3std9panicking20rust_panic_with_hook17h4478aea66e0d4c32E)
b000313c b000313c       28     1                 std::panicking::rust_panic_with_hook::h4478aea66e0d4c32
b0003164 b0003164       38     4         /Users/user/Source/mozak/mozak-vm/examples/target/riscv32im-mozak-zkvm-elf/release/deps/stdin-285e8814ef7d8bc6.stdin.675c3df60f10ce83-cgu.0.rcgu.o:(.text.rust_begin_unwind)
b0003164 b0003164       38     1                 rust_begin_unwind
b000319c b000319c       1c     4         /Users/user/Source/mozak/mozak-vm/examples/target/riscv32im-mozak-zkvm-elf/release/deps/stdin-285e8814ef7d8bc6.stdin.675c3df60f10ce83-cgu.0.rcgu.o:(.text._ZN4core6option15Option$LT$T$GT$6unwrap17h53d52efd8d3ae1a0E)
b000319c b000319c       1c     1                 core::option::Option$LT$T$GT$::unwrap::h53d52efd8d3ae1a0
b00031b8 b00031b8        8     4         /Users/user/Source/mozak/mozak-vm/examples/target/riscv32im-mozak-zkvm-elf/release/deps/stdin-285e8814ef7d8bc6.stdin.675c3df60f10ce83-cgu.0.rcgu.o:(.text.__rg_oom)
b00031b8 b00031b8        8     1                 __rg_oom
b00031c0 b00031c0       3c     4         /Users/user/Source/mozak/mozak-vm/examples/target/riscv32im-mozak-zkvm-elf/release/deps/stdin-285e8814ef7d8bc6.stdin.675c3df60f10ce83-cgu.0.rcgu.o:(.text.OUTLINED_FUNCTION_0)
b00031c0 b00031c0       3c     1                 OUTLINED_FUNCTION_0
b00031fc b00031fc       28     4         /Users/user/Source/mozak/mozak-vm/examples/target/riscv32im-mozak-zkvm-elf/release/deps/stdin-285e8814ef7d8bc6.stdin.675c3df60f10ce83-cgu.0.rcgu.o:(.text.OUTLINED_FUNCTION_1)
b00031fc b00031fc       28     1                 OUTLINED_FUNCTION_1
b0003224 b0003224       30     4         /Users/user/Source/mozak/mozak-vm/examples/target/riscv32im-mozak-zkvm-elf/release/deps/stdin-285e8814ef7d8bc6.stdin.675c3df60f10ce83-cgu.0.rcgu.o:(.text.OUTLINED_FUNCTION_2)
b0003224 b0003224       30     1                 OUTLINED_FUNCTION_2
b0003254 b0003254       1c     4         /Users/user/Source/mozak/mozak-vm/examples/target/riscv32im-mozak-zkvm-elf/release/deps/stdin-285e8814ef7d8bc6.stdin.675c3df60f10ce83-cgu.0.rcgu.o:(.text.OUTLINED_FUNCTION_3)
b0003254 b0003254       1c     1                 OUTLINED_FUNCTION_3
b0003270 b0003270       3c     4         /Users/user/Source/mozak/mozak-vm/examples/target/riscv32im-mozak-zkvm-elf/release/deps/stdin-285e8814ef7d8bc6.stdin.675c3df60f10ce83-cgu.0.rcgu.o:(.text.OUTLINED_FUNCTION_4)
b0003270 b0003270       3c     1                 OUTLINED_FUNCTION_4
b00032ac b00032ac       24     4         /Users/user/Source/mozak/mozak-vm/examples/target/riscv32im-mozak-zkvm-elf/release/deps/stdin-285e8814ef7d8bc6.stdin.675c3df60f10ce83-cgu.0.rcgu.o:(.text.OUTLINED_FUNCTION_5)
b00032ac b00032ac       24     1                 OUTLINED_FUNCTION_5
b00032d0 b00032d0       38     4         /Users/user/Source/mozak/mozak-vm/examples/target/riscv32im-mozak-zkvm-elf/release/deps/stdin-285e8814ef7d8bc6.stdin.675c3df60f10ce83-cgu.0.rcgu.o:(.text.OUTLINED_FUNCTION_6)
b00032d0 b00032d0       38     1                 OUTLINED_FUNCTION_6
b0003308 b0003308       30     4         /Users/user/Source/mozak/mozak-vm/examples/target/riscv32im-mozak-zkvm-elf/release/deps/stdin-285e8814ef7d8bc6.stdin.675c3df60f10ce83-cgu.0.rcgu.o:(.text.OUTLINED_FUNCTION_7)
b0003308 b0003308       30     1                 OUTLINED_FUNCTION_7
b0003338 b0003338       30     4         /Users/user/Source/mozak/mozak-vm/examples/target/riscv32im-mozak-zkvm-elf/release/deps/stdin-285e8814ef7d8bc6.stdin.675c3df60f10ce83-cgu.0.rcgu.o:(.text.OUTLINED_FUNCTION_8)
b0003338 b0003338       30     1                 OUTLINED_FUNCTION_8
b0003368 b0003368       18     4         /Users/user/Source/mozak/mozak-vm/examples/target/riscv32im-mozak-zkvm-elf/release/deps/stdin-285e8814ef7d8bc6.stdin.675c3df60f10ce83-cgu.0.rcgu.o:(.text.OUTLINED_FUNCTION_9)
b0003368 b0003368       18     1                 OUTLINED_FUNCTION_9
b0003380 b0003380       1c     4         /Users/user/Source/mozak/mozak-vm/examples/target/riscv32im-mozak-zkvm-elf/release/deps/stdin-285e8814ef7d8bc6.stdin.675c3df60f10ce83-cgu.0.rcgu.o:(.text.OUTLINED_FUNCTION_10)
b0003380 b0003380       1c     1                 OUTLINED_FUNCTION_10
b000339c b000339c       2c     4         /Users/user/Source/mozak/mozak-vm/examples/target/riscv32im-mozak-zkvm-elf/release/deps/stdin-285e8814ef7d8bc6.stdin.675c3df60f10ce83-cgu.0.rcgu.o:(.text.OUTLINED_FUNCTION_11)
b000339c b000339c       2c     1                 OUTLINED_FUNCTION_11
b00033c8 b00033c8       2c     4         /Users/user/Source/mozak/mozak-vm/examples/target/riscv32im-mozak-zkvm-elf/release/deps/stdin-285e8814ef7d8bc6.stdin.675c3df60f10ce83-cgu.0.rcgu.o:(.text.OUTLINED_FUNCTION_12)
b00033c8 b00033c8       2c     1                 OUTLINED_FUNCTION_12
b00033f4 b00033f4       2c     4         /Users/user/Source/mozak/mozak-vm/examples/target/riscv32im-mozak-zkvm-elf/release/deps/stdin-285e8814ef7d8bc6.stdin.675c3df60f10ce83-cgu.0.rcgu.o:(.text.OUTLINED_FUNCTION_13)
b00033f4 b00033f4       2c     1                 OUTLINED_FUNCTION_13
b0003420 b0003420       24     4         /Users/user/Source/mozak/mozak-vm/examples/target/riscv32im-mozak-zkvm-elf/release/deps/stdin-285e8814ef7d8bc6.stdin.675c3df60f10ce83-cgu.0.rcgu.o:(.text.OUTLINED_FUNCTION_14)
b0003420 b0003420       24     1                 OUTLINED_FUNCTION_14
b0003444 b0003444       18     4         /Users/user/Source/mozak/mozak-vm/examples/target/riscv32im-mozak-zkvm-elf/release/deps/stdin-285e8814ef7d8bc6.stdin.675c3df60f10ce83-cgu.0.rcgu.o:(.text.OUTLINED_FUNCTION_15)
b0003444 b0003444       18     1                 OUTLINED_FUNCTION_15
b000345c b000345c       24     4         /Users/user/Source/mozak/mozak-vm/examples/target/riscv32im-mozak-zkvm-elf/release/deps/stdin-285e8814ef7d8bc6.stdin.675c3df60f10ce83-cgu.0.rcgu.o:(.text.OUTLINED_FUNCTION_16)
b000345c b000345c       24     1                 OUTLINED_FUNCTION_16
b0003480 b0003480       14     4         /Users/user/Source/mozak/mozak-vm/examples/target/riscv32im-mozak-zkvm-elf/release/deps/stdin-285e8814ef7d8bc6.stdin.675c3df60f10ce83-cgu.0.rcgu.o:(.text.OUTLINED_FUNCTION_17)
b0003480 b0003480       14     1                 OUTLINED_FUNCTION_17
b0003494 b0003494       24     4         /Users/user/Source/mozak/mozak-vm/examples/target/riscv32im-mozak-zkvm-elf/release/deps/stdin-285e8814ef7d8bc6.stdin.675c3df60f10ce83-cgu.0.rcgu.o:(.text.OUTLINED_FUNCTION_18)
b0003494 b0003494       24     1                 OUTLINED_FUNCTION_18
b00034b8 b00034b8       14     4         /Users/user/Source/mozak/mozak-vm/examples/target/riscv32im-mozak-zkvm-elf/release/deps/stdin-285e8814ef7d8bc6.stdin.675c3df60f10ce83-cgu.0.rcgu.o:(.text.OUTLINED_FUNCTION_19)
b00034b8 b00034b8       14     1                 OUTLINED_FUNCTION_19
b00034cc b00034cc       20     4         /Users/user/Source/mozak/mozak-vm/examples/target/riscv32im-mozak-zkvm-elf/release/deps/stdin-285e8814ef7d8bc6.stdin.675c3df60f10ce83-cgu.0.rcgu.o:(.text.OUTLINED_FUNCTION_20)
b00034cc b00034cc       20     1                 OUTLINED_FUNCTION_20
b00034ec b00034ec       20     4         /Users/user/Source/mozak/mozak-vm/examples/target/riscv32im-mozak-zkvm-elf/release/deps/stdin-285e8814ef7d8bc6.stdin.675c3df60f10ce83-cgu.0.rcgu.o:(.text.OUTLINED_FUNCTION_21)
b00034ec b00034ec       20     1                 OUTLINED_FUNCTION_21
b000350c b000350c       20     4         /Users/user/Source/mozak/mozak-vm/examples/target/riscv32im-mozak-zkvm-elf/release/deps/stdin-285e8814ef7d8bc6.stdin.675c3df60f10ce83-cgu.0.rcgu.o:(.text.OUTLINED_FUNCTION_22)
b000350c b000350c       20     1                 OUTLINED_FUNCTION_22
b000352c b000352c       1c     4         /Users/user/Source/mozak/mozak-vm/examples/target/riscv32im-mozak-zkvm-elf/release/deps/stdin-285e8814ef7d8bc6.stdin.675c3df60f10ce83-cgu.0.rcgu.o:(.text.OUTLINED_FUNCTION_23)
b000352c b000352c       1c     1                 OUTLINED_FUNCTION_23
b0003548 b0003548       1c     4         /Users/user/Source/mozak/mozak-vm/examples/target/riscv32im-mozak-zkvm-elf/release/deps/stdin-285e8814ef7d8bc6.stdin.675c3df60f10ce83-cgu.0.rcgu.o:(.text.OUTLINED_FUNCTION_24)
b0003548 b0003548       1c     1                 OUTLINED_FUNCTION_24
b0003564 b0003564       1c     4         /Users/user/Source/mozak/mozak-vm/examples/target/riscv32im-mozak-zkvm-elf/release/deps/stdin-285e8814ef7d8bc6.stdin.675c3df60f10ce83-cgu.0.rcgu.o:(.text.OUTLINED_FUNCTION_25)
b0003564 b0003564       1c     1                 OUTLINED_FUNCTION_25
b0003580 b0003580       14     4         /Users/user/Source/mozak/mozak-vm/examples/target/riscv32im-mozak-zkvm-elf/release/deps/stdin-285e8814ef7d8bc6.stdin.675c3df60f10ce83-cgu.0.rcgu.o:(.text.OUTLINED_FUNCTION_26)
b0003580 b0003580       14     1                 OUTLINED_FUNCTION_26
b0003594 b0003594       10     4         /Users/user/Source/mozak/mozak-vm/examples/target/riscv32im-mozak-zkvm-elf/release/deps/stdin-285e8814ef7d8bc6.stdin.675c3df60f10ce83-cgu.0.rcgu.o:(.text.OUTLINED_FUNCTION_27)
b0003594 b0003594       10     1                 OUTLINED_FUNCTION_27
b00035a4 b00035a4       14     4         /Users/user/Source/mozak/mozak-vm/examples/target/riscv32im-mozak-zkvm-elf/release/deps/stdin-285e8814ef7d8bc6.stdin.675c3df60f10ce83-cgu.0.rcgu.o:(.text.OUTLINED_FUNCTION_28)
b00035a4 b00035a4       14     1                 OUTLINED_FUNCTION_28
b00035b8 b00035b8       14     4         /Users/user/Source/mozak/mozak-vm/examples/target/riscv32im-mozak-zkvm-elf/release/deps/stdin-285e8814ef7d8bc6.stdin.675c3df60f10ce83-cgu.0.rcgu.o:(.text.OUTLINED_FUNCTION_29)
b00035b8 b00035b8       14     1                 OUTLINED_FUNCTION_29
b00035cc b00035cc       14     4         /Users/user/Source/mozak/mozak-vm/examples/target/riscv32im-mozak-zkvm-elf/release/deps/stdin-285e8814ef7d8bc6.stdin.675c3df60f10ce83-cgu.0.rcgu.o:(.text.OUTLINED_FUNCTION_30)
b00035cc b00035cc       14     1                 OUTLINED_FUNCTION_30
b00035e0 b00035e0       1c     4         /Users/user/Source/mozak/mozak-vm/examples/target/riscv32im-mozak-zkvm-elf/release/deps/stdin-285e8814ef7d8bc6.stdin.675c3df60f10ce83-cgu.0.rcgu.o:(.text.OUTLINED_FUNCTION_31)
b00035e0 b00035e0       1c     1                 OUTLINED_FUNCTION_31
b00035fc b00035fc       14     4         /Users/user/Source/mozak/mozak-vm/examples/target/riscv32im-mozak-zkvm-elf/release/deps/stdin-285e8814ef7d8bc6.stdin.675c3df60f10ce83-cgu.0.rcgu.o:(.text.OUTLINED_FUNCTION_32)
b00035fc b00035fc       14     1                 OUTLINED_FUNCTION_32
b0003610 b0003610       e0     4         /Users/user/Source/mozak/mozak-vm/examples/target/riscv32im-mozak-zkvm-elf/release/deps/libcompiler_builtins-ed9bcf9f27c46b5c.rlib(compiler_builtins-ed9bcf9f27c46b5c.compiler_builtins.dd8bce715ac7417d-cgu.0.rcgu.o):(.text._ZN17compiler_builtins3mem6memcpy17h487cdcc3656742aaE)
b0003610 b0003610       e0     1                 compiler_builtins::mem::memcpy::h487cdcc3656742aa
b00036f0 b00036f0        8     4         /Users/user/Source/mozak/mozak-vm/examples/target/riscv32im-mozak-zkvm-elf/release/deps/libcompiler_builtins-ed9bcf9f27c46b5c.rlib(compiler_builtins-ed9bcf9f27c46b5c.compiler_builtins.dd8bce715ac7417d-cgu.0.rcgu.o):(.text.memcpy)
b00036f0 b00036f0        8     1                 memcpy
b00036f8 b00036f8       2c     4         /Users/user/Source/mozak/mozak-vm/examples/target/riscv32im-mozak-zkvm-elf/release/deps/libcompiler_builtins-ed9bcf9f27c46b5c.rlib(compiler_builtins-ed9bcf9f27c46b5c.compiler_builtins.dd8bce715ac7417d-cgu.0.rcgu.o):(.text._ZN17compiler_builtins3mem6memcmp17h592a37f3f8003bd0E)
b00036f8 b00036f8       2c     1                 compiler_builtins::mem::memcmp::h592a37f3f8003bd0
b0003724 b0003724        8     4         /Users/user/Source/mozak/mozak-vm/examples/target/riscv32im-mozak-zkvm-elf/release/deps/libcompiler_builtins-ed9bcf9f27c46b5c.rlib(compiler_builtins-ed9bcf9f27c46b5c.compiler_builtins.dd8bce715ac7417d-cgu.0.rcgu.o):(.text.memcmp)
b0003724 b0003724        8     1                 memcmp
b000372c b000372c        0     1 _text_start = ADDR ( .text )
b000372c b000372c        0     1 _text_end = _text_start + SIZEOF ( .text )
b000372c b000372c     1148     4 .rodata
b000372c b000372c       10     4         /Users/user/Source/mozak/mozak-vm/examples/target/riscv32im-mozak-zkvm-elf/release/deps/stdin-285e8814ef7d8bc6.stdin.675c3df60f10ce83-cgu.0.rcgu.o:(.rodata..Lanon.fad58de7366495db4650cfefac2fcd61.11)
b000372c b000372c       10     1                 .Lanon.fad58de7366495db4650cfefac2fcd61.11
b000373c b000373c       13     1         /Users/user/Source/mozak/mozak-vm/examples/target/riscv32im-mozak-zkvm-elf/release/deps/stdin-285e8814ef7d8bc6.stdin.675c3df60f10ce83-cgu.0.rcgu.o:(.rodata..Lanon.fad58de7366495db4650cfefac2fcd61.13)
b000373c b000373c       13     1                 .Lanon.fad58de7366495db4650cfefac2fcd61.13
b000374f b000374f       12     1         /Users/user/Source/mozak/mozak-vm/examples/target/riscv32im-mozak-zkvm-elf/release/deps/stdin-285e8814ef7d8bc6.stdin.675c3df60f10ce83-cgu.0.rcgu.o:(.rodata..Lanon.fad58de7366495db4650cfefac2fcd61.14)
b000374f b000374f       12     1                 .Lanon.fad58de7366495db4650cfefac2fcd61.14
b0003761 b0003761       18     1         /Users/user/Source/mozak/mozak-vm/examples/target/riscv32im-mozak-zkvm-elf/release/deps/stdin-285e8814ef7d8bc6.stdin.675c3df60f10ce83-cgu.0.rcgu.o:(.rodata..Lanon.fad58de7366495db4650cfefac2fcd61.15)
b0003761 b0003761       18     1                 .Lanon.fad58de7366495db4650cfefac2fcd61.15
b0003779 b0003779       18     1         /Users/user/Source/mozak/mozak-vm/examples/target/riscv32im-mozak-zkvm-elf/release/deps/stdin-285e8814ef7d8bc6.stdin.675c3df60f10ce83-cgu.0.rcgu.o:(.rodata..Lanon.fad58de7366495db4650cfefac2fcd61.16)
b0003779 b0003779       18     1                 .Lanon.fad58de7366495db4650cfefac2fcd61.16
b0003791 b0003791       11     1         /Users/user/Source/mozak/mozak-vm/examples/target/riscv32im-mozak-zkvm-elf/release/deps/stdin-285e8814ef7d8bc6.stdin.675c3df60f10ce83-cgu.0.rcgu.o:(.rodata..Lanon.d43ffa35890f512ff297a351d3458c98.12)
b0003791 b0003791       11     1                 .Lanon.d43ffa35890f512ff297a351d3458c98.12
b00037a4 b00037a4        8     4         /Users/user/Source/mozak/mozak-vm/examples/target/riscv32im-mozak-zkvm-elf/release/deps/stdin-285e8814ef7d8bc6.stdin.675c3df60f10ce83-cgu.0.rcgu.o:(.rodata..Lanon.d43ffa35890f512ff297a351d3458c98.13)
b00037a4 b00037a4        8     1                 .Lanon.d43ffa35890f512ff297a351d3458c98.13
b00037ac b00037ac        1     1         /Users/user/Source/mozak/mozak-vm/examples/target/riscv32im-mozak-zkvm-elf/release/deps/stdin-285e8814ef7d8bc6.stdin.675c3df60f10ce83-cgu.0.rcgu.o:(.rodata..Lanon.a2689399ea5862aa78e63d8896b1005c.73)
b00037ac b00037ac        1     1                 .Lanon.a2689399ea5862aa78e63d8896b1005c.73
b00037ad b00037ad        2     1         /Users/user/Source/mozak/mozak-vm/examples/target/riscv32im-mozak-zkvm-elf/release/deps/stdin-285e8814ef7d8bc6.stdin.675c3df60f10ce83-cgu.0.rcgu.o:(.rodata..Lanon.a2689399ea5862aa78e63d8896b1005c.76)
b00037ad b00037ad        2     1                 .Lanon.a2689399ea5862aa78e63d8896b1005c.76
b00037b0 b00037b0        8     4         /Users/user/Source/mozak/mozak-vm/examples/target/riscv32im-mozak-zkvm-elf/release/deps/stdin-285e8814ef7d8bc6.stdin.675c3df60f10ce83-cgu.0.rcgu.o:(.rodata..Lanon.a2689399ea5862aa78e63d8896b1005c.77)
b00037b0 b00037b0        8     1                 .Lanon.a2689399ea5862aa78e63d8896b1005c.77
b00037b8 b00037b8       50     1         <internal>:(.rodata.cst16)
b0003808 b0003808       10     4         /Users/user/Source/mozak/mozak-vm/examples/target/riscv32im-mozak-zkvm-elf/release/deps/stdin-285e8814ef7d8bc6.stdin.675c3df60f10ce83-cgu.0.rcgu.o:(.rodata..Lanon.a2689399ea5862aa78e63d8896b1005c.150)
b0003808 b0003808       10     1                 .Lanon.a2689399ea5862aa78e63d8896b1005c.150
b0003818 b0003818       20     1         <internal>:(.rodata.cst32)
b0003838 b0003838       12     1         /Users/user/Source/mozak/mozak-vm/examples/target/riscv32im-mozak-zkvm-elf/release/deps/stdin-285e8814ef7d8bc6.stdin.675c3df60f10ce83-cgu.0.rcgu.o:(.rodata..Lanon.a2689399ea5862aa78e63d8896b1005c.156)
b0003838 b0003838       12     1                 .Lanon.a2689399ea5862aa78e63d8896b1005c.156
b000384c b000384c       10     4         /Users/user/Source/mozak/mozak-vm/examples/target/riscv32im-mozak-zkvm-elf/release/deps/stdin-285e8814ef7d8bc6.stdin.675c3df60f10ce83-cgu.0.rcgu.o:(.rodata..Lanon.a2689399ea5862aa78e63d8896b1005c.157)
b000384c b000384c       10     1                 .Lanon.a2689399ea5862aa78e63d8896b1005c.157
b000385c b000385c        2     1         /Users/user/Source/mozak/mozak-vm/examples/target/riscv32im-mozak-zkvm-elf/release/deps/stdin-285e8814ef7d8bc6.stdin.675c3df60f10ce83-cgu.0.rcgu.o:(.rodata..Lanon.a2689399ea5862aa78e63d8896b1005c.177)
b000385c b000385c        2     1                 .Lanon.a2689399ea5862aa78e63d8896b1005c.177
b0003860 b0003860       10     4         /Users/user/Source/mozak/mozak-vm/examples/target/riscv32im-mozak-zkvm-elf/release/deps/stdin-285e8814ef7d8bc6.stdin.675c3df60f10ce83-cgu.0.rcgu.o:(.rodata..Lanon.a2689399ea5862aa78e63d8896b1005c.178)
b0003860 b0003860       10     1                 .Lanon.a2689399ea5862aa78e63d8896b1005c.178
b0003870 b0003870       18     4         /Users/user/Source/mozak/mozak-vm/examples/target/riscv32im-mozak-zkvm-elf/release/deps/stdin-285e8814ef7d8bc6.stdin.675c3df60f10ce83-cgu.0.rcgu.o:(.rodata..Lanon.a2689399ea5862aa78e63d8896b1005c.179)
b0003870 b0003870       18     1                 .Lanon.a2689399ea5862aa78e63d8896b1005c.179
b0003888 b0003888       14     1         <internal>:(.rodata.cst4)
b000389c b000389c        3     1         /Users/user/Source/mozak/mozak-vm/examples/target/riscv32im-mozak-zkvm-elf/release/deps/stdin-285e8814ef7d8bc6.stdin.675c3df60f10ce83-cgu.0.rcgu.o:(.rodata..Lanon.a2689399ea5862aa78e63d8896b1005c.181)
b000389c b000389c        3     1                 .Lanon.a2689399ea5862aa78e63d8896b1005c.181
b000389f b000389f        2     1         /Users/user/Source/mozak/mozak-vm/examples/target/riscv32im-mozak-zkvm-elf/release/deps/stdin-285e8814ef7d8bc6.stdin.675c3df60f10ce83-cgu.0.rcgu.o:(.rodata..Lanon.a2689399ea5862aa78e63d8896b1005c.182)
b000389f b000389f        2     1                 .Lanon.a2689399ea5862aa78e63d8896b1005c.182
b00038a1 b00038a1        3     1         /Users/user/Source/mozak/mozak-vm/examples/target/riscv32im-mozak-zkvm-elf/release/deps/stdin-285e8814ef7d8bc6.stdin.675c3df60f10ce83-cgu.0.rcgu.o:(.rodata..Lanon.a2689399ea5862aa78e63d8896b1005c.183)
b00038a1 b00038a1        3     1                 .Lanon.a2689399ea5862aa78e63d8896b1005c.183
b00038a4 b00038a4        2     1         /Users/user/Source/mozak/mozak-vm/examples/target/riscv32im-mozak-zkvm-elf/release/deps/stdin-285e8814ef7d8bc6.stdin.675c3df60f10ce83-cgu.0.rcgu.o:(.rodata..Lanon.a2689399ea5862aa78e63d8896b1005c.184)
b00038a4 b00038a4        2     1                 .Lanon.a2689399ea5862aa78e63d8896b1005c.184
b00038a6 b00038a6        1     1         /Users/user/Source/mozak/mozak-vm/examples/target/riscv32im-mozak-zkvm-elf/release/deps/stdin-285e8814ef7d8bc6.stdin.675c3df60f10ce83-cgu.0.rcgu.o:(.rodata..Lanon.a2689399ea5862aa78e63d8896b1005c.188)
b00038a6 b00038a6        1     1                 .Lanon.a2689399ea5862aa78e63d8896b1005c.188
b00038a7 b00038a7        2     1         /Users/user/Source/mozak/mozak-vm/examples/target/riscv32im-mozak-zkvm-elf/release/deps/stdin-285e8814ef7d8bc6.stdin.675c3df60f10ce83-cgu.0.rcgu.o:(.rodata..Lanon.a2689399ea5862aa78e63d8896b1005c.189)
b00038a7 b00038a7        2     1                 .Lanon.a2689399ea5862aa78e63d8896b1005c.189
b00038a9 b00038a9        1     1         /Users/user/Source/mozak/mozak-vm/examples/target/riscv32im-mozak-zkvm-elf/release/deps/stdin-285e8814ef7d8bc6.stdin.675c3df60f10ce83-cgu.0.rcgu.o:(.rodata..Lanon.a2689399ea5862aa78e63d8896b1005c.190)
b00038a9 b00038a9        1     1                 .Lanon.a2689399ea5862aa78e63d8896b1005c.190
b00038aa b00038aa        2     1         /Users/user/Source/mozak/mozak-vm/examples/target/riscv32im-mozak-zkvm-elf/release/deps/stdin-285e8814ef7d8bc6.stdin.675c3df60f10ce83-cgu.0.rcgu.o:(.rodata..Lanon.a2689399ea5862aa78e63d8896b1005c.191)
b00038aa b00038aa        2     1                 .Lanon.a2689399ea5862aa78e63d8896b1005c.191
b00038ac b00038ac        2     1         /Users/user/Source/mozak/mozak-vm/examples/target/riscv32im-mozak-zkvm-elf/release/deps/stdin-285e8814ef7d8bc6.stdin.675c3df60f10ce83-cgu.0.rcgu.o:(.rodata..Lanon.a2689399ea5862aa78e63d8896b1005c.206)
b00038ac b00038ac        2     1                 .Lanon.a2689399ea5862aa78e63d8896b1005c.206
b00038ae b00038ae       c8     1         /Users/user/Source/mozak/mozak-vm/examples/target/riscv32im-mozak-zkvm-elf/release/deps/stdin-285e8814ef7d8bc6.stdin.675c3df60f10ce83-cgu.0.rcgu.o:(.rodata..Lanon.a2689399ea5862aa78e63d8896b1005c.209)
b00038ae b00038ae       c8     1                 .Lanon.a2689399ea5862aa78e63d8896b1005c.209
b0003976 b0003976       12     1         /Users/user/Source/mozak/mozak-vm/examples/target/riscv32im-mozak-zkvm-elf/release/deps/stdin-285e8814ef7d8bc6.stdin.675c3df60f10ce83-cgu.0.rcgu.o:(.rodata..Lanon.a2689399ea5862aa78e63d8896b1005c.225)
b0003976 b0003976       12     1                 .Lanon.a2689399ea5862aa78e63d8896b1005c.225
b0003988 b0003988       22     1         /Users/user/Source/mozak/mozak-vm/examples/target/riscv32im-mozak-zkvm-elf/release/deps/stdin-285e8814ef7d8bc6.stdin.675c3df60f10ce83-cgu.0.rcgu.o:(.rodata..Lanon.a2689399ea5862aa78e63d8896b1005c.226)
b0003988 b0003988       22     1                 .Lanon.a2689399ea5862aa78e63d8896b1005c.226
b00039ac b00039ac       10     4         /Users/user/Source/mozak/mozak-vm/examples/target/riscv32im-mozak-zkvm-elf/release/deps/stdin-285e8814ef7d8bc6.stdin.675c3df60f10ce83-cgu.0.rcgu.o:(.rodata..Lanon.a2689399ea5862aa78e63d8896b1005c.227)
b00039ac b00039ac       10     1                 .Lanon.a2689399ea5862aa78e63d8896b1005c.227
b00039bc b00039bc       10     4         /Users/user/Source/mozak/mozak-vm/examples/target/riscv32im-mozak-zkvm-elf/release/deps/stdin-285e8814ef7d8bc6.stdin.675c3df60f10ce83-cgu.0.rcgu.o:(.rodata..Lanon.a2689399ea5862aa78e63d8896b1005c.229)
b00039bc b00039bc       10     1                 .Lanon.a2689399ea5862aa78e63d8896b1005c.229
b00039cc b00039cc       16     1         /Users/user/Source/mozak/mozak-vm/examples/target/riscv32im-mozak-zkvm-elf/release/deps/stdin-285e8814ef7d8bc6.stdin.675c3df60f10ce83-cgu.0.rcgu.o:(.rodata..Lanon.a2689399ea5862aa78e63d8896b1005c.230)
b00039cc b00039cc       16     1                 .Lanon.a2689399ea5862aa78e63d8896b1005c.230
b00039e2 b00039e2        d     1         /Users/user/Source/mozak/mozak-vm/examples/target/riscv32im-mozak-zkvm-elf/release/deps/stdin-285e8814ef7d8bc6.stdin.675c3df60f10ce83-cgu.0.rcgu.o:(.rodata..Lanon.a2689399ea5862aa78e63d8896b1005c.231)
b00039e2 b00039e2        d     1                 .Lanon.a2689399ea5862aa78e63d8896b1005c.231
b00039f0 b00039f0       10     4         /Users/user/Source/mozak/mozak-vm/examples/target/riscv32im-mozak-zkvm-elf/release/deps/stdin-285e8814ef7d8bc6.stdin.675c3df60f10ce83-cgu.0.rcgu.o:(.rodata..Lanon.a2689399ea5862aa78e63d8896b1005c.232)
b00039f0 b00039f0       10     1                 .Lanon.a2689399ea5862aa78e63d8896b1005c.232
b0003a00 b0003a00       15     1         /Users/user/Source/mozak/mozak-vm/examples/target/riscv32im-mozak-zkvm-elf/release/deps/stdin-285e8814ef7d8bc6.stdin.675c3df60f10ce83-cgu.0.rcgu.o:(.rodata..Lanon.a2689399ea5862aa78e63d8896b1005c.244)
b0003a00 b0003a00       15     1                 .Lanon.a2689399ea5862aa78e63d8896b1005c.244
b0003a15 b0003a15       2b     1         /Users/user/Source/mozak/mozak-vm/examples/target/riscv32im-mozak-zkvm-elf/release/deps/stdin-285e8814ef7d8bc6.stdin.675c3df60f10ce83-cgu.0.rcgu.o:(.rodata..Lanon.a2689399ea5862aa78e63d8896b1005c.245)
b0003a15 b0003a15       2b     1                 .Lanon.a2689399ea5862aa78e63d8896b1005c.245
b0003a40 b0003a40       18     4         /Users/user/Source/mozak/mozak-vm/examples/target/riscv32im-mozak-zkvm-elf/release/deps/stdin-285e8814ef7d8bc6.stdin.675c3df60f10ce83-cgu.0.rcgu.o:(.rodata..Lanon.a2689399ea5862aa78e63d8896b1005c.246)
b0003a40 b0003a40       18     1                 .Lanon.a2689399ea5862aa78e63d8896b1005c.246
b0003a58 b0003a58        5     1         /Users/user/Source/mozak/mozak-vm/examples/target/riscv32im-mozak-zkvm-elf/release/deps/stdin-285e8814ef7d8bc6.stdin.675c3df60f10ce83-cgu.0.rcgu.o:(.rodata..Lanon.a2689399ea5862aa78e63d8896b1005c.282)
b0003a58 b0003a58        5     1                 .Lanon.a2689399ea5862aa78e63d8896b1005c.282
b0003a5d b0003a5d        e     1         /Users/user/Source/mozak/mozak-vm/examples/target/riscv32im-mozak-zkvm-elf/release/deps/stdin-285e8814ef7d8bc6.stdin.675c3df60f10ce83-cgu.0.rcgu.o:(.rodata..Lanon.a2689399ea5862aa78e63d8896b1005c.283)
b0003a5d b0003a5d        e     1                 .Lanon.a2689399ea5862aa78e63d8896b1005c.283
b0003a6b b0003a6b        1     1         /Users/user/Source/mozak/mozak-vm/examples/target/riscv32im-mozak-zkvm-elf/release/deps/stdin-285e8814ef7d8bc6.stdin.675c3df60f10ce83-cgu.0.rcgu.o:(.rodata..Lanon.a2689399ea5862aa78e63d8896b1005c.286)
b0003a6b b0003a6b        1     1                 .Lanon.a2689399ea5862aa78e63d8896b1005c.286
b0003a6c b0003a6c       20     4         /Users/user/Source/mozak/mozak-vm/examples/target/riscv32im-mozak-zkvm-elf/release/deps/stdin-285e8814ef7d8bc6.stdin.675c3df60f10ce83-cgu.0.rcgu.o:(.rodata..Lanon.a2689399ea5862aa78e63d8896b1005c.287)
b0003a6c b0003a6c       20     1                 .Lanon.a2689399ea5862aa78e63d8896b1005c.287
b0003a8c b0003a8c        b     1         /Users/user/Source/mozak/mozak-vm/examples/target/riscv32im-mozak-zkvm-elf/release/deps/stdin-285e8814ef7d8bc6.stdin.675c3df60f10ce83-cgu.0.rcgu.o:(.rodata..Lanon.a2689399ea5862aa78e63d8896b1005c.288)
b0003a8c b0003a8c        b     1                 .Lanon.a2689399ea5862aa78e63d8896b1005c.288
b0003a97 b0003a97       26     1         /Users/user/Source/mozak/mozak-vm/examples/target/riscv32im-mozak-zkvm-elf/release/deps/stdin-285e8814ef7d8bc6.stdin.675c3df60f10ce83-cgu.0.rcgu.o:(.rodata..Lanon.a2689399ea5862aa78e63d8896b1005c.289)
b0003a97 b0003a97       26     1                 .Lanon.a2689399ea5862aa78e63d8896b1005c.289
b0003abd b0003abd       20     1         <internal>:(.rodata.cst8)
b0003add b0003add        6     1         /Users/user/Source/mozak/mozak-vm/examples/target/riscv32im-mozak-zkvm-elf/release/deps/stdin-285e8814ef7d8bc6.stdin.675c3df60f10ce83-cgu.0.rcgu.o:(.rodata..Lanon.a2689399ea5862aa78e63d8896b1005c.291)
b0003add b0003add        6     1                 .Lanon.a2689399ea5862aa78e63d8896b1005c.291
b0003ae4 b0003ae4       28     4         /Users/user/Source/mozak/mozak-vm/examples/target/riscv32im-mozak-zkvm-elf/release/deps/stdin-285e8814ef7d8bc6.stdin.675c3df60f10ce83-cgu.0.rcgu.o:(.rodata..Lanon.a2689399ea5862aa78e63d8896b1005c.292)
b0003ae4 b0003ae4       28     1                 .Lanon.a2689399ea5862aa78e63d8896b1005c.292
b0003b0c b0003b0c       16     1         /Users/user/Source/mozak/mozak-vm/examples/target/riscv32im-mozak-zkvm-elf/release/deps/stdin-285e8814ef7d8bc6.stdin.675c3df60f10ce83-cgu.0.rcgu.o:(.rodata..Lanon.a2689399ea5862aa78e63d8896b1005c.293)
b0003b0c b0003b0c       16     1                 .Lanon.a2689399ea5862aa78e63d8896b1005c.293
b0003b24 b0003b24       18     4         /Users/user/Source/mozak/mozak-vm/examples/target/riscv32im-mozak-zkvm-elf/release/deps/stdin-285e8814ef7d8bc6.stdin.675c3df60f10ce83-cgu.0.rcgu.o:(.rodata..Lanon.a2689399ea5862aa78e63d8896b1005c.294)
b0003b24 b0003b24       18     1                 .Lanon.a2689399ea5862aa78e63d8896b1005c.294
b0003b3c b0003b3c       58     1         /Users/user/Source/mozak/mozak-vm/examples/target/riscv32im-mozak-zkvm-elf/release/deps/stdin-285e8814ef7d8bc6.stdin.675c3df60f10ce83-cgu.0.rcgu.o:(.rodata..Lanon.a2689399ea5862aa78e63d8896b1005c.305)
b0003b3c b0003b3c       58     1                 .Lanon.a2689399ea5862aa78e63d8896b1005c.305
b0003b94 b0003b94       c4     1         /Users/user/Source/mozak/mozak-vm/examples/target/riscv32im-mozak-zkvm-elf/release/deps/stdin-285e8814ef7d8bc6.stdin.675c3df60f10ce83-cgu.0.rcgu.o:(.rodata..Lanon.a2689399ea5862aa78e63d8896b1005c.306)
b0003b94 b0003b94       c4     1                 .Lanon.a2689399ea5862aa78e63d8896b1005c.306
b0003c58 b0003c58      1c2     1         /Users/user/Source/mozak/mozak-vm/examples/target/riscv32im-mozak-zkvm-elf/release/deps/stdin-285e8814ef7d8bc6.stdin.675c3df60f10ce83-cgu.0.rcgu.o:(.rodata..Lanon.a2689399ea5862aa78e63d8896b1005c.307)
b0003c58 b0003c58      1c2     1                 .Lanon.a2689399ea5862aa78e63d8896b1005c.307
b0003e1a b0003e1a       50     1         /Users/user/Source/mozak/mozak-vm/examples/target/riscv32im-mozak-zkvm-elf/release/deps/stdin-285e8814ef7d8bc6.stdin.675c3df60f10ce83-cgu.0.rcgu.o:(.rodata..Lanon.a2689399ea5862aa78e63d8896b1005c.308)
b0003e1a b0003e1a       50     1                 .Lanon.a2689399ea5862aa78e63d8896b1005c.308
b0003e6a b0003e6a      11f     1         /Users/user/Source/mozak/mozak-vm/examples/target/riscv32im-mozak-zkvm-elf/release/deps/stdin-285e8814ef7d8bc6.stdin.675c3df60f10ce83-cgu.0.rcgu.o:(.rodata..Lanon.a2689399ea5862aa78e63d8896b1005c.309)
b0003e6a b0003e6a      11f     1                 .Lanon.a2689399ea5862aa78e63d8896b1005c.309
b0003f89 b0003f89      12f     1         /Users/user/Source/mozak/mozak-vm/examples/target/riscv32im-mozak-zkvm-elf/release/deps/stdin-285e8814ef7d8bc6.stdin.675c3df60f10ce83-cgu.0.rcgu.o:(.rodata..Lanon.a2689399ea5862aa78e63d8896b1005c.310)
b0003f89 b0003f89      12f     1                 .Lanon.a2689399ea5862aa78e63d8896b1005c.310
b00040b8 b00040b8        3     1         /Users/user/Source/mozak/mozak-vm/examples/target/riscv32im-mozak-zkvm-elf/release/deps/stdin-285e8814ef7d8bc6.stdin.675c3df60f10ce83-cgu.0.rcgu.o:(.rodata..Lanon.a2689399ea5862aa78e63d8896b1005c.321)
b00040b8 b00040b8        3     1                 .Lanon.a2689399ea5862aa78e63d8896b1005c.321
b00040bc b00040bc       84     4         /Users/user/Source/mozak/mozak-vm/examples/target/riscv32im-mozak-zkvm-elf/release/deps/stdin-285e8814ef7d8bc6.stdin.675c3df60f10ce83-cgu.0.rcgu.o:(.rodata._ZN4core7unicode12unicode_data15grapheme_extend17SHORT_OFFSET_RUNS17h7ec78c22fbddf73cE)
b00040bc b00040bc       84     1                 core::unicode::unicode_data::grapheme_extend::SHORT_OFFSET_RUNS::h7ec78c22fbddf73c
b0004140 b0004140      2d7     1         /Users/user/Source/mozak/mozak-vm/examples/target/riscv32im-mozak-zkvm-elf/release/deps/stdin-285e8814ef7d8bc6.stdin.675c3df60f10ce83-cgu.0.rcgu.o:(.rodata._ZN4core7unicode12unicode_data15grapheme_extend7OFFSETS17he789e69fec2a9adbE)
b0004140 b0004140      2d7     1                 core::unicode::unicode_data::grapheme_extend::OFFSETS::he789e69fec2a9adb
b0004417 b0004417       28     1         /Users/user/Source/mozak/mozak-vm/examples/target/riscv32im-mozak-zkvm-elf/release/deps/stdin-285e8814ef7d8bc6.stdin.675c3df60f10ce83-cgu.0.rcgu.o:(.rodata..Lanon.1bee3cb9b591d71323fe39300a6d2118.0)
b0004417 b0004417       28     1                 .Lanon.1bee3cb9b591d71323fe39300a6d2118.0
b000443f b000443f        a     1         /Users/user/Source/mozak/mozak-vm/examples/target/riscv32im-mozak-zkvm-elf/release/deps/stdin-285e8814ef7d8bc6.stdin.675c3df60f10ce83-cgu.0.rcgu.o:(.rodata..Lanon.82289a2ec32153b1e8b79c7ed5abc1ec.0)
b000443f b000443f        a     1                 .Lanon.82289a2ec32153b1e8b79c7ed5abc1ec.0
b000444c b000444c       10     4         /Users/user/Source/mozak/mozak-vm/examples/target/riscv32im-mozak-zkvm-elf/release/deps/stdin-285e8814ef7d8bc6.stdin.675c3df60f10ce83-cgu.0.rcgu.o:(.rodata..Lanon.82289a2ec32153b1e8b79c7ed5abc1ec.1)
b000444c b000444c       10     1                 .Lanon.82289a2ec32153b1e8b79c7ed5abc1ec.1
b000445c b000445c        0     4         /Users/user/Source/mozak/mozak-vm/examples/target/riscv32im-mozak-zkvm-elf/release/deps/stdin-285e8814ef7d8bc6.stdin.675c3df60f10ce83-cgu.0.rcgu.o:(.rodata..Lanon.82289a2ec32153b1e8b79c7ed5abc1ec.9)
b000445c b000445c        0     1                 .Lanon.82289a2ec32153b1e8b79c7ed5abc1ec.9
b000445c b000445c       23     1         /Users/user/Source/mozak/mozak-vm/examples/target/riscv32im-mozak-zkvm-elf/release/deps/stdin-285e8814ef7d8bc6.stdin.675c3df60f10ce83-cgu.0.rcgu.o:(.rodata..Lanon.82289a2ec32153b1e8b79c7ed5abc1ec.16)
b000445c b000445c       23     1                 .Lanon.82289a2ec32153b1e8b79c7ed5abc1ec.16
b000447f b000447f       2b     1         /Users/user/Source/mozak/mozak-vm/examples/target/riscv32im-mozak-zkvm-elf/release/deps/stdin-285e8814ef7d8bc6.stdin.675c3df60f10ce83-cgu.0.rcgu.o:(.rodata..Lanon.82289a2ec32153b1e8b79c7ed5abc1ec.17)
b000447f b000447f       2b     1                 .Lanon.82289a2ec32153b1e8b79c7ed5abc1ec.17
b00044aa b00044aa        2     1         /Users/user/Source/mozak/mozak-vm/examples/target/riscv32im-mozak-zkvm-elf/release/deps/stdin-285e8814ef7d8bc6.stdin.675c3df60f10ce83-cgu.0.rcgu.o:(.rodata..Lanon.82289a2ec32153b1e8b79c7ed5abc1ec.178)
b00044aa b00044aa        2     1                 .Lanon.82289a2ec32153b1e8b79c7ed5abc1ec.178
b00044ac b00044ac        7     1         /Users/user/Source/mozak/mozak-vm/examples/target/riscv32im-mozak-zkvm-elf/release/deps/stdin-285e8814ef7d8bc6.stdin.675c3df60f10ce83-cgu.0.rcgu.o:(.rodata..Lanon.82289a2ec32153b1e8b79c7ed5abc1ec.183)
b00044ac b00044ac        7     1                 .Lanon.82289a2ec32153b1e8b79c7ed5abc1ec.183
b00044b3 b00044b3        5     1         /Users/user/Source/mozak/mozak-vm/examples/target/riscv32im-mozak-zkvm-elf/release/deps/stdin-285e8814ef7d8bc6.stdin.675c3df60f10ce83-cgu.0.rcgu.o:(.rodata..Lanon.82289a2ec32153b1e8b79c7ed5abc1ec.186)
b00044b3 b00044b3        5     1                 .Lanon.82289a2ec32153b1e8b79c7ed5abc1ec.186
b00044b8 b00044b8        b     1         /Users/user/Source/mozak/mozak-vm/examples/target/riscv32im-mozak-zkvm-elf/release/deps/stdin-285e8814ef7d8bc6.stdin.675c3df60f10ce83-cgu.0.rcgu.o:(.rodata..Lanon.82289a2ec32153b1e8b79c7ed5abc1ec.314)
b00044b8 b00044b8        b     1                 .Lanon.82289a2ec32153b1e8b79c7ed5abc1ec.314
b00044c3 b00044c3        6     1         /Users/user/Source/mozak/mozak-vm/examples/target/riscv32im-mozak-zkvm-elf/release/deps/stdin-285e8814ef7d8bc6.stdin.675c3df60f10ce83-cgu.0.rcgu.o:(.rodata..Lanon.82289a2ec32153b1e8b79c7ed5abc1ec.340)
b00044c3 b00044c3        6     1                 .Lanon.82289a2ec32153b1e8b79c7ed5abc1ec.340
b00044c9 b00044c9        5     1         /Users/user/Source/mozak/mozak-vm/examples/target/riscv32im-mozak-zkvm-elf/release/deps/stdin-285e8814ef7d8bc6.stdin.675c3df60f10ce83-cgu.0.rcgu.o:(.rodata..Lanon.82289a2ec32153b1e8b79c7ed5abc1ec.341)
b00044c9 b00044c9        5     1                 .Lanon.82289a2ec32153b1e8b79c7ed5abc1ec.341
b00044ce b00044ce       11     1         /Users/user/Source/mozak/mozak-vm/examples/target/riscv32im-mozak-zkvm-elf/release/deps/stdin-285e8814ef7d8bc6.stdin.675c3df60f10ce83-cgu.0.rcgu.o:(.rodata..Lanon.82289a2ec32153b1e8b79c7ed5abc1ec.345)
b00044ce b00044ce       11     1                 .Lanon.82289a2ec32153b1e8b79c7ed5abc1ec.345
b00044df b00044df        f     1         /Users/user/Source/mozak/mozak-vm/examples/target/riscv32im-mozak-zkvm-elf/release/deps/stdin-285e8814ef7d8bc6.stdin.675c3df60f10ce83-cgu.0.rcgu.o:(.rodata..Lanon.82289a2ec32153b1e8b79c7ed5abc1ec.346)
b00044df b00044df        f     1                 .Lanon.82289a2ec32153b1e8b79c7ed5abc1ec.346
b00044ee b00044ee        f     1         /Users/user/Source/mozak/mozak-vm/examples/target/riscv32im-mozak-zkvm-elf/release/deps/stdin-285e8814ef7d8bc6.stdin.675c3df60f10ce83-cgu.0.rcgu.o:(.rodata..Lanon.82289a2ec32153b1e8b79c7ed5abc1ec.347)
b00044ee b00044ee        f     1                 .Lanon.82289a2ec32153b1e8b79c7ed5abc1ec.347
b00044fd b00044fd       12     1         /Users/user/Source/mozak/mozak-vm/examples/target/riscv32im-mozak-zkvm-elf/release/deps/stdin-285e8814ef7d8bc6.stdin.675c3df60f10ce83-cgu.0.rcgu.o:(.rodata..Lanon.82289a2ec32153b1e8b79c7ed5abc1ec.348)
b00044fd b00044fd       12     1                 .Lanon.82289a2ec32153b1e8b79c7ed5abc1ec.348
b000450f b000450f       11     1         /Users/user/Source/mozak/mozak-vm/examples/target/riscv32im-mozak-zkvm-elf/release/deps/stdin-285e8814ef7d8bc6.stdin.675c3df60f10ce83-cgu.0.rcgu.o:(.rodata..Lanon.82289a2ec32153b1e8b79c7ed5abc1ec.349)
b000450f b000450f       11     1                 .Lanon.82289a2ec32153b1e8b79c7ed5abc1ec.349
b0004520 b0004520        c     1         /Users/user/Source/mozak/mozak-vm/examples/target/riscv32im-mozak-zkvm-elf/release/deps/stdin-285e8814ef7d8bc6.stdin.675c3df60f10ce83-cgu.0.rcgu.o:(.rodata..Lanon.82289a2ec32153b1e8b79c7ed5abc1ec.350)
b0004520 b0004520        c     1                 .Lanon.82289a2ec32153b1e8b79c7ed5abc1ec.350
b000452c b000452c        9     1         /Users/user/Source/mozak/mozak-vm/examples/target/riscv32im-mozak-zkvm-elf/release/deps/stdin-285e8814ef7d8bc6.stdin.675c3df60f10ce83-cgu.0.rcgu.o:(.rodata..Lanon.82289a2ec32153b1e8b79c7ed5abc1ec.351)
b000452c b000452c        9     1                 .Lanon.82289a2ec32153b1e8b79c7ed5abc1ec.351
b0004535 b0004535        b     1         /Users/user/Source/mozak/mozak-vm/examples/target/riscv32im-mozak-zkvm-elf/release/deps/stdin-285e8814ef7d8bc6.stdin.675c3df60f10ce83-cgu.0.rcgu.o:(.rodata..Lanon.82289a2ec32153b1e8b79c7ed5abc1ec.353)
b0004535 b0004535        b     1                 .Lanon.82289a2ec32153b1e8b79c7ed5abc1ec.353
b0004540 b0004540        a     1         /Users/user/Source/mozak/mozak-vm/examples/target/riscv32im-mozak-zkvm-elf/release/deps/stdin-285e8814ef7d8bc6.stdin.675c3df60f10ce83-cgu.0.rcgu.o:(.rodata..Lanon.82289a2ec32153b1e8b79c7ed5abc1ec.354)
b0004540 b0004540        a     1                 .Lanon.82289a2ec32153b1e8b79c7ed5abc1ec.354
b000454a b000454a        d     1         /Users/user/Source/mozak/mozak-vm/examples/target/riscv32im-mozak-zkvm-elf/release/deps/stdin-285e8814ef7d8bc6.stdin.675c3df60f10ce83-cgu.0.rcgu.o:(.rodata..Lanon.82289a2ec32153b1e8b79c7ed5abc1ec.355)
b000454a b000454a        d     1                 .Lanon.82289a2ec32153b1e8b79c7ed5abc1ec.355
b0004557 b0004557        a     1         /Users/user/Source/mozak/mozak-vm/examples/target/riscv32im-mozak-zkvm-elf/release/deps/stdin-285e8814ef7d8bc6.stdin.675c3df60f10ce83-cgu.0.rcgu.o:(.rodata..Lanon.82289a2ec32153b1e8b79c7ed5abc1ec.356)
b0004557 b0004557        a     1                 .Lanon.82289a2ec32153b1e8b79c7ed5abc1ec.356
b0004561 b0004561        d     1         /Users/user/Source/mozak/mozak-vm/examples/target/riscv32im-mozak-zkvm-elf/release/deps/stdin-285e8814ef7d8bc6.stdin.675c3df60f10ce83-cgu.0.rcgu.o:(.rodata..Lanon.82289a2ec32153b1e8b79c7ed5abc1ec.357)
b0004561 b0004561        d     1                 .Lanon.82289a2ec32153b1e8b79c7ed5abc1ec.357
b000456e b000456e        c     1         /Users/user/Source/mozak/mozak-vm/examples/target/riscv32im-mozak-zkvm-elf/release/deps/stdin-285e8814ef7d8bc6.stdin.675c3df60f10ce83-cgu.0.rcgu.o:(.rodata..Lanon.82289a2ec32153b1e8b79c7ed5abc1ec.358)
b000456e b000456e        c     1                 .Lanon.82289a2ec32153b1e8b79c7ed5abc1ec.358
b000457a b000457a       11     1         /Users/user/Source/mozak/mozak-vm/examples/target/riscv32im-mozak-zkvm-elf/release/deps/stdin-285e8814ef7d8bc6.stdin.675c3df60f10ce83-cgu.0.rcgu.o:(.rodata..Lanon.82289a2ec32153b1e8b79c7ed5abc1ec.359)
b000457a b000457a       11     1                 .Lanon.82289a2ec32153b1e8b79c7ed5abc1ec.359
b000458b b000458b       12     1         /Users/user/Source/mozak/mozak-vm/examples/target/riscv32im-mozak-zkvm-elf/release/deps/stdin-285e8814ef7d8bc6.stdin.675c3df60f10ce83-cgu.0.rcgu.o:(.rodata..Lanon.82289a2ec32153b1e8b79c7ed5abc1ec.360)
b000458b b000458b       12     1                 .Lanon.82289a2ec32153b1e8b79c7ed5abc1ec.360
b000459d b000459d        e     1         /Users/user/Source/mozak/mozak-vm/examples/target/riscv32im-mozak-zkvm-elf/release/deps/stdin-285e8814ef7d8bc6.stdin.675c3df60f10ce83-cgu.0.rcgu.o:(.rodata..Lanon.82289a2ec32153b1e8b79c7ed5abc1ec.361)
b000459d b000459d        e     1                 .Lanon.82289a2ec32153b1e8b79c7ed5abc1ec.361
b00045ab b00045ab       16     1         /Users/user/Source/mozak/mozak-vm/examples/target/riscv32im-mozak-zkvm-elf/release/deps/stdin-285e8814ef7d8bc6.stdin.675c3df60f10ce83-cgu.0.rcgu.o:(.rodata..Lanon.82289a2ec32153b1e8b79c7ed5abc1ec.362)
b00045ab b00045ab       16     1                 .Lanon.82289a2ec32153b1e8b79c7ed5abc1ec.362
b00045c1 b00045c1        c     1         /Users/user/Source/mozak/mozak-vm/examples/target/riscv32im-mozak-zkvm-elf/release/deps/stdin-285e8814ef7d8bc6.stdin.675c3df60f10ce83-cgu.0.rcgu.o:(.rodata..Lanon.82289a2ec32153b1e8b79c7ed5abc1ec.363)
b00045c1 b00045c1        c     1                 .Lanon.82289a2ec32153b1e8b79c7ed5abc1ec.363
b00045cd b00045cd        b     1         /Users/user/Source/mozak/mozak-vm/examples/target/riscv32im-mozak-zkvm-elf/release/deps/stdin-285e8814ef7d8bc6.stdin.675c3df60f10ce83-cgu.0.rcgu.o:(.rodata..Lanon.82289a2ec32153b1e8b79c7ed5abc1ec.364)
b00045cd b00045cd        b     1                 .Lanon.82289a2ec32153b1e8b79c7ed5abc1ec.364
b00045d8 b00045d8        9     1         /Users/user/Source/mozak/mozak-vm/examples/target/riscv32im-mozak-zkvm-elf/release/deps/stdin-285e8814ef7d8bc6.stdin.675c3df60f10ce83-cgu.0.rcgu.o:(.rodata..Lanon.82289a2ec32153b1e8b79c7ed5abc1ec.366)
b00045d8 b00045d8        9     1                 .Lanon.82289a2ec32153b1e8b79c7ed5abc1ec.366
b00045e1 b00045e1        b     1         /Users/user/Source/mozak/mozak-vm/examples/target/riscv32im-mozak-zkvm-elf/release/deps/stdin-285e8814ef7d8bc6.stdin.675c3df60f10ce83-cgu.0.rcgu.o:(.rodata..Lanon.82289a2ec32153b1e8b79c7ed5abc1ec.367)
b00045e1 b00045e1        b     1                 .Lanon.82289a2ec32153b1e8b79c7ed5abc1ec.367
b00045ec b00045ec        b     1         /Users/user/Source/mozak/mozak-vm/examples/target/riscv32im-mozak-zkvm-elf/release/deps/stdin-285e8814ef7d8bc6.stdin.675c3df60f10ce83-cgu.0.rcgu.o:(.rodata..Lanon.82289a2ec32153b1e8b79c7ed5abc1ec.368)
b00045ec b00045ec        b     1                 .Lanon.82289a2ec32153b1e8b79c7ed5abc1ec.368
b00045f7 b00045f7       17     1         /Users/user/Source/mozak/mozak-vm/examples/target/riscv32im-mozak-zkvm-elf/release/deps/stdin-285e8814ef7d8bc6.stdin.675c3df60f10ce83-cgu.0.rcgu.o:(.rodata..Lanon.82289a2ec32153b1e8b79c7ed5abc1ec.369)
b00045f7 b00045f7       17     1                 .Lanon.82289a2ec32153b1e8b79c7ed5abc1ec.369
b000460e b000460e        c     1         /Users/user/Source/mozak/mozak-vm/examples/target/riscv32im-mozak-zkvm-elf/release/deps/stdin-285e8814ef7d8bc6.stdin.675c3df60f10ce83-cgu.0.rcgu.o:(.rodata..Lanon.82289a2ec32153b1e8b79c7ed5abc1ec.370)
b000460e b000460e        c     1                 .Lanon.82289a2ec32153b1e8b79c7ed5abc1ec.370
b000461a b000461a        c     1         /Users/user/Source/mozak/mozak-vm/examples/target/riscv32im-mozak-zkvm-elf/release/deps/stdin-285e8814ef7d8bc6.stdin.675c3df60f10ce83-cgu.0.rcgu.o:(.rodata..Lanon.82289a2ec32153b1e8b79c7ed5abc1ec.371)
b000461a b000461a        c     1                 .Lanon.82289a2ec32153b1e8b79c7ed5abc1ec.371
b0004626 b0004626       12     1         /Users/user/Source/mozak/mozak-vm/examples/target/riscv32im-mozak-zkvm-elf/release/deps/stdin-285e8814ef7d8bc6.stdin.675c3df60f10ce83-cgu.0.rcgu.o:(.rodata..Lanon.82289a2ec32153b1e8b79c7ed5abc1ec.372)
b0004626 b0004626       12     1                 .Lanon.82289a2ec32153b1e8b79c7ed5abc1ec.372
b0004638 b0004638        e     1         /Users/user/Source/mozak/mozak-vm/examples/target/riscv32im-mozak-zkvm-elf/release/deps/stdin-285e8814ef7d8bc6.stdin.675c3df60f10ce83-cgu.0.rcgu.o:(.rodata..Lanon.82289a2ec32153b1e8b79c7ed5abc1ec.374)
b0004638 b0004638        e     1                 .Lanon.82289a2ec32153b1e8b79c7ed5abc1ec.374
b0004646 b0004646        c     1         /Users/user/Source/mozak/mozak-vm/examples/target/riscv32im-mozak-zkvm-elf/release/deps/stdin-285e8814ef7d8bc6.stdin.675c3df60f10ce83-cgu.0.rcgu.o:(.rodata..Lanon.82289a2ec32153b1e8b79c7ed5abc1ec.375)
b0004646 b0004646        c     1                 .Lanon.82289a2ec32153b1e8b79c7ed5abc1ec.375
b0004652 b0004652        f     1         /Users/user/Source/mozak/mozak-vm/examples/target/riscv32im-mozak-zkvm-elf/release/deps/stdin-285e8814ef7d8bc6.stdin.675c3df60f10ce83-cgu.0.rcgu.o:(.rodata..Lanon.82289a2ec32153b1e8b79c7ed5abc1ec.376)
b0004652 b0004652        f     1                 .Lanon.82289a2ec32153b1e8b79c7ed5abc1ec.376
b0004661 b0004661       13     1         /Users/user/Source/mozak/mozak-vm/examples/target/riscv32im-mozak-zkvm-elf/release/deps/stdin-285e8814ef7d8bc6.stdin.675c3df60f10ce83-cgu.0.rcgu.o:(.rodata..Lanon.82289a2ec32153b1e8b79c7ed5abc1ec.377)
b0004661 b0004661       13     1                 .Lanon.82289a2ec32153b1e8b79c7ed5abc1ec.377
b0004674 b0004674        b     1         /Users/user/Source/mozak/mozak-vm/examples/target/riscv32im-mozak-zkvm-elf/release/deps/stdin-285e8814ef7d8bc6.stdin.675c3df60f10ce83-cgu.0.rcgu.o:(.rodata..Lanon.82289a2ec32153b1e8b79c7ed5abc1ec.378)
b0004674 b0004674        b     1                 .Lanon.82289a2ec32153b1e8b79c7ed5abc1ec.378
b000467f b000467f        d     1         /Users/user/Source/mozak/mozak-vm/examples/target/riscv32im-mozak-zkvm-elf/release/deps/stdin-285e8814ef7d8bc6.stdin.675c3df60f10ce83-cgu.0.rcgu.o:(.rodata..Lanon.82289a2ec32153b1e8b79c7ed5abc1ec.379)
b000467f b000467f        d     1                 .Lanon.82289a2ec32153b1e8b79c7ed5abc1ec.379
b000468c b000468c        b     1         /Users/user/Source/mozak/mozak-vm/examples/target/riscv32im-mozak-zkvm-elf/release/deps/stdin-285e8814ef7d8bc6.stdin.675c3df60f10ce83-cgu.0.rcgu.o:(.rodata..Lanon.82289a2ec32153b1e8b79c7ed5abc1ec.380)
b000468c b000468c        b     1                 .Lanon.82289a2ec32153b1e8b79c7ed5abc1ec.380
b0004697 b0004697        5     1         /Users/user/Source/mozak/mozak-vm/examples/target/riscv32im-mozak-zkvm-elf/release/deps/stdin-285e8814ef7d8bc6.stdin.675c3df60f10ce83-cgu.0.rcgu.o:(.rodata..Lanon.82289a2ec32153b1e8b79c7ed5abc1ec.381)
b0004697 b0004697        5     1                 .Lanon.82289a2ec32153b1e8b79c7ed5abc1ec.381
b000469c b000469c        d     1         /Users/user/Source/mozak/mozak-vm/examples/target/riscv32im-mozak-zkvm-elf/release/deps/stdin-285e8814ef7d8bc6.stdin.675c3df60f10ce83-cgu.0.rcgu.o:(.rodata..Lanon.82289a2ec32153b1e8b79c7ed5abc1ec.382)
b000469c b000469c        d     1                 .Lanon.82289a2ec32153b1e8b79c7ed5abc1ec.382
b00046a9 b00046a9       38     1         /Users/user/Source/mozak/mozak-vm/examples/target/riscv32im-mozak-zkvm-elf/release/deps/stdin-285e8814ef7d8bc6.stdin.675c3df60f10ce83-cgu.0.rcgu.o:(.rodata..Lanon.82289a2ec32153b1e8b79c7ed5abc1ec.478)
b00046a9 b00046a9       38     1                 .Lanon.82289a2ec32153b1e8b79c7ed5abc1ec.478
b00046e4 b00046e4        8     4         /Users/user/Source/mozak/mozak-vm/examples/target/riscv32im-mozak-zkvm-elf/release/deps/stdin-285e8814ef7d8bc6.stdin.675c3df60f10ce83-cgu.0.rcgu.o:(.rodata..Lanon.82289a2ec32153b1e8b79c7ed5abc1ec.479)
b00046e4 b00046e4        8     1                 .Lanon.82289a2ec32153b1e8b79c7ed5abc1ec.479
b00046ec b00046ec       14     1         /Users/user/Source/mozak/mozak-vm/examples/target/riscv32im-mozak-zkvm-elf/release/deps/stdin-285e8814ef7d8bc6.stdin.675c3df60f10ce83-cgu.0.rcgu.o:(.rodata..Lanon.82289a2ec32153b1e8b79c7ed5abc1ec.480)
b00046ec b00046ec       14     1                 .Lanon.82289a2ec32153b1e8b79c7ed5abc1ec.480
b0004700 b0004700       21     1         /Users/user/Source/mozak/mozak-vm/examples/target/riscv32im-mozak-zkvm-elf/release/deps/stdin-285e8814ef7d8bc6.stdin.675c3df60f10ce83-cgu.0.rcgu.o:(.rodata..Lanon.82289a2ec32153b1e8b79c7ed5abc1ec.497)
b0004700 b0004700       21     1                 .Lanon.82289a2ec32153b1e8b79c7ed5abc1ec.497
b0004724 b0004724        8     4         /Users/user/Source/mozak/mozak-vm/examples/target/riscv32im-mozak-zkvm-elf/release/deps/stdin-285e8814ef7d8bc6.stdin.675c3df60f10ce83-cgu.0.rcgu.o:(.rodata..Lanon.82289a2ec32153b1e8b79c7ed5abc1ec.498)
b0004724 b0004724        8     1                 .Lanon.82289a2ec32153b1e8b79c7ed5abc1ec.498
b000472c b000472c       a4     4         /Users/user/Source/mozak/mozak-vm/examples/target/riscv32im-mozak-zkvm-elf/release/deps/stdin-285e8814ef7d8bc6.stdin.675c3df60f10ce83-cgu.0.rcgu.o:(.rodata..Lswitch.table._ZN62_$LT$std..io..error..ErrorKind$u20$as$u20$core..fmt..Debug$GT$3fmt17hee67fcd31c7a3432E)
b000472c b000472c       a4     1                 .Lswitch.table._ZN62_$LT$std..io..error..ErrorKind$u20$as$u20$core..fmt..Debug$GT$3fmt17hee67fcd31c7a3432E
b00047d0 b00047d0       a4     4         /Users/user/Source/mozak/mozak-vm/examples/target/riscv32im-mozak-zkvm-elf/release/deps/stdin-285e8814ef7d8bc6.stdin.675c3df60f10ce83-cgu.0.rcgu.o:(.rodata..Lswitch.table._ZN62_$LT$std..io..error..ErrorKind$u20$as$u20$core..fmt..Debug$GT$3fmt17hee67fcd31c7a3432E.202)
b00047d0 b00047d0       a4     1                 .Lswitch.table._ZN62_$LT$std..io..error..ErrorKind$u20$as$u20$core..fmt..Debug$GT$3fmt17hee67fcd31c7a3432E.202
b0004874 b0004874        0     1 _rodata_start = ADDR ( .rodata )
b0004874 b0004874        0     1 _rodata_end = _rodata_start + SIZEOF ( .rodata )
b0004874 b0004874        0     1 _mozak_stack_top = 0xFFFFFFFF
b0004874 b0004874        0     1 
